Loading /Users/jefffarr/emacs-gptel-shell-mode/config/core/defaults.el (source)...
Loading /Users/jefffarr/emacs-gptel-shell-mode/config/core/auth.el (source)...
Loading /Users/jefffarr/emacs-gptel-shell-mode/config/core/avy.el (source)...
Loading /Users/jefffarr/emacs-gptel-shell-mode/config/core/browser-hist.el (source)...
Loading /Users/jefffarr/emacs-gptel-shell-mode/config/core/ripgrep.el (source)...
Loading /Users/jefffarr/emacs-gptel-shell-mode/config/core/ultra-scroll.el (source)...
Loading /Users/jefffarr/emacs-gptel-shell-mode/config/core/expand-region.el (source)...
Loading /Users/jefffarr/emacs-gptel-shell-mode/config/core/evil.el (source)...
Loading /Users/jefffarr/emacs-gptel-shell-mode/config/core/completion.el (source)...
Loading /Users/jefffarr/emacs-gptel-shell-mode/config/core/completion/vertico.el (source)...
Loading /Users/jefffarr/emacs-gptel-shell-mode/runtime/recentf...
Cleaning up the recentf list...
Cleaning up the recentf list...done (0 removed)
Loading /Users/jefffarr/emacs-gptel-shell-mode/config/core/completion/consult.el (source)...
Loading /Users/jefffarr/emacs-gptel-shell-mode/config/core/completion/marginalia.el (source)...
Loading /Users/jefffarr/emacs-gptel-shell-mode/config/core/completion/embark.el (source)...
Loading /Users/jefffarr/emacs-gptel-shell-mode/config/core/completion/corfu-company.el (source)...
Loading /Users/jefffarr/emacs-gptel-shell-mode/config/core/completion/mini-frame.el (source)...
Loading /Users/jefffarr/emacs-gptel-shell-mode/config/core/window-management.el (source)...
Loading /Users/jefffarr/emacs-gptel-shell-mode/config/core/yasnippet.el (source)...
[yas] Prepared just-in-time loading of snippets successfully.
Loading /Users/jefffarr/emacs-gptel-shell-mode/config/core/testing.el (source)...
Loading /Users/jefffarr/emacs-gptel-shell-mode/config/core/buttercup.el (source)...
Buttercup testing framework loaded
Loading /Users/jefffarr/emacs-gptel-shell-mode/config/look-and-feel/look-and-feel.el (source)...
Loading /Users/jefffarr/emacs-gptel-shell-mode/config/look-and-feel/base-ui.el (source)...
Loading /Users/jefffarr/emacs-gptel-shell-mode/config/look-and-feel/frame-and-lines.el (source)...
Loading /Users/jefffarr/emacs-gptel-shell-mode/config/look-and-feel/modeline.el (source)...
Loading /Users/jefffarr/emacs-gptel-shell-mode/config/look-and-feel/themes.el (source)...
Loading /Users/jefffarr/emacs-gptel-shell-mode/config/look-and-feel/org-faces.el (source)...
Loading /Users/jefffarr/emacs-gptel-shell-mode/config/look-and-feel/terminal.el (source)...
Loading /Users/jefffarr/emacs-gptel-shell-mode/config/look-and-feel/vim-tab.el (source)...
Loading /Users/jefffarr/emacs-gptel-shell-mode/config/look-and-feel/imenu.el (source)...
Loading /Users/jefffarr/emacs-gptel-shell-mode/config/transient.el (source)...
=== TRANSIENT DEBUG ===
Before: transient loaded? nil
After: transient loaded from /Users/jefffarr/emacs-gptel-shell-mode/runtime/straight/build/transient/transient.elc
After: transient-version = undefined
After: has transient--set-layout? t
=== END TRANSIENT DEBUG ===
Loading /Users/jefffarr/emacs-gptel-shell-mode/config/activities/activities.el (source)...
Loading /Users/jefffarr/emacs-gptel-shell-mode/config/activities/core.el (source)...
Loading /Users/jefffarr/emacs-gptel-shell-mode/config/activities/projectile.el (source)...
Loading /Users/jefffarr/emacs-gptel-shell-mode/config/activities/org-roam.el (source)...
Loading /Users/jefffarr/emacs-gptel-shell-mode/config/activities/transient.el (source)...
Loading /Users/jefffarr/emacs-gptel-shell-mode/config/language-modes/language-modes.el (source)...
Loading /Users/jefffarr/emacs-gptel-shell-mode/config/language-modes/gtags.el (source)...
Loading /Users/jefffarr/emacs-gptel-shell-mode/config/language-modes/tree-sitter.el (source)...
tsc-dyn-get: Using source :github (:loaded nil :recorded 0.19.4 :requested 0.19.4)
tsc-dyn-get: Recorded version already satifies requested -> loading
tree-sitter-langs: Grammar bundle v0.13.17 was already installed; skipped
Loading /Users/jefffarr/emacs-gptel-shell-mode/config/language-modes/lsp-mode.el (source)...
Loading /Users/jefffarr/emacs-gptel-shell-mode/config/language-modes/projectile.el (source)...
Loading /Users/jefffarr/emacs-gptel-shell-mode/config/language-modes/copilot.el (source)...
Loading /Users/jefffarr/emacs-gptel-shell-mode/config/language-modes/yaml.el (source)...
Loading /Users/jefffarr/emacs-gptel-shell-mode/config/language-modes/json.el (source)...
Loading /Users/jefffarr/emacs-gptel-shell-mode/config/language-modes/markdown-mode.el (source)...
Loading /Users/jefffarr/emacs-gptel-shell-mode/config/language-modes/terraform.el (source)...
Loading /Users/jefffarr/emacs-gptel-shell-mode/config/language-modes/puppet-mode.el (source)...
Loading /Users/jefffarr/emacs-gptel-shell-mode/config/language-modes/python.el (source)...
Loading /Users/jefffarr/emacs-gptel-shell-mode/config/language-modes/typescript.el (source)...
Loading /Users/jefffarr/emacs-gptel-shell-mode/config/language-modes/javascript.el (source)...
Loading /Users/jefffarr/emacs-gptel-shell-mode/config/language-modes/golang.el (source)...
Loading /Users/jefffarr/emacs-gptel-shell-mode/config/language-modes/sql.el (source)...
Loading /Users/jefffarr/emacs-gptel-shell-mode/config/language-modes/docker.el (source)...
Loading /Users/jefffarr/emacs-gptel-shell-mode/config/major-modes/magit.el (source)...
Loading /Users/jefffarr/emacs-gptel-shell-mode/config/major-modes/org.el (source)...
org-super-agenda-mode enabled.
ATTENTION: org-noter-pdf has many featues that depend on the package ‘pdf-tools’
ATTENTION: org-noter-nov needs the package ‘nov’
ATTENTION: org-noter-djvu needs the package ‘djvu’
Loading /Users/jefffarr/emacs-gptel-shell-mode/config/major-modes/org-roam.el (source)...
Clearing removed files... 
Clearing removed files...done
Processing modified files... 
Processing modified files...done
Loading /Users/jefffarr/emacs-gptel-shell-mode/config/major-modes/dirvish.el (source)...
Loading /Users/jefffarr/emacs-gptel-shell-mode/config/bash-parser/bash-parser.el (source)...
Loading /Users/jefffarr/emacs-gptel-shell-mode/config/gptel/chat/chat.el (source)...
Loading /Users/jefffarr/emacs-gptel-shell-mode/config/gptel/chat/mode.el (source)...
Loading /Users/jefffarr/emacs-gptel-shell-mode/config/gptel/chat/parser.el (source)...
Loading /Users/jefffarr/emacs-gptel-shell-mode/config/gptel/chat/stream.el (source)...
Loading /Users/jefffarr/emacs-gptel-shell-mode/config/gptel/chat/send.el (source)...
Loading /Users/jefffarr/emacs-gptel-shell-mode/config/gptel/chat/nav.el (source)...
Loading /Users/jefffarr/emacs-gptel-shell-mode/config/gptel/chat/display.el (source)...
Loading /Users/jefffarr/emacs-gptel-shell-mode/config/gptel/chat/menu.el (source)...
Loading /Users/jefffarr/emacs-gptel-shell-mode/config/gptel/gptel.el (source)...
Loading /Users/jefffarr/emacs-gptel-shell-mode/config/gptel/skills/skills-core.el (source)...
Checking org-roam skills: featurep=nil enabled=unbound
Loaded 13 skill(s) total (13 markdown, 0 org-roam)
Checking org-roam skills: featurep=nil enabled=unbound
Loaded 13 skill(s) total (13 markdown, 0 org-roam)
Loading /Users/jefffarr/emacs-gptel-shell-mode/config/gptel/skills/skills-roam.el (source)...
Loading /Users/jefffarr/emacs-gptel-shell-mode/config/gptel/skills/skills-transient.el (source)...
Loading /Users/jefffarr/emacs-gptel-shell-mode/config/gptel/sessions/constants.el (source)...
Loading /Users/jefffarr/emacs-gptel-shell-mode/config/gptel/sessions/logging.el (source)...
Loading /Users/jefffarr/emacs-gptel-shell-mode/config/gptel/preset-registration.el (source)...
[GPTEL-INFO] Registered 8 presets from /Users/jefffarr/emacs-gptel-shell-mode/config/gptel/presets/
Loading /Users/jefffarr/emacs-gptel-shell-mode/config/gptel/scope/scope-yaml.el (source)...
Loading /Users/jefffarr/emacs-gptel-shell-mode/config/gptel/scope-profiles.el (source)...
Loading /Users/jefffarr/emacs-gptel-shell-mode/config/gptel/scope/scope-metadata.el (source)...
Loading /Users/jefffarr/emacs-gptel-shell-mode/config/gptel/scope/scope-validation.el (source)...
Loading /Users/jefffarr/emacs-gptel-shell-mode/config/gptel/scope/scope-tool-wrapper.el (source)...
Loading /Users/jefffarr/emacs-gptel-shell-mode/config/gptel/tools/filesystem-tools.el (source)...
Loading /Users/jefffarr/emacs-gptel-shell-mode/config/gptel/tools/projectile-tools.el (source)...
Loading /Users/jefffarr/emacs-gptel-shell-mode/config/gptel/tools/ggtags-tools.el (source)...
Loading /Users/jefffarr/emacs-gptel-shell-mode/config/gptel/tools/treesitter-tools.el (source)...
Loading /Users/jefffarr/emacs-gptel-shell-mode/config/gptel/tools/org-roam-tools.el (source)...
Loading /Users/jefffarr/emacs-gptel-shell-mode/config/gptel/tools/sql-tools.el (source)...
Loading /Users/jefffarr/emacs-gptel-shell-mode/config/gptel/tools/meta-tools.el (source)...
Loading /Users/jefffarr/emacs-gptel-shell-mode/config/gptel/tools/community-tools.el (source)...
Loading /Users/jefffarr/emacs-gptel-shell-mode/config/gptel/tools/transient-tools.el (source)...
Loading /Users/jefffarr/emacs-gptel-shell-mode/config/gptel/sessions/filesystem.el (source)...
Loading /Users/jefffarr/emacs-gptel-shell-mode/config/gptel/sessions/registry.el (source)...
Loading /Users/jefffarr/emacs-gptel-shell-mode/config/gptel/sessions/metadata.el (source)...
Loading /Users/jefffarr/emacs-gptel-shell-mode/config/gptel/sessions/branching.el (source)...
Loading /Users/jefffarr/emacs-gptel-shell-mode/config/gptel/scope/scope-expansion.el (source)...
Loading /Users/jefffarr/emacs-gptel-shell-mode/config/gptel/scope/scope-shell-tools.el (source)...
Loading /Users/jefffarr/emacs-gptel-shell-mode/config/gptel/tools/persistent-agent.el (source)...
Loading /Users/jefffarr/emacs-gptel-shell-mode/config/gptel/sessions/commands.el (source)...
Loading /Users/jefffarr/emacs-gptel-shell-mode/config/gptel/scope/scope-filesystem-tools.el (source)...
Loading /Users/jefffarr/emacs-gptel-shell-mode/config/gptel/sessions/activities-integration.el (source)...
Loading /Users/jefffarr/emacs-gptel-shell-mode/config/local/personal.el (source)...
Loading: /Users/jefffarr/emacs-gptel-shell-mode/config/bash-parser/research/test-semantic-gaps.el
Loading /Users/jefffarr/emacs-gptel-shell-mode/config/bash-parser/research/test-semantic-gaps.el (source)...

Loading: /Users/jefffarr/emacs-gptel-shell-mode/config/bash-parser/test/behavioral/test-backward-compatibility.el
Loading /Users/jefffarr/emacs-gptel-shell-mode/config/bash-parser/test/behavioral/test-backward-compatibility.el (source)...
Loading: /Users/jefffarr/emacs-gptel-shell-mode/config/bash-parser/test/behavioral/test-command-injection.el
Loading /Users/jefffarr/emacs-gptel-shell-mode/config/bash-parser/test/behavioral/test-command-injection.el (source)...
Loading: /Users/jefffarr/emacs-gptel-shell-mode/config/bash-parser/test/behavioral/test-file-operations.el
Loading /Users/jefffarr/emacs-gptel-shell-mode/config/bash-parser/test/behavioral/test-file-operations.el (source)...
Loading: /Users/jefffarr/emacs-gptel-shell-mode/config/bash-parser/test/behavioral/test-security-validator.el
Loading /Users/jefffarr/emacs-gptel-shell-mode/config/bash-parser/test/behavioral/test-security-validator.el (source)...
Loading: /Users/jefffarr/emacs-gptel-shell-mode/config/bash-parser/test/construct/test-conditional-context.el
Loading /Users/jefffarr/emacs-gptel-shell-mode/config/bash-parser/test/construct/test-conditional-context.el (source)...
Loading: /Users/jefffarr/emacs-gptel-shell-mode/config/bash-parser/test/construct/test-directory-changing-commands.el
Loading /Users/jefffarr/emacs-gptel-shell-mode/config/bash-parser/test/construct/test-directory-changing-commands.el (source)...
Loading: /Users/jefffarr/emacs-gptel-shell-mode/config/bash-parser/test/construct/test-heredoc-context.el
Loading /Users/jefffarr/emacs-gptel-shell-mode/config/bash-parser/test/construct/test-heredoc-context.el (source)...
Loading: /Users/jefffarr/emacs-gptel-shell-mode/config/bash-parser/test/construct/test-loop-context.el
Loading /Users/jefffarr/emacs-gptel-shell-mode/config/bash-parser/test/construct/test-loop-context.el (source)...
Loading: /Users/jefffarr/emacs-gptel-shell-mode/config/bash-parser/test/construct/test-pwd-directory-context.el
Loading /Users/jefffarr/emacs-gptel-shell-mode/config/bash-parser/test/construct/test-pwd-directory-context.el (source)...
Loading: /Users/jefffarr/emacs-gptel-shell-mode/config/bash-parser/test/corpus/runners/test-corpus-file-operations.el
Loading /Users/jefffarr/emacs-gptel-shell-mode/config/bash-parser/test/corpus/runners/test-corpus-file-operations.el (source)...
Loading: /Users/jefffarr/emacs-gptel-shell-mode/config/bash-parser/test/corpus/runners/test-corpus-parse.el
Loading /Users/jefffarr/emacs-gptel-shell-mode/config/bash-parser/test/corpus/runners/test-corpus-parse.el (source)...
Loading: /Users/jefffarr/emacs-gptel-shell-mode/config/bash-parser/test/corpus/runners/test-corpus-script-execution.el
Loading /Users/jefffarr/emacs-gptel-shell-mode/config/bash-parser/test/corpus/runners/test-corpus-script-execution.el (source)...
Loading: /Users/jefffarr/emacs-gptel-shell-mode/config/bash-parser/test/integration/test-command-substitution.el
Loading /Users/jefffarr/emacs-gptel-shell-mode/config/bash-parser/test/integration/test-command-substitution.el (source)...
Loading: /Users/jefffarr/emacs-gptel-shell-mode/config/bash-parser/test/integration/test-expect-file-ops-validation.el
Loading /Users/jefffarr/emacs-gptel-shell-mode/config/bash-parser/test/integration/test-expect-file-ops-validation.el (source)...
Loading: /Users/jefffarr/emacs-gptel-shell-mode/config/bash-parser/test/integration/test-find-exec-patterns.el
Loading /Users/jefffarr/emacs-gptel-shell-mode/config/bash-parser/test/integration/test-find-exec-patterns.el (source)...
Loading: /Users/jefffarr/emacs-gptel-shell-mode/config/bash-parser/test/integration/test-pattern-flow.el
Loading /Users/jefffarr/emacs-gptel-shell-mode/config/bash-parser/test/integration/test-pattern-flow.el (source)...
Loading: /Users/jefffarr/emacs-gptel-shell-mode/config/bash-parser/test/integration/test-treesitter-workarounds.el
Loading /Users/jefffarr/emacs-gptel-shell-mode/config/bash-parser/test/integration/test-treesitter-workarounds.el (source)...
Loading: /Users/jefffarr/emacs-gptel-shell-mode/config/bash-parser/test/unit/analysis/test-input-validation.el
Loading /Users/jefffarr/emacs-gptel-shell-mode/config/bash-parser/test/unit/analysis/test-input-validation.el (source)...
Loading: /Users/jefffarr/emacs-gptel-shell-mode/config/bash-parser/test/unit/analysis/test-parser-extension.el
Loading /Users/jefffarr/emacs-gptel-shell-mode/config/bash-parser/test/unit/analysis/test-parser-extension.el (source)...
Loading /Users/jefffarr/emacs-gptel-shell-mode/config/bash-parser/bash-parser.el (source)...
Loading: /Users/jefffarr/emacs-gptel-shell-mode/config/bash-parser/test/unit/core/test-ast-structure-dump.el
Loading /Users/jefffarr/emacs-gptel-shell-mode/config/bash-parser/test/unit/core/test-ast-structure-dump.el (source)...
Loading: /Users/jefffarr/emacs-gptel-shell-mode/config/bash-parser/test/unit/core/test-ast-traversal-completeness.el
Loading /Users/jefffarr/emacs-gptel-shell-mode/config/bash-parser/test/unit/core/test-ast-traversal-completeness.el (source)...
Loading: /Users/jefffarr/emacs-gptel-shell-mode/config/bash-parser/test/unit/core/test-coverage.el
Loading /Users/jefffarr/emacs-gptel-shell-mode/config/bash-parser/test/unit/core/test-coverage.el (source)...
Loading: /Users/jefffarr/emacs-gptel-shell-mode/config/bash-parser/test/unit/core/test-glob-matching.el
Loading /Users/jefffarr/emacs-gptel-shell-mode/config/bash-parser/test/unit/core/test-glob-matching.el (source)...
Loading: /Users/jefffarr/emacs-gptel-shell-mode/config/bash-parser/test/unit/semantic/test-variable-chain-ampersand.el
Loading /Users/jefffarr/emacs-gptel-shell-mode/config/bash-parser/test/unit/semantic/test-variable-chain-ampersand.el (source)...
Loading: /Users/jefffarr/emacs-gptel-shell-mode/config/bash-parser/test/unit/semantic/test-variable-resolution-unit.el
Loading /Users/jefffarr/emacs-gptel-shell-mode/config/bash-parser/test/unit/semantic/test-variable-resolution-unit.el (source)...
Loading: /Users/jefffarr/emacs-gptel-shell-mode/config/bash-parser/test/test-assertions.el
Loading /Users/jefffarr/emacs-gptel-shell-mode/config/bash-parser/test/test-assertions.el (source)...
Loading: /Users/jefffarr/emacs-gptel-shell-mode/config/bash-parser/test/test-helper.el
Loading /Users/jefffarr/emacs-gptel-shell-mode/config/bash-parser/test/test-helper.el (source)...
Loading: /Users/jefffarr/emacs-gptel-shell-mode/config/gptel/scope/test/test-callback-closure.el
Loading /Users/jefffarr/emacs-gptel-shell-mode/config/gptel/scope/test/test-callback-closure.el (source)...
Loading: /Users/jefffarr/emacs-gptel-shell-mode/config/gptel/tools/test/test-arg-extraction-spec.el
Loading /Users/jefffarr/emacs-gptel-shell-mode/config/gptel/tools/test/test-arg-extraction-spec.el (source)...
Running 599 tests (2026-04-20 20:40:04+0200, selector ‘t’)
   passed    1/599  jf/bash-parser-test-background-001 (0.002457 sec)
   passed    2/599  jf/bash-parser-test-background-002 (0.002054 sec)
   passed    3/599  jf/bash-parser-test-chain-001 (0.002068 sec)
   passed    4/599  jf/bash-parser-test-chain-002 (0.002090 sec)
   passed    5/599  jf/bash-parser-test-chain-003 (0.002068 sec)
   passed    6/599  jf/bash-parser-test-chain-004 (0.002073 sec)
   passed    7/599  jf/bash-parser-test-complex-001 (0.002061 sec)
   passed    8/599  jf/bash-parser-test-complex-002 (0.004052 sec)
   passed    9/599  jf/bash-parser-test-complex-003 (0.002062 sec)
   passed   10/599  jf/bash-parser-test-complex-004 (0.002066 sec)
   passed   11/599  jf/bash-parser-test-complex-005 (0.002047 sec)
   passed   12/599  jf/bash-parser-test-dangerous-001 (0.002023 sec)
   passed   13/599  jf/bash-parser-test-dangerous-002 (0.002080 sec)
   passed   14/599  jf/bash-parser-test-find-001 (0.002088 sec)
   passed   15/599  jf/bash-parser-test-find-002 (0.002107 sec)
   passed   16/599  jf/bash-parser-test-find-003 (0.002098 sec)
   passed   17/599  jf/bash-parser-test-find-004 (0.002077 sec)
   passed   18/599  jf/bash-parser-test-git-001 (0.002010 sec)
   passed   19/599  jf/bash-parser-test-git-002 (0.001959 sec)
   passed   20/599  jf/bash-parser-test-git-003 (0.002004 sec)
   passed   21/599  jf/bash-parser-test-git-004 (0.002097 sec)
   passed   22/599  jf/bash-parser-test-git-005 (0.002097 sec)
   passed   23/599  jf/bash-parser-test-glob-001 (0.002057 sec)
   passed   24/599  jf/bash-parser-test-glob-002 (0.002048 sec)
   passed   25/599  jf/bash-parser-test-glob-003 (0.002105 sec)
   passed   26/599  jf/bash-parser-test-glob-004 (0.002118 sec)
   passed   27/599  jf/bash-parser-test-glob-005 (0.002100 sec)
   passed   28/599  jf/bash-parser-test-glob-006 (0.002089 sec)
   passed   29/599  jf/bash-parser-test-heredoc-001 (0.002136 sec)
   passed   30/599  jf/bash-parser-test-manual-basic (0.002089 sec)
   passed   31/599  jf/bash-parser-test-manual-dangerous-git-push (0.002147 sec)
   passed   32/599  jf/bash-parser-test-manual-dangerous-rm (0.002106 sec)
   passed   33/599  jf/bash-parser-test-manual-git-subcommand (0.002110 sec)
   passed   34/599  jf/bash-parser-test-pipeline-001 (0.002123 sec)
   passed   35/599  jf/bash-parser-test-pipeline-002 (0.002214 sec)
   passed   36/599  jf/bash-parser-test-pipeline-003 (0.002138 sec)
   passed   37/599  jf/bash-parser-test-quote-001 (0.002111 sec)
   passed   38/599  jf/bash-parser-test-quote-002 (0.002161 sec)
   passed   39/599  jf/bash-parser-test-quote-003 (0.002095 sec)
   passed   40/599  jf/bash-parser-test-quote-004 (0.002259 sec)
   passed   41/599  jf/bash-parser-test-quote-005 (0.002038 sec)
   passed   42/599  jf/bash-parser-test-redirect-001 (0.002002 sec)
   passed   43/599  jf/bash-parser-test-redirect-002 (0.001980 sec)
   passed   44/599  jf/bash-parser-test-redirect-003 (0.001992 sec)
   passed   45/599  jf/bash-parser-test-redirect-004 (0.002016 sec)
   passed   46/599  jf/bash-parser-test-redirect-005 (0.002035 sec)
   passed   47/599  jf/bash-parser-test-redirect-006 (0.002051 sec)
   passed   48/599  jf/bash-parser-test-simple-001 (0.002005 sec)
   passed   49/599  jf/bash-parser-test-simple-002 (0.002028 sec)
   passed   50/599  jf/bash-parser-test-simple-003 (0.002050 sec)
   passed   51/599  jf/bash-parser-test-simple-004 (0.002060 sec)
   passed   52/599  jf/bash-parser-test-substitution-001 (0.004030 sec)
   passed   53/599  jf/bash-parser-test-substitution-002 (0.004139 sec)
   passed   54/599  jf/bash-parser-test-substitution-003 (0.004130 sec)
   passed   55/599  jf/bash-parser-test-variable-001 (0.002070 sec)
   passed   56/599  jf/bash-parser-test-variable-002 (0.002054 sec)
   passed   57/599  jf/bash-parser-test-variable-003 (0.002074 sec)
   passed   58/599  jf/bash-parser-test-variable-004 (0.002045 sec)
   passed   59/599  jf/bash-parser-test-variable-005 (0.002053 sec)
   passed   60/599  jf/bash-parser-test-variable-006 (0.002112 sec)
   passed   61/599  jf/bash-parser-test-variable-007 (0.002071 sec)
   passed   62/599  jf/bash-parser-test-variable-008 (0.002049 sec)
   passed   63/599  jf/bash-parser-test-wrapper-001 (0.002061 sec)
   passed   64/599  jf/bash-parser-test-wrapper-002 (0.002048 sec)
   passed   65/599  jf/bash-parser-test-wrapper-003 (0.002060 sec)
   passed   66/599  jf/bash-parser-test-wrapper-004 (0.002084 sec)
   passed   67/599  test-arithmetic-expansion-still-works (0.002066 sec)
AND chain: 11 total nodes, 11 visited
   passed   68/599  test-ast-traversal-and-chain (0.002077 sec)
Command substitution: 10 total nodes, 10 visited
   passed   69/599  test-ast-traversal-command-substitution (0.002085 sec)
Command with args: 7 total nodes, 7 visited
   passed   70/599  test-ast-traversal-command-with-args (0.002105 sec)
Complex chain: 20 total nodes, 20 visited
   passed   71/599  test-ast-traversal-complex-chain (0.002058 sec)
Multiple redirections: 15 total nodes, 15 visited
   passed   72/599  test-ast-traversal-multiple-redirections (0.002066 sec)
Nested subshells: 11 total nodes, 11 visited
   passed   73/599  test-ast-traversal-nested-subshells (0.002042 sec)
Nested substitution: 16 total nodes, 16 visited
   passed   74/599  test-ast-traversal-nested-substitution (0.002053 sec)
OR chain: 12 total nodes, 12 visited
   passed   75/599  test-ast-traversal-or-chain (0.002033 sec)
Output redirection: 9 total nodes, 9 visited
   passed   76/599  test-ast-traversal-output-redirection (0.002057 sec)
Find with exec: 13 total nodes, 13 visited
   passed   77/599  test-ast-traversal-real-world-find-exec (0.002039 sec)
Real git commit: 22 total nodes, 22 visited
   passed   78/599  test-ast-traversal-real-world-git-commit (0.002078 sec)
Pipeline+chain combo: 21 total nodes, 21 visited
   passed   79/599  test-ast-traversal-real-world-pipeline-chain-combo (0.002054 sec)
All node types: (">" "file_redirect" "|" "word" "command_name" "command" "pipeline" "redirected_statement" "program")
Visited node types: (">" "file_redirect" "|" "word" "command_name" "command" "pipeline" "redirected_statement" "program")
   passed   80/599  test-ast-traversal-reports-all-node-types (0.002091 sec)
Simple command: 5 total nodes, 5 visited
   passed   81/599  test-ast-traversal-simple-command (0.002047 sec)
Simple pipeline: 11 total nodes, 11 visited
   passed   82/599  test-ast-traversal-simple-pipeline (0.002039 sec)
Subshell: 13 total nodes, 13 visited
   passed   83/599  test-ast-traversal-subshell (0.002050 sec)
Three-stage pipeline: 15 total nodes, 15 visited
   passed   84/599  test-ast-traversal-three-stage-pipeline (0.002140 sec)
   passed   85/599  test-backward-compat-copy-command (0.002176 sec)
   passed   86/599  test-backward-compat-corpus-delete-operations (0.004196 sec)
   passed   87/599  test-backward-compat-corpus-read-operations (0.006289 sec)
   passed   88/599  test-backward-compat-corpus-write-operations (0.004223 sec)
   passed   89/599  test-backward-compat-pipeline (0.002449 sec)
   passed   90/599  test-backward-compat-simple-delete (0.002080 sec)
   passed   91/599  test-backward-compat-simple-read (0.002048 sec)
   passed   92/599  test-backward-compat-simple-write (0.002081 sec)
   passed   93/599  test-backward-compat-unresolved-variables (0.002093 sec)
   passed   94/599  test-backward-compat-variable-resolution (0.002116 sec)
   passed   95/599  test-callback-closure-basic (0.000025 sec)
   passed   96/599  test-callback-closure-preserved-in-transient (0.000049 sec)
   passed   97/599  test-cd-absolute-path-multiple-operations (0.002273 sec)
   passed   98/599  test-cd-absolute-path-simple (0.002142 sec)
   passed   99/599  test-cd-absolute-path-with-relative-file (0.002290 sec)
   passed  100/599  test-cd-and-run-script (0.002150 sec)
   passed  101/599  test-cd-conditional-both-branches (0.008294 sec)
   passed  102/599  test-cd-empty-string (0.002170 sec)
   passed  103/599  test-cd-for-loop-files (0.004315 sec)
   passed  104/599  test-cd-in-if-statement (0.008317 sec)
   passed  105/599  test-cd-no-args (0.002177 sec)
   passed  106/599  test-cd-relative-path-current-dir (0.002198 sec)
   passed  107/599  test-cd-relative-path-dot-slash (0.002187 sec)
   passed  108/599  test-cd-relative-path-parent (0.002225 sec)
   passed  109/599  test-cd-relative-path-subdir (0.002154 sec)
   passed  110/599  test-cd-semicolon-separator (0.002196 sec)
   passed  111/599  test-cd-sequence-relative-after-absolute (0.002191 sec)
   passed  112/599  test-cd-sequence-two-cds (0.002206 sec)
   passed  113/599  test-cd-to-file-not-directory (0.002191 sec)
   passed  114/599  test-cd-with-command-substitution (0.004244 sec)
   passed  115/599  test-cd-with-dash (0.002172 sec)
   passed  116/599  test-cd-with-operations-between (0.002260 sec)
   passed  117/599  test-cd-with-or-fallback (0.002160 sec)
   passed  118/599  test-cd-with-pwd-variable (0.002131 sec)
   passed  119/599  test-cd-with-tilde (0.002115 sec)
   passed  120/599  test-cd-with-variable-absolute (0.002143 sec)
   passed  121/599  test-cd-with-variable-relative (0.002117 sec)
   passed  122/599  test-cmdsub-backtick-syntax (0.004140 sec)
   passed  123/599  test-cmdsub-cat-wc (0.004095 sec)
   passed  124/599  test-cmdsub-conditional-inside (0.004046 sec)
   passed  125/599  test-cmdsub-cp-two-which (0.006236 sec)
   passed  126/599  test-cmdsub-find-pipe-wc (0.004308 sec)
   passed  127/599  test-cmdsub-find-sort (0.004163 sec)
   passed  128/599  test-cmdsub-for-loop-basename (0.004096 sec)
   passed  129/599  test-cmdsub-for-loop-find (0.004154 sec)
   passed  130/599  test-cmdsub-git-commit-message (0.004199 sec)
   passed  131/599  test-cmdsub-in-arithmetic (0.004163 sec)
   passed  132/599  test-cmdsub-in-double-quotes (0.004123 sec)
   passed  133/599  test-cmdsub-in-heredoc (0.004112 sec)
   passed  134/599  test-cmdsub-in-test-conditional (0.004148 sec)
   passed  135/599  test-cmdsub-multi-stage-pipe (0.004055 sec)
   failed  136/599  test-cmdsub-nested-backticks (0.004050 sec)
   passed  137/599  test-cmdsub-nested-basename (0.008277 sec)
   passed  138/599  test-cmdsub-nested-dirname-which (0.008134 sec)
   passed  139/599  test-cmdsub-nested-find (0.004052 sec)
   passed  140/599  test-cmdsub-nested-quotes (0.004056 sec)
   passed  141/599  test-cmdsub-recursive-depth-limiting (0.014203 sec)
   passed  142/599  test-cmdsub-recursive-find-parse (0.004098 sec)
   passed  143/599  test-cmdsub-recursive-parsing-empty (0.002078 sec)
   passed  144/599  test-cmdsub-recursive-parsing-nested (0.008210 sec)
   passed  145/599  test-cmdsub-recursive-parsing-simple (0.004083 sec)
   passed  146/599  test-cmdsub-triple-nesting (0.016264 sec)
   passed  147/599  test-cmdsub-two-with-globs (0.006007 sec)
   passed  148/599  test-cmdsub-variable-assignment (0.003916 sec)
   passed  149/599  test-cmdsub-with-pipe-inside (0.004371 sec)
   passed  150/599  test-conditional-command-based (0.008057 sec)
   passed  151/599  test-conditional-directory-test (0.006213 sec)
   passed  152/599  test-conditional-else-branch (0.008395 sec)
   passed  153/599  test-conditional-executable-test (0.006183 sec)
   passed  154/599  test-conditional-exists-test (0.006242 sec)
   passed  155/599  test-conditional-readable-test (0.006291 sec)
   passed  156/599  test-conditional-test-vs-branch (0.006419 sec)
   passed  157/599  test-conditional-then-branch (0.006334 sec)
   passed  158/599  test-conditional-with-simple-path (0.006246 sec)
   passed  159/599  test-conditional-writable-test (0.006333 sec)
   passed  160/599  test-confidence-degradation-for-unresolved (0.002146 sec)
   passed  161/599  test-confidence-high-for-fully-resolved (0.002203 sec)
   passed  162/599  test-corpus-archive-001 (0.002200 sec)
   passed  163/599  test-corpus-archive-002 (0.002154 sec)
   passed  164/599  test-corpus-archive-003 (0.002188 sec)
   passed  165/599  test-corpus-chain-001 (0.002262 sec)
   passed  166/599  test-corpus-chain-002 (0.002342 sec)
   passed  167/599  test-corpus-chain-003 (0.002110 sec)
   passed  168/599  test-corpus-copy-001 (0.002013 sec)
   passed  169/599  test-corpus-copy-002 (0.002042 sec)
   passed  170/599  test-corpus-copy-003 (0.002104 sec)
   passed  171/599  test-corpus-delete-001 (0.002032 sec)
   passed  172/599  test-corpus-delete-002 (0.002074 sec)
   passed  173/599  test-corpus-delete-003 (0.002061 sec)
   passed  174/599  test-corpus-delete-004 (0.002201 sec)
   passed  175/599  test-corpus-directory-001 (0.002083 sec)
   passed  176/599  test-corpus-directory-002 (0.002096 sec)
   passed  177/599  test-corpus-find-001 (0.002129 sec)
   passed  178/599  test-corpus-find-002 (0.002136 sec)
   passed  179/599  test-corpus-find-003 (0.002123 sec)
   passed  180/599  test-corpus-git-001 (0.002114 sec)
   passed  181/599  test-corpus-git-002 (0.002069 sec)
   passed  182/599  test-corpus-git-003 (0.002180 sec)
   passed  183/599  test-corpus-git-004 (0.002104 sec)
   passed  184/599  test-corpus-glob-001 (0.002150 sec)
   passed  185/599  test-corpus-glob-002 (0.002053 sec)
   passed  186/599  test-corpus-glob-003 (0.002077 sec)
   passed  187/599  test-corpus-glob-004 (0.002103 sec)
Corpus jf/bash-command-substitution-corpus: 2/23 tests have :expect-file-ops
Corpus jf/bash-combined-patterns-corpus: 1/39 tests have :expect-file-ops
Corpus jf/bash-conditional-corpus: 1/18 tests have :expect-file-ops
Corpus jf/bash-for-loop-corpus: 1/27 tests have :expect-file-ops
Corpus jf/bash-heredoc-corpus: 1/23 tests have :expect-file-ops
Total tests with :expect-file-ops: 6
   passed  188/599  test-corpus-has-expect-file-ops (0.000084 sec)
   passed  189/599  test-corpus-integration-001 (0.014613 sec)
Test test-corpus-integration-002 backtrace:
  error("Test %s (%s): expected %d operations, got %d\nExpected: %S\nA
  (if (= (length expected-ops) (length actual-ops)) nil (error "Test %
  (let* ((test-id (plist-get test-case :id)) (command (plist-get test-
  jf/test-run-corpus-case((:id "integration-002" :command "cat $(find 
  #f(lambda () [t] (jf/test-run-corpus-case (seq-find #'(lambda ... ..
  #f(compiled-function () #<bytecode -0x181284123a6d5d54>)()
  handler-bind-1(#f(compiled-function () #<bytecode -0x181284123a6d5d5
  ert--run-test-internal(#s(ert--test-execution-info :test #s(ert-test
  ert-run-test(#s(ert-test :name test-corpus-integration-002 :document
  ert-run-or-rerun-test(#s(ert--stats :selector t :tests ... :test-map
  ert-run-tests(t #f(compiled-function (event-type &rest event-args) #
  ert-run-tests-batch(nil)
  ert-run-tests-batch-and-exit()
  (let ((test-files (jf/test-find-test-files))) (let ((tail test-files
  jf/test-run-all-batch()
  eval((jf/test-run-all-batch) t)
  command-line-1(("--load" "/Users/jefffarr/emacs-gptel-shell-mode/ear
  command-line()
  normal-top-level()
Test test-corpus-integration-002 condition:
    (error
     "Test integration-002 (Pipeline with pattern substitution and redirect): expected 4 operations, got 3\nExpected: ((:file \".\" :operation :read-directory :command \"find\" :from-substitution t) (:file \"*.txt\" :operation :match-pattern :command \"find\" :pattern t :from-substitution t) (:file \"*.txt\" :operation :read :command \"cat\" :pattern t :from-substitution t :pattern-source (:substitution-content \"find . -name '*.txt'\" :pattern \"*.txt\" :search-scope \".\" :command \"find\" :from-substitution t)) (:file \"errors.log\" :operation :write :source :redirection))\nActual: ((:file \".\" :operation :read-directory :confidence :high :source :positional-arg :command \"find\" :from-substitution t) (:file \"*.txt\" :operation :match-pattern :confidence :high :source :flag-arg :pattern t :search-scope \".\" :command \"find\" :from-substitution t) (:file \"errors.log\" :operation :write :confidence :high :source :redirection :command \"grep\" :metadata (:type :file :operator \">\" :descriptor nil :destination \"errors.log\")))")
   FAILED  190/599  test-corpus-integration-002 (0.004278 sec) at config/bash-parser/test/corpus/runners/test-corpus-file-operations.el:1
   passed  191/599  test-corpus-integration-003 (0.008580 sec)
   passed  192/599  test-corpus-integration-004 (0.002247 sec)
   passed  193/599  test-corpus-integration-005 (0.006234 sec)
   passed  194/599  test-corpus-match-pattern-001 (0.002125 sec)
   passed  195/599  test-corpus-match-pattern-002 (0.002102 sec)
   passed  196/599  test-corpus-match-pattern-003 (0.002255 sec)
   passed  197/599  test-corpus-match-pattern-004 (0.002266 sec)
   passed  198/599  test-corpus-match-pattern-005 (0.002200 sec)
   passed  199/599  test-corpus-match-pattern-006 (0.002080 sec)
   passed  200/599  test-corpus-match-pattern-007 (0.002092 sec)
   passed  201/599  test-corpus-match-pattern-008 (0.002087 sec)
   passed  202/599  test-corpus-modify-001 (0.002104 sec)
   passed  203/599  test-corpus-modify-002 (0.002180 sec)
   passed  204/599  test-corpus-modify-003 (0.002444 sec)
   passed  205/599  test-corpus-modify-004 (0.002152 sec)
   passed  206/599  test-corpus-move-001 (0.002164 sec)
   passed  207/599  test-corpus-move-002 (0.002138 sec)
   passed  208/599  test-corpus-no-ops-001 (0.002111 sec)
   passed  209/599  test-corpus-no-ops-002 (0.002124 sec)
   passed  210/599  test-corpus-no-ops-003 (0.002194 sec)
   passed  211/599  test-corpus-no-ops-004 (0.002159 sec)
   passed  212/599  test-corpus-pipeline-001 (0.002233 sec)
   passed  213/599  test-corpus-pipeline-002 (0.002498 sec)
   passed  214/599  test-corpus-read-001 (0.002116 sec)
   passed  215/599  test-corpus-read-002 (0.002119 sec)
   passed  216/599  test-corpus-read-003 (0.002133 sec)
   passed  217/599  test-corpus-read-004 (0.002106 sec)
   passed  218/599  test-corpus-read-005 (0.002214 sec)
   passed  219/599  test-corpus-read-006 (0.002166 sec)
   passed  220/599  test-corpus-redirect-001 (0.002207 sec)
   passed  221/599  test-corpus-redirect-002 (0.002145 sec)
   passed  222/599  test-corpus-redirect-003 (0.002213 sec)
   passed  223/599  test-corpus-redirect-004 (0.002209 sec)
   passed  224/599  test-corpus-variable-001 (0.002160 sec)
   passed  225/599  test-corpus-variable-002 (0.002148 sec)
   passed  226/599  test-corpus-variable-003 (0.002255 sec)
   passed  227/599  test-corpus-variable-004 (0.002205 sec)
   passed  228/599  test-corpus-variable-005 (0.002267 sec)
   passed  229/599  test-corpus-variable-chain-001 (0.002215 sec)
   passed  230/599  test-corpus-variable-chain-002 (0.002242 sec)
   passed  231/599  test-corpus-variable-chain-003 (0.002079 sec)
   passed  232/599  test-corpus-write-001 (0.002040 sec)
   passed  233/599  test-corpus-write-002 (0.002073 sec)
   passed  234/599  test-corpus-write-003 (0.002086 sec)
   passed  235/599  test-corpus-write-004 (0.001972 sec)
   passed  236/599  test-coverage-by-type-multiple-types (0.000039 sec)
   passed  237/599  test-coverage-by-type-single-type (0.000035 sec)
   passed  238/599  test-coverage-full-coverage (0.000062 sec)
   passed  239/599  test-coverage-no-coverage (0.000034 sec)
   passed  240/599  test-coverage-partial-coverage (0.000043 sec)
   passed  241/599  test-coverage-shared-claiming (0.000039 sec)
   passed  242/599  test-coverage-unclaimed-tokens-list (0.000042 sec)
   passed  243/599  test-coverage-zero-tokens (0.000037 sec)
   passed  244/599  test-deploy-script-pattern (0.002233 sec)
   passed  245/599  test-detect-braced-variable (0.000028 sec)
   passed  246/599  test-detect-duplicate-variables (0.000027 sec)
   passed  247/599  test-detect-mixed-variable-syntax (0.000026 sec)
   passed  248/599  test-detect-multiple-variables (0.000026 sec)
   passed  249/599  test-detect-no-variables (0.000022 sec)
   passed  250/599  test-detect-simple-dollar-variable (0.000023 sec)
   passed  251/599  test-detect-variable-at-end (0.000022 sec)
   passed  252/599  test-detect-variable-order (0.000022 sec)
   passed  253/599  test-double-paren-at-start-only (0.006140 sec)
   passed  254/599  test-double-paren-chain (0.006182 sec)
   passed  255/599  test-double-paren-simple-command (0.006185 sec)
   passed  256/599  test-double-paren-with-args (0.006165 sec)

=== AST Structure: find . -name ’*.log’ -exec rm {} \; ===
[program] "find . -name '*.log' -exec rm {} \;" (pos 1-36)
  [command] "find . -name '*.log' -exec rm {} \;" (pos 1-36)
    [command_name] "find" (pos 1-5)
      [word] "find" (pos 1-5)
    [word] "." (pos 6-7)
    [word] "-name" (pos 8-13)
    [raw_string] "'*.log'" (pos 14-21)
    [word] "-exec" (pos 22-27)
    [word] "rm" (pos 28-30)
    [concatenation] "{}" (pos 31-33)
      [word] "{" (pos 31-32)
      [word] "}" (pos 32-33)
    [word] "\;" (pos 34-36)

   passed  257/599  test-dump-ast-find-exec (0.002185 sec)

=== AST Structure: git add . && git commit -m ’Fix bug’ && git push ===
[program] "git add . && git commit -m 'Fix bug' ..." (pos 1-49)
  [list] "git add . && git commit -m 'Fix bug' ..." (pos 1-49)
    [list] "git add . && git commit -m 'Fix bug'" (pos 1-37)
      [command] "git add ." (pos 1-10)
        [command_name] "git" (pos 1-4)
          [word] "git" (pos 1-4)
        [word] "add" (pos 5-8)
        [word] "." (pos 9-10)
      [&&] "&&" (pos 11-13)
      [command] "git commit -m 'Fix bug'" (pos 14-37)
        [command_name] "git" (pos 14-17)
          [word] "git" (pos 14-17)
        [word] "commit" (pos 18-24)
        [word] "-m" (pos 25-27)
        [raw_string] "'Fix bug'" (pos 28-37)
    [&&] "&&" (pos 38-40)
    [command] "git push" (pos 41-49)
      [command_name] "git" (pos 41-44)
        [word] "git" (pos 41-44)
      [word] "push" (pos 45-49)

   passed  258/599  test-dump-ast-git-chain (0.002181 sec)

=== AST Structure: cat file.txt | grep pattern ===
[program] "cat file.txt | grep pattern" (pos 1-28)
  [pipeline] "cat file.txt | grep pattern" (pos 1-28)
    [command] "cat file.txt" (pos 1-13)
      [command_name] "cat" (pos 1-4)
        [word] "cat" (pos 1-4)
      [word] "file.txt" (pos 5-13)
    [|] "|" (pos 14-15)
    [command] "grep pattern" (pos 16-28)
      [command_name] "grep" (pos 16-20)
        [word] "grep" (pos 16-20)
      [word] "pattern" (pos 21-28)

   passed  259/599  test-dump-ast-pipeline (0.002121 sec)

=== AST Structure: echo hello ===
[program] "echo hello" (pos 1-11)
  [command] "echo hello" (pos 1-11)
    [command_name] "echo" (pos 1-5)
      [word] "echo" (pos 1-5)
    [word] "hello" (pos 6-11)

   passed  260/599  test-dump-ast-simple-command (0.002076 sec)

=== AST Structure: cat file.txt | grep pattern | sort ===
[program] "cat file.txt | grep pattern | sort" (pos 1-35)
  [pipeline] "cat file.txt | grep pattern | sort" (pos 1-35)
    [command] "cat file.txt" (pos 1-13)
      [command_name] "cat" (pos 1-4)
        [word] "cat" (pos 1-4)
      [word] "file.txt" (pos 5-13)
    [|] "|" (pos 14-15)
    [command] "grep pattern" (pos 16-28)
      [command_name] "grep" (pos 16-20)
        [word] "grep" (pos 16-20)
      [word] "pattern" (pos 21-28)
    [|] "|" (pos 29-30)
    [command] "sort" (pos 31-35)
      [command_name] "sort" (pos 31-35)
        [word] "sort" (pos 31-35)

   passed  261/599  test-dump-ast-three-stage-pipeline (0.002165 sec)

=== AST Structure: cat file.txt | grep pattern > out.txt ===
[program] "cat file.txt | grep pattern > out.txt" (pos 1-38)
  [redirected_statement] "cat file.txt | grep pattern > out.txt" (pos 1-38)
    [pipeline] "cat file.txt | grep pattern" (pos 1-28)
      [command] "cat file.txt" (pos 1-13)
        [command_name] "cat" (pos 1-4)
          [word] "cat" (pos 1-4)
        [word] "file.txt" (pos 5-13)
      [|] "|" (pos 14-15)
      [command] "grep pattern" (pos 16-28)
        [command_name] "grep" (pos 16-20)
          [word] "grep" (pos 16-20)
        [word] "pattern" (pos 21-28)
    [file_redirect] "> out.txt" (pos 29-38)
      [>] ">" (pos 29-30)
      [word] "out.txt" (pos 31-38)

   passed  262/599  test-dump-ast-with-redirections (0.002114 sec)
   passed  263/599  test-execution-parity-relative-path (0.002949 sec)
   passed  264/599  test-expect-file-ops-structure (0.000033 sec)
   passed  265/599  test-extract-assignment-command-substitution-in-value (0.000034 sec)
   passed  266/599  test-extract-assignment-from-positional-args (0.000027 sec)
   passed  267/599  test-extract-assignment-multiple-in-args (0.000029 sec)
   passed  268/599  test-extract-assignment-no-assignments (0.000022 sec)
   passed  269/599  test-extract-assignment-skips-flags (0.000023 sec)
   passed  270/599  test-extract-assignment-split-format (0.000024 sec)
   passed  271/599  test-extract-assignment-unified-format (0.000025 sec)
   passed  272/599  test-extract-assignment-unresolved-skipped (0.000025 sec)
   passed  273/599  test-extract-assignment-with-relative-path (0.000028 sec)
   passed  274/599  test-extract-assignment-with-variable-resolution (0.000029 sec)
   passed  275/599  test-extraction-absolute-path (0.002172 sec)
   passed  276/599  test-extraction-append-redirection (0.002174 sec)
   passed  277/599  test-extraction-command-chain (0.002207 sec)
   passed  278/599  test-extraction-command-with-multiple-file-arguments (0.002185 sec)
   passed  279/599  test-extraction-command-with-no-file-operations (0.002124 sec)
   passed  280/599  test-extraction-duplicate-file-operations (0.002122 sec)
   passed  281/599  test-extraction-dynamic-redirect-multiple-subs (0.006361 sec)
   passed  282/599  test-extraction-dynamic-redirect-nested (0.008470 sec)
   passed  283/599  test-extraction-dynamic-redirect-simple (0.004258 sec)
   failed  284/599  test-extraction-heredoc-dynamic-redirect (0.002232 sec)
   passed  285/599  test-extraction-high-confidence-from-known-command (0.002159 sec)
   passed  286/599  test-extraction-high-confidence-from-redirection (0.002182 sec)
   passed  287/599  test-extraction-input-redirection (0.002141 sec)
   passed  288/599  test-extraction-main-function-chain (0.002193 sec)
   passed  289/599  test-extraction-main-function-pipeline (0.002169 sec)
   passed  290/599  test-extraction-main-function-simple-command (0.002317 sec)
   passed  291/599  test-extraction-metadata-for-positional-arg (0.002012 sec)
   passed  292/599  test-extraction-metadata-for-redirection (0.002110 sec)
   passed  293/599  test-extraction-multiple-redirections (0.002041 sec)
   passed  294/599  test-extraction-output-redirection (0.002057 sec)
   passed  295/599  test-extraction-pipeline-with-multiple-file-operations (0.002130 sec)
   passed  296/599  test-extraction-recursive-glob-pattern (0.002055 sec)
   passed  297/599  test-extraction-redirections-keep-high-confidence-with-variables (0.002094 sec)
   passed  298/599  test-extraction-relative-path (0.001977 sec)
   passed  299/599  test-extraction-same-file-different-operations (0.002083 sec)
   passed  300/599  test-extraction-simple-glob-pattern (0.002060 sec)
   passed  301/599  test-extraction-simple-read-command (0.002046 sec)
   failed  302/599  test-extraction-xargs-null-separated (0.002200 sec)
   failed  303/599  test-extraction-xargs-placeholder (0.002167 sec)
   failed  304/599  test-extraction-xargs-simple-batch (0.002124 sec)
   failed  305/599  test-extraction-xargs-with-flags (0.002144 sec)
   passed  306/599  test-feature-detection-semantic-extraction (0.000027 sec)
   passed  307/599  test-feature-detection-unknown-feature (0.000025 sec)
   passed  308/599  test-find-exec-rm-pattern (0.002148 sec)
   passed  309/599  test-find-exec-workspace-validation (0.002093 sec)
   passed  310/599  test-find-multiple-exec-blocks (0.002202 sec)
   passed  311/599  test-glob-character-class-letters (0.000072 sec)
   passed  312/599  test-glob-character-class-match (0.000055 sec)
   passed  313/599  test-glob-character-class-no-match (0.000044 sec)
   passed  314/599  test-glob-combined-wildcards (0.000062 sec)
   passed  315/599  test-glob-complex-pattern (0.000059 sec)
   passed  316/599  test-glob-double-star-at-end (0.000043 sec)
   passed  317/599  test-glob-double-star-at-start (0.000051 sec)
   passed  318/599  test-glob-double-star-in-middle (0.000048 sec)
   passed  319/599  test-glob-double-star-multiple-segments (0.000056 sec)
   passed  320/599  test-glob-double-star-zero-segments (0.000042 sec)
   passed  321/599  test-glob-empty-path (0.000028 sec)
   passed  322/599  test-glob-empty-pattern (0.000026 sec)
   passed  323/599  test-glob-exact-match (0.000041 sec)
   passed  324/599  test-glob-literal-dots (0.000045 sec)
   passed  325/599  test-glob-literal-parens (0.000032 sec)
   passed  326/599  test-glob-literal-plus-chars (0.000040 sec)
   passed  327/599  test-glob-multiple-question-marks (0.000052 sec)
   passed  328/599  test-glob-nested-double-stars (0.000055 sec)
   passed  329/599  test-glob-no-match-different-directory (0.000040 sec)
   passed  330/599  test-glob-path-must-match-from-start (0.000037 sec)
   passed  331/599  test-glob-question-mark-no-match-directory-separator (0.000052 sec)
   passed  332/599  test-glob-question-mark-no-match-two-chars (0.000030 sec)
   passed  333/599  test-glob-question-mark-no-match-zero-chars (0.000030 sec)
   passed  334/599  test-glob-question-mark-single-char (0.000052 sec)
   passed  335/599  test-glob-recursive-wildcard-match (0.000051 sec)
   passed  336/599  test-glob-root-path (0.000038 sec)
   passed  337/599  test-glob-single-level-wildcard-match (0.000047 sec)
   passed  338/599  test-glob-single-star-one-level-match (0.000042 sec)
   passed  339/599  test-glob-single-star-rejects-multiple-levels (0.000039 sec)
   passed  340/599  test-glob-to-regex-asterisk (0.000035 sec)
   passed  341/599  test-glob-to-regex-character-class (0.000039 sec)
   passed  342/599  test-glob-to-regex-escapes-special-chars (0.000040 sec)
   passed  343/599  test-glob-to-regex-question (0.000035 sec)
   passed  344/599  test-glob-trailing-slash-equivalence (0.000063 sec)
   passed  345/599  test-glob-trailing-slash-handling (0.000041 sec)
   passed  346/599  test-heredoc-append-redirect (0.002170 sec)
   passed  347/599  test-heredoc-embedded-substitution (0.006202 sec)
   passed  348/599  test-heredoc-file-creation (0.002145 sec)
   passed  349/599  test-heredoc-git-commit (0.002111 sec)
   passed  350/599  test-heredoc-git-commit-multi-line (0.002078 sec)
   passed  351/599  test-heredoc-multi-line-with-redirect (0.002088 sec)
   passed  352/599  test-heredoc-mysql-input (0.002134 sec)
   passed  353/599  test-heredoc-piped (0.002100 sec)
   passed  354/599  test-heredoc-stderr-redirect (0.002112 sec)
   passed  355/599  test-heredoc-to-command (0.002090 sec)
Found 5 integration tests
   passed  356/599  test-integration-tests-added (0.000053 sec)
   passed  357/599  test-jf/bash-parse-detects-bash-c-injection (0.004030 sec)
   passed  358/599  test-jf/bash-parse-detects-env-S-injection (0.002027 sec)
   passed  359/599  test-jf/bash-parse-detects-sh-c-injection (0.004048 sec)
   passed  360/599  test-jf/bash-parse-handles-flags-before-injection (0.004071 sec)
   passed  361/599  test-jf/bash-parse-nested-injection-with-pipeline (0.004069 sec)
   passed  362/599  test-jf/bash-parse-no-injection-without-flag (0.002030 sec)
   passed  363/599  test-jf/bash-parse-strips-quotes-from-injection (0.004053 sec)
   passed  364/599  test-loop-context-metadata (0.004280 sec)
   passed  365/599  test-loop-empty-body (0.004036 sec)
   passed  366/599  test-loop-multiple-commands (0.004196 sec)
   passed  367/599  test-loop-unresolved-variable (0.006241 sec)
   passed  368/599  test-loop-variable-from-glob (0.004056 sec)
   passed  369/599  test-loop-variable-from-literal (0.004116 sec)
   passed  370/599  test-loop-variable-from-substitution (0.006355 sec)
   passed  371/599  test-loop-variable-glob-with-rm (0.004300 sec)
   passed  372/599  test-loop-variable-substitution-cat (0.006425 sec)
   passed  373/599  test-multiple-cds-with-wildcards (0.002241 sec)
   passed  374/599  test-nested-conditional-relative-test (0.006351 sec)
   passed  375/599  test-nested-find-exec-relative-paths (0.002190 sec)
   passed  376/599  test-nested-for-loop-relative-pattern (0.004349 sec)
   passed  377/599  test-nested-subshells (0.006609 sec)
   passed  378/599  test-parse-accepts-valid-command (0.002150 sec)
   passed  379/599  test-parse-accepts-whitespace-padded-command (0.002104 sec)
   passed  380/599  test-parse-complete-chain (0.002128 sec)
   passed  381/599  test-parse-complete-pipeline (0.002129 sec)
   passed  382/599  test-parse-complete-simple-command (0.002108 sec)
   passed  383/599  test-parse-errors-on-failure (0.000030 sec)
   passed  384/599  test-parse-rejects-empty-string (0.000030 sec)
   passed  385/599  test-parse-rejects-list-input (0.000030 sec)
   passed  386/599  test-parse-rejects-nil-input (0.000028 sec)
   passed  387/599  test-parse-rejects-number-input (0.000033 sec)
   passed  388/599  test-parse-rejects-symbol-input (0.000027 sec)
   passed  389/599  test-parse-rejects-vector-input (0.000027 sec)
   passed  390/599  test-parser-extension-already-marked-preserved (0.000034 sec)
   passed  391/599  test-parser-extension-detect-bash-c-injection (0.004265 sec)
   passed  392/599  test-parser-extension-detect-env-s-injection (0.002093 sec)
   passed  393/599  test-parser-extension-detect-eval-injection (0.002106 sec)
   passed  394/599  test-parser-extension-detect-python-c-injection (0.002097 sec)
   passed  395/599  test-parser-extension-detect-sh-c-injection (0.004173 sec)
   passed  396/599  test-parser-extension-direct-no-nesting-depth (0.002141 sec)
   passed  397/599  test-parser-extension-direct-operation-unmarked (0.000032 sec)
   passed  398/599  test-parser-extension-double-nesting-depth (0.012388 sec)
   passed  399/599  test-parser-extension-end-to-end-bash-c (0.006188 sec)
   passed  400/599  test-parser-extension-existing-unchanged (0.002089 sec)
   passed  401/599  test-parser-extension-injection-with-flags-before (0.004148 sec)
   passed  402/599  test-parser-extension-leverage-parsed-data (0.006279 sec)
   passed  403/599  test-parser-extension-mark-exec-block-indirect (0.000035 sec)
   passed  404/599  test-parser-extension-mixed-operations (0.000035 sec)
   passed  405/599  test-parser-extension-nested-max-depth (0.000030 sec)
   passed  406/599  test-parser-extension-nested-with-variables (0.002106 sec)
   passed  407/599  test-parser-extension-new-extraction-available (0.000029 sec)
   passed  408/599  test-parser-extension-no-false-positives (0.006222 sec)
   passed  409/599  test-parser-extension-parse-nested-command (0.002088 sec)
   passed  410/599  test-parser-extension-parse-nested-multiple-levels (0.006219 sec)
   passed  411/599  test-parser-extension-parse-nested-preserve-inner-quotes (0.002098 sec)
   passed  412/599  test-parser-extension-parse-nested-strip-double-quotes (0.002101 sec)
   passed  413/599  test-parser-extension-parse-nested-strip-single-quotes (0.002075 sec)
   passed  414/599  test-parser-extension-parse-return-format (0.002114 sec)
   passed  415/599  test-parser-extension-single-nesting-depth (0.006359 sec)
Test test-pattern-flow-cat-find backtrace:
  ert-fail(((should (>= (length ops) 3)) :form (>= 2 3) :value nil))
  (if (unwind-protect (setq value-3702 (apply fn-3700 args-3701)) (set
  (let (form-description-3704) (if (unwind-protect (setq value-3702 (a
  (let ((value-3702 'ert-form-evaluation-aborted-3703)) (let (form-des
  (let* ((fn-3700 #'>=) (args-3701 (condition-case err (list (length o
  (let* ((parsed (jf/bash-parse "cat $(find . -name '*.log')")) (ops (
  #f(lambda () [t] (let* ((parsed (jf/bash-parse "cat $(find . -name '
  #f(compiled-function () #<bytecode -0x181284123a6d5d54>)()
  handler-bind-1(#f(compiled-function () #<bytecode -0x181284123a6d5d5
  ert--run-test-internal(#s(ert--test-execution-info :test #s(ert-test
  ert-run-test(#s(ert-test :name test-pattern-flow-cat-find :documenta
  ert-run-or-rerun-test(#s(ert--stats :selector t :tests ... :test-map
  ert-run-tests(t #f(compiled-function (event-type &rest event-args) #
  ert-run-tests-batch(nil)
  ert-run-tests-batch-and-exit()
  (let ((test-files (jf/test-find-test-files))) (let ((tail test-files
  jf/test-run-all-batch()
  eval((jf/test-run-all-batch) t)
  command-line-1(("--load" "/Users/jefffarr/emacs-gptel-shell-mode/ear
  command-line()
  normal-top-level()
Test test-pattern-flow-cat-find condition:
    (ert-test-failed
     ((should (>= (length ops) 3)) :form (>= 2 3) :value nil))
   FAILED  416/599  test-pattern-flow-cat-find (0.004389 sec) at config/bash-parser/test/integration/test-pattern-flow.el:16
Test test-pattern-flow-cat-grep backtrace:
  ert-fail(((should cat-op) :form cat-op :value nil))
  (if (unwind-protect (setq value-3791 cat-op) (setq form-description-
  (let (form-description-3792) (if (unwind-protect (setq value-3791 ca
  (let ((value-3791 (gensym "ert-form-evaluation-aborted-"))) (let (fo
  (let ((cat-op (seq-find #'(lambda (op) (and (string= ... "*.log") (e
  (let* ((parsed (jf/bash-parse "cat $(grep -l 'ERROR' *.log)")) (ops 
  #f(lambda () [t] (let* ((parsed (jf/bash-parse "cat $(grep -l 'ERROR
  #f(compiled-function () #<bytecode -0x181284123a6d5d54>)()
  handler-bind-1(#f(compiled-function () #<bytecode -0x181284123a6d5d5
  ert--run-test-internal(#s(ert--test-execution-info :test #s(ert-test
  ert-run-test(#s(ert-test :name test-pattern-flow-cat-grep :documenta
  ert-run-or-rerun-test(#s(ert--stats :selector t :tests ... :test-map
  ert-run-tests(t #f(compiled-function (event-type &rest event-args) #
  ert-run-tests-batch(nil)
  ert-run-tests-batch-and-exit()
  (let ((test-files (jf/test-find-test-files))) (let ((tail test-files
  jf/test-run-all-batch()
  eval((jf/test-run-all-batch) t)
  command-line-1(("--load" "/Users/jefffarr/emacs-gptel-shell-mode/ear
  command-line()
  normal-top-level()
Test test-pattern-flow-cat-grep condition:
    (ert-test-failed ((should cat-op) :form cat-op :value nil))
   FAILED  417/599  test-pattern-flow-cat-grep (0.004455 sec) at config/bash-parser/test/integration/test-pattern-flow.el:142
Test test-pattern-flow-cat-ls backtrace:
  ert-fail(((should cat-op) :form cat-op :value nil))
  (if (unwind-protect (setq value-3779 cat-op) (setq form-description-
  (let (form-description-3780) (if (unwind-protect (setq value-3779 ca
  (let ((value-3779 (gensym "ert-form-evaluation-aborted-"))) (let (fo
  (let ((cat-op (seq-find #'(lambda (op) (and (string= ... "*.txt") (e
  (let* ((parsed (jf/bash-parse "cat $(ls *.txt)")) (ops (jf/bash-extr
  #f(lambda () [t] (let* ((parsed (jf/bash-parse "cat $(ls *.txt)")) (
  #f(compiled-function () #<bytecode -0x181284123a6d5d54>)()
  handler-bind-1(#f(compiled-function () #<bytecode -0x181284123a6d5d5
  ert--run-test-internal(#s(ert--test-execution-info :test #s(ert-test
  ert-run-test(#s(ert-test :name test-pattern-flow-cat-ls :documentati
  ert-run-or-rerun-test(#s(ert--stats :selector t :tests ... :test-map
  ert-run-tests(t #f(compiled-function (event-type &rest event-args) #
  ert-run-tests-batch(nil)
  ert-run-tests-batch-and-exit()
  (let ((test-files (jf/test-find-test-files))) (let ((tail test-files
  jf/test-run-all-batch()
  eval((jf/test-run-all-batch) t)
  command-line-1(("--load" "/Users/jefffarr/emacs-gptel-shell-mode/ear
  command-line()
  normal-top-level()
Test test-pattern-flow-cat-ls condition:
    (ert-test-failed ((should cat-op) :form cat-op :value nil))
   FAILED  418/599  test-pattern-flow-cat-ls (0.004681 sec) at config/bash-parser/test/integration/test-pattern-flow.el:115
Test test-pattern-flow-head-find backtrace:
  ert-fail(((should (seq-find (lambda (op) (string= (plist-get op :com
  (if (unwind-protect (setq value-3749 (apply fn-3747 args-3748)) (set
  (let (form-description-3751) (if (unwind-protect (setq value-3749 (a
  (let ((value-3749 'ert-form-evaluation-aborted-3750)) (let (form-des
  (let* ((fn-3747 #'seq-find) (args-3748 (condition-case err (list #'(
  (let* ((parsed (jf/bash-parse "head -n 10 $(find /var/log -name '*.l
  #f(lambda () [t] (let* ((parsed (jf/bash-parse "head -n 10 $(find /v
  #f(compiled-function () #<bytecode -0x181284123a6d5d54>)()
  handler-bind-1(#f(compiled-function () #<bytecode -0x181284123a6d5d5
  ert--run-test-internal(#s(ert--test-execution-info :test #s(ert-test
  ert-run-test(#s(ert-test :name test-pattern-flow-head-find :document
  ert-run-or-rerun-test(#s(ert--stats :selector t :tests ... :test-map
  ert-run-tests(t #f(compiled-function (event-type &rest event-args) #
  ert-run-tests-batch(nil)
  ert-run-tests-batch-and-exit()
  (let ((test-files (jf/test-find-test-files))) (let ((tail test-files
  jf/test-run-all-batch()
  eval((jf/test-run-all-batch) t)
  command-line-1(("--load" "/Users/jefffarr/emacs-gptel-shell-mode/ear
  command-line()
  normal-top-level()
Test test-pattern-flow-head-find condition:
    (ert-test-failed
     ((should (seq-find (lambda ... ...) ops)) :form
      (seq-find #[(op) (...) (t)]
                ((:file "/var/log" :operation :read-directory :confidence
                        :high :source :positional-arg :command "find" ...)
                 (:file "*.log" :operation :match-pattern :confidence
                        :high :source :flag-arg :pattern t ...)))
      :value nil))
   FAILED  419/599  test-pattern-flow-head-find (0.004633 sec) at config/bash-parser/test/integration/test-pattern-flow.el:59
Test test-pattern-flow-multiple-patterns backtrace:
  ert-fail(((should (seq-find (lambda (op) (and (eq (plist-get op :ope
  (if (unwind-protect (setq value-3827 (apply fn-3825 args-3826)) (set
  (let (form-description-3829) (if (unwind-protect (setq value-3827 (a
  (let ((value-3827 'ert-form-evaluation-aborted-3828)) (let (form-des
  (let* ((fn-3825 #'seq-find) (args-3826 (condition-case err (list #'(
  (let* ((parsed (jf/bash-parse "cat $(find . -name '*.log' -o -name '
  #f(lambda () [t] (let* ((parsed (jf/bash-parse "cat $(find . -name '
  #f(compiled-function () #<bytecode -0x181284123a6d5d54>)()
  handler-bind-1(#f(compiled-function () #<bytecode -0x181284123a6d5d5
  ert--run-test-internal(#s(ert--test-execution-info :test #s(ert-test
  ert-run-test(#s(ert-test :name test-pattern-flow-multiple-patterns :
  ert-run-or-rerun-test(#s(ert--stats :selector t :tests ... :test-map
  ert-run-tests(t #f(compiled-function (event-type &rest event-args) #
  ert-run-tests-batch(nil)
  ert-run-tests-batch-and-exit()
  (let ((test-files (jf/test-find-test-files))) (let ((tail test-files
  jf/test-run-all-batch()
  eval((jf/test-run-all-batch) t)
  command-line-1(("--load" "/Users/jefffarr/emacs-gptel-shell-mode/ear
  command-line()
  normal-top-level()
Test test-pattern-flow-multiple-patterns condition:
    (ert-test-failed
     ((should (seq-find (lambda ... ...) ops)) :form
      (seq-find #[(op) (...) (t)]
                ((:file "." :operation :read-directory :confidence :high
                        :source :positional-arg :command "find" ...)
                 (:file "*.log" :operation :match-pattern :confidence
                        :high :source :flag-arg :pattern t ...)))
      :value nil))
   FAILED  420/599  test-pattern-flow-multiple-patterns (0.004748 sec) at config/bash-parser/test/integration/test-pattern-flow.el:204
Test test-pattern-flow-nested backtrace:
  ert-fail(((should cat-op) :form cat-op :value nil))
  (if (unwind-protect (setq value-3813 cat-op) (setq form-description-
  (let (form-description-3814) (if (unwind-protect (setq value-3813 ca
  (let ((value-3813 (gensym "ert-form-evaluation-aborted-"))) (let (fo
  (let ((cat-op (seq-find #'(lambda (op) (and (string= ... "*.txt") (e
  (let* ((parsed (jf/bash-parse "cat $(find $(pwd) -name '*.txt')")) (
  #f(lambda () [t] (let* ((parsed (jf/bash-parse "cat $(find $(pwd) -n
  #f(compiled-function () #<bytecode -0x181284123a6d5d54>)()
  handler-bind-1(#f(compiled-function () #<bytecode -0x181284123a6d5d5
  ert--run-test-internal(#s(ert--test-execution-info :test #s(ert-test
  ert-run-test(#s(ert-test :name test-pattern-flow-nested :documentati
  ert-run-or-rerun-test(#s(ert--stats :selector t :tests ... :test-map
  ert-run-tests(t #f(compiled-function (event-type &rest event-args) #
  ert-run-tests-batch(nil)
  ert-run-tests-batch-and-exit()
  (let ((test-files (jf/test-find-test-files))) (let ((tail test-files
  jf/test-run-all-batch()
  eval((jf/test-run-all-batch) t)
  command-line-1(("--load" "/Users/jefffarr/emacs-gptel-shell-mode/ear
  command-line()
  normal-top-level()
Test test-pattern-flow-nested condition:
    (ert-test-failed ((should cat-op) :form cat-op :value nil))
   FAILED  421/599  test-pattern-flow-nested (0.008697 sec) at config/bash-parser/test/integration/test-pattern-flow.el:174
   passed  422/599  test-pattern-flow-no-pattern (0.004606 sec)
   passed  423/599  test-pattern-flow-non-reading-command (0.004234 sec)
Test test-pattern-flow-rm-ls backtrace:
  ert-fail(((should rm-op) :form rm-op :value nil))
  (if (unwind-protect (setq value-3757 rm-op) (setq form-description-3
  (let (form-description-3758) (if (unwind-protect (setq value-3757 rm
  (let ((value-3757 (gensym "ert-form-evaluation-aborted-"))) (let (fo
  (let ((rm-op (seq-find #'(lambda (op) (and (string= ... "*.tmp") (eq
  (let* ((parsed (jf/bash-parse "rm $(ls *.tmp)")) (ops (jf/bash-extra
  #f(lambda () [t] (let* ((parsed (jf/bash-parse "rm $(ls *.tmp)")) (o
  #f(compiled-function () #<bytecode -0x181284123a6d5d54>)()
  handler-bind-1(#f(compiled-function () #<bytecode -0x181284123a6d5d5
  ert--run-test-internal(#s(ert--test-execution-info :test #s(ert-test
  ert-run-test(#s(ert-test :name test-pattern-flow-rm-ls :documentatio
  ert-run-or-rerun-test(#s(ert--stats :selector t :tests ... :test-map
  ert-run-tests(t #f(compiled-function (event-type &rest event-args) #
  ert-run-tests-batch(nil)
  ert-run-tests-batch-and-exit()
  (let ((test-files (jf/test-find-test-files))) (let ((tail test-files
  jf/test-run-all-batch()
  eval((jf/test-run-all-batch) t)
  command-line-1(("--load" "/Users/jefffarr/emacs-gptel-shell-mode/ear
  command-line()
  normal-top-level()
Test test-pattern-flow-rm-ls condition:
    (ert-test-failed ((should rm-op) :form rm-op :value nil))
   FAILED  424/599  test-pattern-flow-rm-ls (0.004247 sec) at config/bash-parser/test/integration/test-pattern-flow.el:87
Test test-pattern-flow-with-redirection backtrace:
  ert-fail(((should (seq-find (lambda (op) (and (string= (plist-get op
  (if (unwind-protect (setq value-3832 (apply fn-3830 args-3831)) (set
  (let (form-description-3834) (if (unwind-protect (setq value-3832 (a
  (let ((value-3832 'ert-form-evaluation-aborted-3833)) (let (form-des
  (let* ((fn-3830 #'seq-find) (args-3831 (condition-case err (list #'(
  (let* ((parsed (jf/bash-parse "cat $(find . -name '*.log') > output.
  #f(lambda () [t] (let* ((parsed (jf/bash-parse "cat $(find . -name '
  #f(compiled-function () #<bytecode -0x181284123a6d5d54>)()
  handler-bind-1(#f(compiled-function () #<bytecode -0x181284123a6d5d5
  ert--run-test-internal(#s(ert--test-execution-info :test #s(ert-test
  ert-run-test(#s(ert-test :name test-pattern-flow-with-redirection :d
  ert-run-or-rerun-test(#s(ert--stats :selector t :tests ... :test-map
  ert-run-tests(t #f(compiled-function (event-type &rest event-args) #
  ert-run-tests-batch(nil)
  ert-run-tests-batch-and-exit()
  (let ((test-files (jf/test-find-test-files))) (let ((tail test-files
  jf/test-run-all-batch()
  eval((jf/test-run-all-batch) t)
  command-line-1(("--load" "/Users/jefffarr/emacs-gptel-shell-mode/ear
  command-line()
  normal-top-level()
Test test-pattern-flow-with-redirection condition:
    (ert-test-failed
     ((should (seq-find (lambda ... ...) ops)) :form
      (seq-find #[(op) (...) (t)]
                ((:file "output.txt" :operation :write :confidence :high
                        :source :redirection :command "cat" ...)
                 (:file "." :operation :read-directory :confidence :high
                        :source :positional-arg :command "find" ...)
                 (:file "*.log" :operation :match-pattern :confidence
                        :high :source :flag-arg :pattern t ...)))
      :value nil))
   FAILED  425/599  test-pattern-flow-with-redirection (0.004763 sec) at config/bash-parser/test/integration/test-pattern-flow.el:228
   passed  426/599  test-popd-returns-to-previous (0.002880 sec)
   passed  427/599  test-progress-bar-custom-width (0.000047 sec)
   passed  428/599  test-progress-bar-empty (0.000033 sec)
   passed  429/599  test-progress-bar-full (0.000029 sec)
   passed  430/599  test-progress-bar-half (0.000038 sec)
   passed  431/599  test-pushd-absolute-path (0.002266 sec)
   passed  432/599  test-pwd-assignment-export (0.002213 sec)
   passed  433/599  test-pwd-assignment-inline (0.002169 sec)
   passed  434/599  test-pwd-assignment-simple (0.002186 sec)
   passed  435/599  test-pwd-assignment-with-variable (0.002229 sec)
   passed  436/599  test-pwd-backtick-substitution (0.004253 sec)
   passed  437/599  test-pwd-context-empty-var-context (0.002137 sec)
   passed  438/599  test-pwd-context-mixed-absolute-relative (0.002165 sec)
   passed  439/599  test-pwd-context-multiple-operations (0.002329 sec)
   passed  440/599  test-pwd-context-without-pwd-in-context (0.002137 sec)
   passed  441/599  test-pwd-explicit-variable-in-redirection (0.002224 sec)
   passed  442/599  test-pwd-explicit-variable-nested-path (0.002170 sec)
   passed  443/599  test-pwd-explicit-variable-simple (0.002205 sec)
   passed  444/599  test-pwd-substitution-nested (0.008538 sec)
   passed  445/599  test-pwd-substitution-simple (0.004245 sec)
   passed  446/599  test-pwd-without-var-context (0.002144 sec)
   passed  447/599  test-relative-path-dot-alone (0.002174 sec)
   passed  448/599  test-relative-path-dot-in-pipeline (0.002207 sec)
   passed  449/599  test-relative-path-dot-ls (0.002148 sec)
   passed  450/599  test-relative-path-dot-slash-file (0.002151 sec)
   passed  451/599  test-relative-path-dot-slash-nested (0.002196 sec)
   passed  452/599  test-relative-path-dot-slash-script-execution (0.002286 sec)
   passed  453/599  test-relative-path-dot-slash-with-args (0.002218 sec)
   passed  454/599  test-relative-path-parent-multiple-levels (0.002149 sec)
   passed  455/599  test-relative-path-parent-script-execution (0.002124 sec)
   passed  456/599  test-relative-path-parent-simple (0.002151 sec)
   passed  457/599  test-relative-path-parent-with-subdir (0.002137 sec)
   passed  458/599  test-resolve-all-variables-simple (0.000037 sec)
   passed  459/599  test-resolve-assignment-combined-resolution (0.000044 sec)
   passed  460/599  test-resolve-assignment-command-substitution-basename (0.000055 sec)
   passed  461/599  test-resolve-assignment-command-substitution-dirname (0.000050 sec)
   passed  462/599  test-resolve-assignment-command-substitution-pwd (0.000029 sec)
   passed  463/599  test-resolve-assignment-relative-path (0.000044 sec)
   passed  464/599  test-resolve-assignment-simple-variable (0.000042 sec)
   passed  465/599  test-resolve-assignment-unresolved-command-substitution (0.000035 sec)
   passed  466/599  test-resolve-assignment-unresolved-variable (0.000032 sec)
   passed  467/599  test-resolve-braced-vs-simple (0.000045 sec)
   passed  468/599  test-resolve-duplicate-variable-references (0.000036 sec)
   passed  469/599  test-resolve-multiple-variables-fully (0.000043 sec)
   passed  470/599  test-resolve-no-variables (0.000035 sec)
   passed  471/599  test-resolve-none-no-context (0.000040 sec)
   passed  472/599  test-resolve-normalizes-slashes (0.000033 sec)
   passed  473/599  test-resolve-partial-some-unresolved (0.000037 sec)
   passed  474/599  test-resolve-warns-on-control-chars (0.000037 sec)
   passed  475/599  test-resolve-word-boundary (0.000038 sec)
   passed  476/599  test-script-execution-bash-interpreter (0.002166 sec)
   passed  477/599  test-script-execution-chain (0.002219 sec)
   passed  478/599  test-script-execution-confidence-high-builtin (0.002234 sec)
   passed  479/599  test-script-execution-confidence-high-interpreter (0.002161 sec)
   passed  480/599  test-script-execution-confidence-low-path (0.002113 sec)
   passed  481/599  test-script-execution-corpus (0.117619 sec)
   passed  482/599  test-script-execution-go-build-not-execute (0.002176 sec)
   passed  483/599  test-script-execution-go-run-subcommand (0.002173 sec)
   passed  484/599  test-script-execution-go-test-subcommand (0.002139 sec)
   passed  485/599  test-script-execution-nested-python (0.006655 sec)
   passed  486/599  test-script-execution-nested-self-executing (0.006391 sec)
   passed  487/599  test-script-execution-node-interpreter (0.002169 sec)
   passed  488/599  test-script-execution-node-with-flags (0.002176 sec)
   passed  489/599  test-script-execution-not-self-executing (0.002180 sec)
   passed  490/599  test-script-execution-pipeline (0.002233 sec)
   passed  491/599  test-script-execution-python-interpreter (0.002216 sec)
   passed  492/599  test-script-execution-python3-with-args (0.002185 sec)
   passed  493/599  test-script-execution-script-args-files (0.002162 sec)
   passed  494/599  test-script-execution-script-args-flags (0.002185 sec)
   passed  495/599  test-script-execution-script-args-none (0.002134 sec)
   passed  496/599  test-script-execution-script-args-self-executing (0.002136 sec)
   passed  497/599  test-script-execution-self-executing-absolute (0.002155 sec)
   passed  498/599  test-script-execution-self-executing-parent (0.002140 sec)
   passed  499/599  test-script-execution-self-executing-relative (0.002214 sec)
   passed  500/599  test-script-execution-sh-interpreter (0.002214 sec)
   passed  501/599  test-script-execution-shell-builtin-dot (0.002158 sec)
   passed  502/599  test-script-execution-shell-builtin-source (0.002150 sec)
   passed  503/599  test-script-execution-variable-resolved (0.002172 sec)
   passed  504/599  test-script-execution-variable-unresolved (0.002221 sec)
   passed  505/599  test-script-execution-zsh-interpreter (0.002208 sec)
   passed  506/599  test-security-all-operations-allowed (0.008658 sec)
   passed  507/599  test-security-all-operations-wildcard (0.008389 sec)
   passed  508/599  test-security-all-vs-explicit-list (0.003975 sec)
   passed  509/599  test-security-allow-command-matching-rules (0.002018 sec)
   passed  510/599  test-security-allow-indirect-with-same-rules (0.006130 sec)
   passed  511/599  test-security-apply-policy-to-indirect-operations (0.006059 sec)
   passed  512/599  test-security-cd-detected-in-command-substitution (0.004140 sec)
   passed  513/599  test-security-cd-not-detected-in-comments (0.002108 sec)
   passed  514/599  test-security-cd-not-detected-in-heredoc (0.002066 sec)
   passed  515/599  test-security-cd-violation-includes-guidance (0.002114 sec)
   passed  516/599  test-security-cd-violation-with-working-directory-guidance (0.002055 sec)
   passed  517/599  test-security-character-class-match (0.002144 sec)
   passed  518/599  test-security-define-operation-specific-permissions (0.000039 sec)
   passed  519/599  test-security-define-rule-with-multiple-patterns (0.000032 sec)
   passed  520/599  test-security-define-rule-with-single-pattern (0.000037 sec)
   passed  521/599  test-security-denial-reason-cd-command (0.002039 sec)
   passed  522/599  test-security-denial-reason-multiple-unhandled (0.002117 sec)
   passed  523/599  test-security-denial-reason-multiple-violations (0.002119 sec)
   passed  524/599  test-security-denial-reason-nil-when-allowed (0.002107 sec)
   passed  525/599  test-security-denial-reason-no-match (0.002080 sec)
   passed  526/599  test-security-denial-reason-single-unhandled (0.002086 sec)
   passed  527/599  test-security-denial-reason-single-violation (0.002108 sec)
   passed  528/599  test-security-deny-command-violating-rules (0.002109 sec)
   passed  529/599  test-security-double-star-multiple-segments (0.002112 sec)
   passed  530/599  test-security-double-star-zero-segments (0.002072 sec)
   passed  531/599  test-security-extract-unresolved-vars-multiple (0.000036 sec)
   passed  532/599  test-security-extract-unresolved-vars-none (0.000039 sec)
   passed  533/599  test-security-extract-unresolved-vars-single (0.000031 sec)
   passed  534/599  test-security-first-matching-rule-applies (0.002110 sec)
   passed  535/599  test-security-indirect-operation-violation-details (0.006147 sec)
   passed  536/599  test-security-low-confidence-operation (0.002084 sec)
   passed  537/599  test-security-missing-variable-context (0.002072 sec)
   passed  538/599  test-security-more-specific-rule-before-general (0.004148 sec)
   passed  539/599  test-security-multiple-violations (0.002151 sec)
   passed  540/599  test-security-no-match-different-directory (0.002200 sec)
   passed  541/599  test-security-partial-resolution-rejection (0.002169 sec)
   passed  542/599  test-security-provide-variable-context (0.002137 sec)
   passed  543/599  test-security-read-allowed-write-denied (0.004196 sec)
   passed  544/599  test-security-recursive-wildcard-match (0.002078 sec)
   passed  545/599  test-security-reject-all-indirect-strict-mode (0.006173 sec)
   passed  546/599  test-security-reject-cd-in-chain (0.002084 sec)
   passed  547/599  test-security-reject-cd-with-options (0.004072 sec)
   passed  548/599  test-security-reject-simple-cd-command (0.002035 sec)
   passed  549/599  test-security-reject-unresolved-variables (0.002111 sec)
   passed  550/599  test-security-resolve-variables-before-matching (0.002117 sec)
   passed  551/599  test-security-result-structure-allowed (0.002127 sec)
   passed  552/599  test-security-result-structure-denied (0.002109 sec)
   passed  553/599  test-security-single-level-wildcard-match (0.002133 sec)
   passed  554/599  test-security-single-star-one-level (0.002081 sec)
   passed  555/599  test-security-single-star-rejects-multiple-levels (0.002076 sec)
   passed  556/599  test-security-unhandled-operations-fails-safely (0.002089 sec)
   passed  557/599  test-security-variable-resolution-integration (0.002125 sec)
   passed  558/599  test-security-variable-violation-details (0.002097 sec)
   passed  559/599  test-security-violation-includes-guidance (0.002121 sec)
   passed  560/599  test-security-violation-includes-indirect-flag (0.006278 sec)
   passed  561/599  test-security-violation-includes-unresolved-vars (0.002091 sec)
   passed  562/599  test-security-violation-with-matched-rule (0.002121 sec)
   passed  563/599  test-security-violation-with-no-matched-rule (0.002081 sec)
   passed  564/599  test-security-warn-indirect-policy (0.006335 sec)
   passed  565/599  test-security-write-allowed-delete-denied (0.004268 sec)
   passed  566/599  test-self-execution-absolute-path (0.002068 sec)
   passed  567/599  test-self-execution-helper-function (0.000047 sec)
   passed  568/599  test-self-execution-not-path-based (0.002063 sec)
   passed  569/599  test-self-execution-parent-directory (0.002121 sec)
   passed  570/599  test-self-execution-relative-path (0.002110 sec)
   passed  571/599  test-single-paren-not-affected (0.004092 sec)
   passed  572/599  test-subshell-cd-isolation (0.004417 sec)
   passed  573/599  test-subshell-pwd-assignment-isolation (0.004287 sec)
   passed  574/599  test-triple-paren (0.004196 sec)
   passed  575/599  test-variable-assignment-and-usage-in-chain (0.002202 sec)
   passed  576/599  test-variable-assignment-without-usage (0.002197 sec)
   passed  577/599  test-variable-chain-multi-level (0.002325 sec)
   passed  578/599  test-variable-chain-parent-path-assignment (0.002219 sec)
   passed  579/599  test-variable-chain-parent-path-assignment-ampersand (0.002212 sec)
   passed  580/599  test-variable-chain-pwd-assignment (0.002180 sec)
   passed  581/599  test-variable-chain-pwd-assignment-ampersand (0.002216 sec)
   passed  582/599  test-variable-chain-relative-path-assignment (0.002233 sec)
   passed  583/599  test-variable-chain-relative-path-assignment-ampersand (0.002248 sec)
   passed  584/599  test-variable-empty-variable-context (0.002191 sec)
   passed  585/599  test-variable-multiple-assignments (0.002218 sec)
   passed  586/599  test-variable-multiple-variables-in-path (0.002209 sec)
   passed  587/599  test-variable-partial-resolution (0.002162 sec)
   passed  588/599  test-variable-provide-variable-context (0.002163 sec)
   passed  589/599  test-variable-resolve-declared-variable (0.002164 sec)
   passed  590/599  test-variable-simple-variable-reference (0.002150 sec)
   passed  591/599  test-variable-unresolved-variable (0.002124 sec)
   passed  592/599  test-variable-variable-with-braces (0.002172 sec)
   passed  593/599  test-visualization-coverage-by-type (0.000072 sec)
   passed  594/599  test-visualization-full-coverage (0.000056 sec)
   passed  595/599  test-visualization-no-coverage (0.000056 sec)
   passed  596/599  test-visualization-parse-incomplete (0.000045 sec)
   passed  597/599  test-visualization-partial-coverage (0.000066 sec)
   passed  598/599  test-visualization-progress-bar (0.000047 sec)
   passed  599/599  test-visualization-zero-tokens (0.000047 sec)

Ran 599 tests, 590 results as expected, 9 unexpected (2026-04-20 20:40:06+0200, 2.056986 sec)
6 expected failures

9 unexpected results:
   FAILED  test-corpus-integration-002
   FAILED  test-pattern-flow-cat-find
   FAILED  test-pattern-flow-cat-grep
   FAILED  test-pattern-flow-cat-ls
   FAILED  test-pattern-flow-head-find
   FAILED  test-pattern-flow-multiple-patterns
   FAILED  test-pattern-flow-nested
   FAILED  test-pattern-flow-rm-ls
   FAILED  test-pattern-flow-with-redirection

=== Semantic Gap Detection Tests ===

✓ Simple command substitution (parser extracts correctly)
  Command: echo $(whoami)
  No gaps detected (as expected)

✓ Nested command substitution (parser extracts correctly)
  Command: ls -la $(dirname $(which openspec))
  No gaps detected (as expected)

✓ Command substitution in quoted string (parser extracts correctly)
  Command: --eval '(setq dir "'$(pwd)'")'
  No gaps detected (as expected)

✓ Process substitution (NOT YET IMPLEMENTED)
  Command: diff <(ls dir1) <(ls dir2)
  Detected: (process-substitution)

✓ For loop with variables (parser extracts correctly)
  Command: for f in *.txt; do echo $f; done
  No gaps detected (as expected)

✓ Conditional statement (parser extracts correctly)
  Command: if [ -f file ]; then rm file; fi
  No gaps detected (as expected)

✓ Heredoc content (parser extracts correctly)
  Command: cat <<EOF
Content here
EOF
  No gaps detected (as expected)

✓ Simple command (no gaps expected)
  Command: ls -la /tmp
  No gaps detected (as expected)

✓ Simple command with args (no gaps expected)
  Command: git commit -m 'message'
  No gaps detected (as expected)

=== Test Complete ===
make: *** [emacs-test-eval] Error 1
Loading /Users/jefffarr/emacs-gptel-shell-mode/config/core/defaults.el (source)...
Loading /Users/jefffarr/emacs-gptel-shell-mode/config/core/auth.el (source)...
Loading /Users/jefffarr/emacs-gptel-shell-mode/config/core/avy.el (source)...
Loading /Users/jefffarr/emacs-gptel-shell-mode/config/core/browser-hist.el (source)...
Loading /Users/jefffarr/emacs-gptel-shell-mode/config/core/ripgrep.el (source)...
Loading /Users/jefffarr/emacs-gptel-shell-mode/config/core/ultra-scroll.el (source)...
Loading /Users/jefffarr/emacs-gptel-shell-mode/config/core/expand-region.el (source)...
Loading /Users/jefffarr/emacs-gptel-shell-mode/config/core/evil.el (source)...
Loading /Users/jefffarr/emacs-gptel-shell-mode/config/core/completion.el (source)...
Loading /Users/jefffarr/emacs-gptel-shell-mode/config/core/completion/vertico.el (source)...
Loading /Users/jefffarr/emacs-gptel-shell-mode/runtime/recentf...
Cleaning up the recentf list...
Cleaning up the recentf list...done (0 removed)
Loading /Users/jefffarr/emacs-gptel-shell-mode/config/core/completion/consult.el (source)...
Loading /Users/jefffarr/emacs-gptel-shell-mode/config/core/completion/marginalia.el (source)...
Loading /Users/jefffarr/emacs-gptel-shell-mode/config/core/completion/embark.el (source)...
Loading /Users/jefffarr/emacs-gptel-shell-mode/config/core/completion/corfu-company.el (source)...
Loading /Users/jefffarr/emacs-gptel-shell-mode/config/core/completion/mini-frame.el (source)...
Loading /Users/jefffarr/emacs-gptel-shell-mode/config/core/window-management.el (source)...
Loading /Users/jefffarr/emacs-gptel-shell-mode/config/core/yasnippet.el (source)...
[yas] Prepared just-in-time loading of snippets successfully.
Loading /Users/jefffarr/emacs-gptel-shell-mode/config/core/testing.el (source)...
Loading /Users/jefffarr/emacs-gptel-shell-mode/config/core/buttercup.el (source)...
Buttercup testing framework loaded
Loading /Users/jefffarr/emacs-gptel-shell-mode/config/look-and-feel/look-and-feel.el (source)...
Loading /Users/jefffarr/emacs-gptel-shell-mode/config/look-and-feel/base-ui.el (source)...
Loading /Users/jefffarr/emacs-gptel-shell-mode/config/look-and-feel/frame-and-lines.el (source)...
Loading /Users/jefffarr/emacs-gptel-shell-mode/config/look-and-feel/modeline.el (source)...
Loading /Users/jefffarr/emacs-gptel-shell-mode/config/look-and-feel/themes.el (source)...
Loading /Users/jefffarr/emacs-gptel-shell-mode/config/look-and-feel/org-faces.el (source)...
Loading /Users/jefffarr/emacs-gptel-shell-mode/config/look-and-feel/terminal.el (source)...
Loading /Users/jefffarr/emacs-gptel-shell-mode/config/look-and-feel/vim-tab.el (source)...
Loading /Users/jefffarr/emacs-gptel-shell-mode/config/look-and-feel/imenu.el (source)...
Loading /Users/jefffarr/emacs-gptel-shell-mode/config/transient.el (source)...
=== TRANSIENT DEBUG ===
Before: transient loaded? nil
After: transient loaded from /Users/jefffarr/emacs-gptel-shell-mode/runtime/straight/build/transient/transient.elc
After: transient-version = undefined
After: has transient--set-layout? t
=== END TRANSIENT DEBUG ===
Loading /Users/jefffarr/emacs-gptel-shell-mode/config/activities/activities.el (source)...
Loading /Users/jefffarr/emacs-gptel-shell-mode/config/activities/core.el (source)...
Loading /Users/jefffarr/emacs-gptel-shell-mode/config/activities/projectile.el (source)...
Loading /Users/jefffarr/emacs-gptel-shell-mode/config/activities/org-roam.el (source)...
Loading /Users/jefffarr/emacs-gptel-shell-mode/config/activities/transient.el (source)...
Loading /Users/jefffarr/emacs-gptel-shell-mode/config/language-modes/language-modes.el (source)...
Loading /Users/jefffarr/emacs-gptel-shell-mode/config/language-modes/gtags.el (source)...
Loading /Users/jefffarr/emacs-gptel-shell-mode/config/language-modes/tree-sitter.el (source)...
tsc-dyn-get: Using source :github (:loaded nil :recorded 0.19.4 :requested 0.19.4)
tsc-dyn-get: Recorded version already satifies requested -> loading
tree-sitter-langs: Grammar bundle v0.13.17 was already installed; skipped
Loading /Users/jefffarr/emacs-gptel-shell-mode/config/language-modes/lsp-mode.el (source)...
Loading /Users/jefffarr/emacs-gptel-shell-mode/config/language-modes/projectile.el (source)...
Loading /Users/jefffarr/emacs-gptel-shell-mode/config/language-modes/copilot.el (source)...
Loading /Users/jefffarr/emacs-gptel-shell-mode/config/language-modes/yaml.el (source)...
Loading /Users/jefffarr/emacs-gptel-shell-mode/config/language-modes/json.el (source)...
Loading /Users/jefffarr/emacs-gptel-shell-mode/config/language-modes/markdown-mode.el (source)...
Loading /Users/jefffarr/emacs-gptel-shell-mode/config/language-modes/terraform.el (source)...
Loading /Users/jefffarr/emacs-gptel-shell-mode/config/language-modes/puppet-mode.el (source)...
Loading /Users/jefffarr/emacs-gptel-shell-mode/config/language-modes/python.el (source)...
Loading /Users/jefffarr/emacs-gptel-shell-mode/config/language-modes/typescript.el (source)...
Loading /Users/jefffarr/emacs-gptel-shell-mode/config/language-modes/javascript.el (source)...
Loading /Users/jefffarr/emacs-gptel-shell-mode/config/language-modes/golang.el (source)...
Loading /Users/jefffarr/emacs-gptel-shell-mode/config/language-modes/sql.el (source)...
Loading /Users/jefffarr/emacs-gptel-shell-mode/config/language-modes/docker.el (source)...
Loading /Users/jefffarr/emacs-gptel-shell-mode/config/major-modes/magit.el (source)...
Loading /Users/jefffarr/emacs-gptel-shell-mode/config/major-modes/org.el (source)...
org-super-agenda-mode enabled.
ATTENTION: org-noter-pdf has many featues that depend on the package ‘pdf-tools’
ATTENTION: org-noter-nov needs the package ‘nov’
ATTENTION: org-noter-djvu needs the package ‘djvu’
Loading /Users/jefffarr/emacs-gptel-shell-mode/config/major-modes/org-roam.el (source)...
Clearing removed files... 
Clearing removed files...done
Processing modified files... 
Processing modified files...done
Loading /Users/jefffarr/emacs-gptel-shell-mode/config/major-modes/dirvish.el (source)...
Loading /Users/jefffarr/emacs-gptel-shell-mode/config/bash-parser/bash-parser.el (source)...
Loading /Users/jefffarr/emacs-gptel-shell-mode/config/gptel/chat/chat.el (source)...
Loading /Users/jefffarr/emacs-gptel-shell-mode/config/gptel/chat/mode.el (source)...
Loading /Users/jefffarr/emacs-gptel-shell-mode/config/gptel/chat/parser.el (source)...
Loading /Users/jefffarr/emacs-gptel-shell-mode/config/gptel/chat/stream.el (source)...
Loading /Users/jefffarr/emacs-gptel-shell-mode/config/gptel/chat/send.el (source)...
Loading /Users/jefffarr/emacs-gptel-shell-mode/config/gptel/chat/nav.el (source)...
Loading /Users/jefffarr/emacs-gptel-shell-mode/config/gptel/chat/display.el (source)...
Loading /Users/jefffarr/emacs-gptel-shell-mode/config/gptel/chat/menu.el (source)...
Loading /Users/jefffarr/emacs-gptel-shell-mode/config/gptel/gptel.el (source)...
Loading /Users/jefffarr/emacs-gptel-shell-mode/config/gptel/skills/skills-core.el (source)...
Checking org-roam skills: featurep=nil enabled=unbound
Loaded 13 skill(s) total (13 markdown, 0 org-roam)
Checking org-roam skills: featurep=nil enabled=unbound
Loaded 13 skill(s) total (13 markdown, 0 org-roam)
Loading /Users/jefffarr/emacs-gptel-shell-mode/config/gptel/skills/skills-roam.el (source)...
Loading /Users/jefffarr/emacs-gptel-shell-mode/config/gptel/skills/skills-transient.el (source)...
Loading /Users/jefffarr/emacs-gptel-shell-mode/config/gptel/sessions/constants.el (source)...
Loading /Users/jefffarr/emacs-gptel-shell-mode/config/gptel/sessions/logging.el (source)...
Loading /Users/jefffarr/emacs-gptel-shell-mode/config/gptel/preset-registration.el (source)...
[GPTEL-INFO] Registered 8 presets from /Users/jefffarr/emacs-gptel-shell-mode/config/gptel/presets/
Loading /Users/jefffarr/emacs-gptel-shell-mode/config/gptel/scope/scope-yaml.el (source)...
Loading /Users/jefffarr/emacs-gptel-shell-mode/config/gptel/scope-profiles.el (source)...
Loading /Users/jefffarr/emacs-gptel-shell-mode/config/gptel/scope/scope-metadata.el (source)...
Loading /Users/jefffarr/emacs-gptel-shell-mode/config/gptel/scope/scope-validation.el (source)...
Loading /Users/jefffarr/emacs-gptel-shell-mode/config/gptel/scope/scope-tool-wrapper.el (source)...
Loading /Users/jefffarr/emacs-gptel-shell-mode/config/gptel/tools/filesystem-tools.el (source)...
Loading /Users/jefffarr/emacs-gptel-shell-mode/config/gptel/tools/projectile-tools.el (source)...
Loading /Users/jefffarr/emacs-gptel-shell-mode/config/gptel/tools/ggtags-tools.el (source)...
Loading /Users/jefffarr/emacs-gptel-shell-mode/config/gptel/tools/treesitter-tools.el (source)...
Loading /Users/jefffarr/emacs-gptel-shell-mode/config/gptel/tools/org-roam-tools.el (source)...
Loading /Users/jefffarr/emacs-gptel-shell-mode/config/gptel/tools/sql-tools.el (source)...
Loading /Users/jefffarr/emacs-gptel-shell-mode/config/gptel/tools/meta-tools.el (source)...
Loading /Users/jefffarr/emacs-gptel-shell-mode/config/gptel/tools/community-tools.el (source)...
Loading /Users/jefffarr/emacs-gptel-shell-mode/config/gptel/tools/transient-tools.el (source)...
Loading /Users/jefffarr/emacs-gptel-shell-mode/config/gptel/sessions/filesystem.el (source)...
Loading /Users/jefffarr/emacs-gptel-shell-mode/config/gptel/sessions/registry.el (source)...
Loading /Users/jefffarr/emacs-gptel-shell-mode/config/gptel/sessions/metadata.el (source)...
Loading /Users/jefffarr/emacs-gptel-shell-mode/config/gptel/sessions/branching.el (source)...
Loading /Users/jefffarr/emacs-gptel-shell-mode/config/gptel/scope/scope-expansion.el (source)...
Loading /Users/jefffarr/emacs-gptel-shell-mode/config/gptel/scope/scope-shell-tools.el (source)...
Loading /Users/jefffarr/emacs-gptel-shell-mode/config/gptel/tools/persistent-agent.el (source)...
Loading /Users/jefffarr/emacs-gptel-shell-mode/config/gptel/sessions/commands.el (source)...
Loading /Users/jefffarr/emacs-gptel-shell-mode/config/gptel/scope/scope-filesystem-tools.el (source)...
Loading /Users/jefffarr/emacs-gptel-shell-mode/config/gptel/sessions/activities-integration.el (source)...
Loading /Users/jefffarr/emacs-gptel-shell-mode/config/local/personal.el (source)...
Loading Buttercup test: /Users/jefffarr/emacs-gptel-shell-mode/config/bash-parser/commands/test/cloud-auth-spec.el
Loading /Users/jefffarr/emacs-gptel-shell-mode/config/bash-parser/commands/test/cloud-auth-spec.el (source)...
Loading Buttercup test: /Users/jefffarr/emacs-gptel-shell-mode/config/bash-parser/commands/test/complex-commands-spec.el
Loading /Users/jefffarr/emacs-gptel-shell-mode/config/bash-parser/commands/test/complex-commands-spec.el (source)...
Loading /Users/jefffarr/emacs-gptel-shell-mode/config/bash-parser/commands/git.el (source)...
Loading /Users/jefffarr/emacs-gptel-shell-mode/config/bash-parser/commands/tar.el (source)...
Loading /Users/jefffarr/emacs-gptel-shell-mode/config/bash-parser/commands/find.el (source)...
Loading /Users/jefffarr/emacs-gptel-shell-mode/config/bash-parser/commands/ls.el (source)...
Loading /Users/jefffarr/emacs-gptel-shell-mode/config/bash-parser/commands/docker.el (source)...
Loading /Users/jefffarr/emacs-gptel-shell-mode/config/bash-parser/commands/go.el (source)...
Loading Buttercup test: /Users/jefffarr/emacs-gptel-shell-mode/config/bash-parser/commands/test/flag-commands-spec.el
Loading /Users/jefffarr/emacs-gptel-shell-mode/config/bash-parser/commands/test/flag-commands-spec.el (source)...
Loading /Users/jefffarr/emacs-gptel-shell-mode/config/bash-parser/commands/sed.el (source)...
Loading /Users/jefffarr/emacs-gptel-shell-mode/config/bash-parser/commands/grep.el (source)...
Loading /Users/jefffarr/emacs-gptel-shell-mode/config/bash-parser/commands/interpreters.el (source)...
Loading /Users/jefffarr/emacs-gptel-shell-mode/config/bash-parser/commands/dd.el (source)...
Loading Buttercup test: /Users/jefffarr/emacs-gptel-shell-mode/config/bash-parser/commands/test/index-spec.el
Loading /Users/jefffarr/emacs-gptel-shell-mode/config/bash-parser/commands/test/index-spec.el (source)...
Loading Buttercup test: /Users/jefffarr/emacs-gptel-shell-mode/config/bash-parser/commands/test/multi-domain-spec.el
Loading /Users/jefffarr/emacs-gptel-shell-mode/config/bash-parser/commands/test/multi-domain-spec.el (source)...
Loading Buttercup test: /Users/jefffarr/emacs-gptel-shell-mode/config/bash-parser/commands/test/registry-spec.el
Loading /Users/jefffarr/emacs-gptel-shell-mode/config/bash-parser/commands/test/registry-spec.el (source)...
Loading Buttercup test: /Users/jefffarr/emacs-gptel-shell-mode/config/bash-parser/commands/test/simple-commands-spec.el
Loading /Users/jefffarr/emacs-gptel-shell-mode/config/bash-parser/commands/test/simple-commands-spec.el (source)...
Loading /Users/jefffarr/emacs-gptel-shell-mode/config/bash-parser/commands/cat.el (source)...
Loading /Users/jefffarr/emacs-gptel-shell-mode/config/bash-parser/commands/rm.el (source)...
Loading /Users/jefffarr/emacs-gptel-shell-mode/config/bash-parser/commands/cp.el (source)...
Loading /Users/jefffarr/emacs-gptel-shell-mode/config/bash-parser/commands/chmod.el (source)...
Loading /Users/jefffarr/emacs-gptel-shell-mode/config/bash-parser/commands/zip.el (source)...
Loading /Users/jefffarr/emacs-gptel-shell-mode/config/bash-parser/commands/head.el (source)...
Loading /Users/jefffarr/emacs-gptel-shell-mode/config/bash-parser/commands/tail.el (source)...
Loading /Users/jefffarr/emacs-gptel-shell-mode/config/bash-parser/commands/tee.el (source)...
Loading /Users/jefffarr/emacs-gptel-shell-mode/config/bash-parser/commands/mv.el (source)...
Loading /Users/jefffarr/emacs-gptel-shell-mode/config/bash-parser/commands/gzip.el (source)...
Loading /Users/jefffarr/emacs-gptel-shell-mode/config/bash-parser/commands/gunzip.el (source)...
Loading /Users/jefffarr/emacs-gptel-shell-mode/config/bash-parser/commands/source.el (source)...
Loading Buttercup test: /Users/jefffarr/emacs-gptel-shell-mode/config/bash-parser/commands/test/untested-commands-spec.el
Loading /Users/jefffarr/emacs-gptel-shell-mode/config/bash-parser/commands/test/untested-commands-spec.el (source)...
Loading /Users/jefffarr/emacs-gptel-shell-mode/config/bash-parser/commands/less.el (source)...
Loading /Users/jefffarr/emacs-gptel-shell-mode/config/bash-parser/commands/wc.el (source)...
Loading /Users/jefffarr/emacs-gptel-shell-mode/config/bash-parser/commands/chown.el (source)...
Loading /Users/jefffarr/emacs-gptel-shell-mode/config/bash-parser/commands/chgrp.el (source)...
Loading /Users/jefffarr/emacs-gptel-shell-mode/config/bash-parser/commands/mkdir.el (source)...
Loading /Users/jefffarr/emacs-gptel-shell-mode/config/bash-parser/commands/rmdir.el (source)...
Loading /Users/jefffarr/emacs-gptel-shell-mode/config/bash-parser/commands/touch.el (source)...
Loading /Users/jefffarr/emacs-gptel-shell-mode/config/bash-parser/commands/exec.el (source)...
Loading /Users/jefffarr/emacs-gptel-shell-mode/config/bash-parser/commands/ln.el (source)...
Loading /Users/jefffarr/emacs-gptel-shell-mode/config/bash-parser/commands/bzip2.el (source)...
Loading /Users/jefffarr/emacs-gptel-shell-mode/config/bash-parser/commands/bunzip2.el (source)...
Loading /Users/jefffarr/emacs-gptel-shell-mode/config/bash-parser/commands/unzip.el (source)...
Loading Buttercup test: /Users/jefffarr/emacs-gptel-shell-mode/config/bash-parser/test/corpus/runners/corpus-file-operations-spec.el
Loading /Users/jefffarr/emacs-gptel-shell-mode/config/bash-parser/test/corpus/runners/corpus-file-operations-spec.el (source)...
Loading /Users/jefffarr/emacs-gptel-shell-mode/config/bash-parser/test/corpus/runners/test-corpus-file-operations.el (source)...
Loading Buttercup test: /Users/jefffarr/emacs-gptel-shell-mode/config/bash-parser/test/integration/error-handling-spec.el
Loading /Users/jefffarr/emacs-gptel-shell-mode/config/bash-parser/test/integration/error-handling-spec.el (source)...
Loading Buttercup test: /Users/jefffarr/emacs-gptel-shell-mode/config/bash-parser/test/integration/handler-merge-spec.el
Loading /Users/jefffarr/emacs-gptel-shell-mode/config/bash-parser/test/integration/handler-merge-spec.el (source)...
Loading Buttercup test: /Users/jefffarr/emacs-gptel-shell-mode/config/bash-parser/test/integration/orchestrator-gaps-spec.el
Loading /Users/jefffarr/emacs-gptel-shell-mode/config/bash-parser/test/integration/orchestrator-gaps-spec.el (source)...
Loading Buttercup test: /Users/jefffarr/emacs-gptel-shell-mode/config/bash-parser/test/integration/orchestrator-layers-spec.el
Loading /Users/jefffarr/emacs-gptel-shell-mode/config/bash-parser/test/integration/orchestrator-layers-spec.el (source)...
Loading Buttercup test: /Users/jefffarr/emacs-gptel-shell-mode/config/bash-parser/test/integration/two-layer-contracts-spec.el
Loading /Users/jefffarr/emacs-gptel-shell-mode/config/bash-parser/test/integration/two-layer-contracts-spec.el (source)...
Warning (buttercup-describe): Possible erroneous use of special variable `two-layer--saved-handlers' in :var(*) form
Warning (buttercup-describe): Possible erroneous use of special variable `two-layer--saved-handlers' in :var(*) form
Warning (buttercup-describe): Possible erroneous use of special variable `two-layer--saved-handlers' in :var(*) form
Warning (buttercup-describe): Possible erroneous use of special variable `two-layer--saved-handlers' in :var(*) form
Warning (buttercup-describe): Possible erroneous use of special variable `two-layer--saved-handlers' in :var(*) form
Warning (buttercup-describe): Possible erroneous use of special variable `two-layer--saved-handlers' in :var(*) form
Loading Buttercup test: /Users/jefffarr/emacs-gptel-shell-mode/config/bash-parser/test/unit/core/coverage-structural-spec.el
Loading /Users/jefffarr/emacs-gptel-shell-mode/config/bash-parser/test/unit/core/coverage-structural-spec.el (source)...
Loading Buttercup test: /Users/jefffarr/emacs-gptel-shell-mode/config/bash-parser/test/unit/core/extraction-gaps-spec.el
Loading /Users/jefffarr/emacs-gptel-shell-mode/config/bash-parser/test/unit/core/extraction-gaps-spec.el (source)...
Loading /Users/jefffarr/emacs-gptel-shell-mode/config/bash-parser/commands/ls.el (source)...
Loading Buttercup test: /Users/jefffarr/emacs-gptel-shell-mode/config/bash-parser/test/unit/core/grammar-extraction-spec.el
Loading /Users/jefffarr/emacs-gptel-shell-mode/config/bash-parser/test/unit/core/grammar-extraction-spec.el (source)...
Loading Buttercup test: /Users/jefffarr/emacs-gptel-shell-mode/config/bash-parser/test/unit/core/grammar-redirection-spec.el
Loading /Users/jefffarr/emacs-gptel-shell-mode/config/bash-parser/test/unit/core/grammar-redirection-spec.el (source)...
Loading Buttercup test: /Users/jefffarr/emacs-gptel-shell-mode/config/bash-parser/test/unit/core/handler-coverage-spec.el
Loading /Users/jefffarr/emacs-gptel-shell-mode/config/bash-parser/test/unit/core/handler-coverage-spec.el (source)...
Loading Buttercup test: /Users/jefffarr/emacs-gptel-shell-mode/config/bash-parser/test/unit/core/semantic-pipeline-spec.el
Loading /Users/jefffarr/emacs-gptel-shell-mode/config/bash-parser/test/unit/core/semantic-pipeline-spec.el (source)...
Loading Buttercup test: /Users/jefffarr/emacs-gptel-shell-mode/config/bash-parser/test/unit/core/token-claiming-spec.el
Loading /Users/jefffarr/emacs-gptel-shell-mode/config/bash-parser/test/unit/core/token-claiming-spec.el (source)...
Loading Buttercup test: /Users/jefffarr/emacs-gptel-shell-mode/config/bash-parser/test/unit/core/token-emission-spec.el
Loading /Users/jefffarr/emacs-gptel-shell-mode/config/bash-parser/test/unit/core/token-emission-spec.el (source)...
Loading Buttercup test: /Users/jefffarr/emacs-gptel-shell-mode/config/core/test/resolve-module-path-spec.el
Loading /Users/jefffarr/emacs-gptel-shell-mode/config/core/test/resolve-module-path-spec.el (source)...
Loading Buttercup test: /Users/jefffarr/emacs-gptel-shell-mode/config/core/test/testing-spec.el
Loading /Users/jefffarr/emacs-gptel-shell-mode/config/core/test/testing-spec.el (source)...
Loading Buttercup test: /Users/jefffarr/emacs-gptel-shell-mode/config/gptel/chat/test/parser/buffer-format-spec.el
Loading /Users/jefffarr/emacs-gptel-shell-mode/config/gptel/chat/test/parser/buffer-format-spec.el (source)...
Loading Buttercup test: /Users/jefffarr/emacs-gptel-shell-mode/config/gptel/chat/test/stream/chunk-split-spec.el
Loading /Users/jefffarr/emacs-gptel-shell-mode/config/gptel/chat/test/stream/chunk-split-spec.el (source)...
Loading Buttercup test: /Users/jefffarr/emacs-gptel-shell-mode/config/gptel/chat/test/stream/streaming-spec.el
Loading /Users/jefffarr/emacs-gptel-shell-mode/config/gptel/chat/test/stream/streaming-spec.el (source)...
Loading Buttercup test: /Users/jefffarr/emacs-gptel-shell-mode/config/gptel/chat/test/helpers-spec.el
Loading /Users/jefffarr/emacs-gptel-shell-mode/config/gptel/chat/test/helpers-spec.el (source)...
Loading Buttercup test: /Users/jefffarr/emacs-gptel-shell-mode/config/gptel/scope/test/core/operation-mapping-spec.el
Loading /Users/jefffarr/emacs-gptel-shell-mode/config/gptel/scope/test/core/operation-mapping-spec.el (source)...
Loading Buttercup test: /Users/jefffarr/emacs-gptel-shell-mode/config/gptel/scope/test/expansion/add-bash-to-scope-routing-spec.el
Loading /Users/jefffarr/emacs-gptel-shell-mode/config/gptel/scope/test/expansion/add-bash-to-scope-routing-spec.el (source)...
Loading Buttercup test: /Users/jefffarr/emacs-gptel-shell-mode/config/gptel/scope/test/expansion/add-to-scope-section-targeting-spec.el
Loading /Users/jefffarr/emacs-gptel-shell-mode/config/gptel/scope/test/expansion/add-to-scope-section-targeting-spec.el (source)...
Loading Buttercup test: /Users/jefffarr/emacs-gptel-shell-mode/config/gptel/scope/test/expansion/expansion-integration-spec.el
Loading /Users/jefffarr/emacs-gptel-shell-mode/config/gptel/scope/test/expansion/expansion-integration-spec.el (source)...
Loading Buttercup test: /Users/jefffarr/emacs-gptel-shell-mode/config/gptel/scope/test/expansion/expansion-queue-spec.el
Loading /Users/jefffarr/emacs-gptel-shell-mode/config/gptel/scope/test/expansion/expansion-queue-spec.el (source)...
Loading Buttercup test: /Users/jefffarr/emacs-gptel-shell-mode/config/gptel/scope/test/expansion/expansion-ui-handlers-spec.el
Loading /Users/jefffarr/emacs-gptel-shell-mode/config/gptel/scope/test/expansion/expansion-ui-handlers-spec.el (source)...
Loading Buttercup test: /Users/jefffarr/emacs-gptel-shell-mode/config/gptel/scope/test/expansion/expansion-ui-spec.el
Loading /Users/jefffarr/emacs-gptel-shell-mode/config/gptel/scope/test/expansion/expansion-ui-spec.el (source)...
Loading Buttercup test: /Users/jefffarr/emacs-gptel-shell-mode/config/gptel/scope/test/expansion/trigger-inline-expansion-resource-spec.el
Loading /Users/jefffarr/emacs-gptel-shell-mode/config/gptel/scope/test/expansion/trigger-inline-expansion-resource-spec.el (source)...
Loading Buttercup test: /Users/jefffarr/emacs-gptel-shell-mode/config/gptel/scope/test/integration/bash-add-to-scope-bug-spec.el
Loading /Users/jefffarr/emacs-gptel-shell-mode/config/gptel/scope/test/integration/bash-add-to-scope-bug-spec.el (source)...
Loading Buttercup test: /Users/jefffarr/emacs-gptel-shell-mode/config/gptel/scope/test/integration/bash-multi-violation-expansion-spec.el
Loading /Users/jefffarr/emacs-gptel-shell-mode/config/gptel/scope/test/integration/bash-multi-violation-expansion-spec.el (source)...
Loading Buttercup test: /Users/jefffarr/emacs-gptel-shell-mode/config/gptel/scope/test/integration/bash-parser-contract-layers-spec.el
Loading /Users/jefffarr/emacs-gptel-shell-mode/config/gptel/scope/test/integration/bash-parser-contract-layers-spec.el (source)...
Loading Buttercup test: /Users/jefffarr/emacs-gptel-shell-mode/config/gptel/scope/test/integration/bash-parser-integration-spec.el
Loading /Users/jefffarr/emacs-gptel-shell-mode/config/gptel/scope/test/integration/bash-parser-integration-spec.el (source)...
Loading Buttercup test: /Users/jefffarr/emacs-gptel-shell-mode/config/gptel/scope/test/integration/bash-scope-expansion-integration-spec.el
Loading /Users/jefffarr/emacs-gptel-shell-mode/config/gptel/scope/test/integration/bash-scope-expansion-integration-spec.el (source)...
Loading Buttercup test: /Users/jefffarr/emacs-gptel-shell-mode/config/gptel/scope/test/integration/error-code-contract-spec.el
Loading /Users/jefffarr/emacs-gptel-shell-mode/config/gptel/scope/test/integration/error-code-contract-spec.el (source)...
Loading Buttercup test: /Users/jefffarr/emacs-gptel-shell-mode/config/gptel/scope/test/integration/expansion-roundtrip-spec.el
Loading /Users/jefffarr/emacs-gptel-shell-mode/config/gptel/scope/test/integration/expansion-roundtrip-spec.el (source)...
Loading Buttercup test: /Users/jefffarr/emacs-gptel-shell-mode/config/gptel/scope/test/integration/filesystem-scope-integration-spec.el
Loading /Users/jefffarr/emacs-gptel-shell-mode/config/gptel/scope/test/integration/filesystem-scope-integration-spec.el (source)...
Loading Buttercup test: /Users/jefffarr/emacs-gptel-shell-mode/config/gptel/scope/test/integration/parallel-tool-callback-spec.el
Loading /Users/jefffarr/emacs-gptel-shell-mode/config/gptel/scope/test/integration/parallel-tool-callback-spec.el (source)...
Loading Buttercup test: /Users/jefffarr/emacs-gptel-shell-mode/config/gptel/scope/test/integration/scope-config-integration-spec.el
Loading /Users/jefffarr/emacs-gptel-shell-mode/config/gptel/scope/test/integration/scope-config-integration-spec.el (source)...
Loading Buttercup test: /Users/jefffarr/emacs-gptel-shell-mode/config/gptel/scope/test/tool-wrapper/async-flag-spec.el
Loading /Users/jefffarr/emacs-gptel-shell-mode/config/gptel/scope/test/tool-wrapper/async-flag-spec.el (source)...
Loading Buttercup test: /Users/jefffarr/emacs-gptel-shell-mode/config/gptel/scope/test/tool-wrapper/metadata-spec.el
Loading /Users/jefffarr/emacs-gptel-shell-mode/config/gptel/scope/test/tool-wrapper/metadata-spec.el (source)...
Loading Buttercup test: /Users/jefffarr/emacs-gptel-shell-mode/config/gptel/scope/test/validation/authorize-tool-call-spec.el
Loading /Users/jefffarr/emacs-gptel-shell-mode/config/gptel/scope/test/validation/authorize-tool-call-spec.el (source)...
Loading Buttercup test: /Users/jefffarr/emacs-gptel-shell-mode/config/gptel/scope/test/validation/cloud-auth-spec.el
Loading /Users/jefffarr/emacs-gptel-shell-mode/config/gptel/scope/test/validation/cloud-auth-spec.el (source)...
Loading Buttercup test: /Users/jefffarr/emacs-gptel-shell-mode/config/gptel/scope/test/validation/comprehensive-nil-handling-spec.el
Loading /Users/jefffarr/emacs-gptel-shell-mode/config/gptel/scope/test/validation/comprehensive-nil-handling-spec.el (source)...
Loading Buttercup test: /Users/jefffarr/emacs-gptel-shell-mode/config/gptel/scope/test/validation/error-messages-spec.el
Loading /Users/jefffarr/emacs-gptel-shell-mode/config/gptel/scope/test/validation/error-messages-spec.el (source)...
Loading Buttercup test: /Users/jefffarr/emacs-gptel-shell-mode/config/gptel/scope/test/validation/file-operations-spec.el
Loading /Users/jefffarr/emacs-gptel-shell-mode/config/gptel/scope/test/validation/file-operations-spec.el (source)...
Loading Buttercup test: /Users/jefffarr/emacs-gptel-shell-mode/config/gptel/scope/test/validation/json-serialize-warnings-spec.el
Loading /Users/jefffarr/emacs-gptel-shell-mode/config/gptel/scope/test/validation/json-serialize-warnings-spec.el (source)...
Loading Buttercup test: /Users/jefffarr/emacs-gptel-shell-mode/config/gptel/scope/test/validation/no-op-allowance-spec.el
Loading /Users/jefffarr/emacs-gptel-shell-mode/config/gptel/scope/test/validation/no-op-allowance-spec.el (source)...
Loading Buttercup test: /Users/jefffarr/emacs-gptel-shell-mode/config/gptel/scope/test/validation/parse-completeness-spec.el
Loading /Users/jefffarr/emacs-gptel-shell-mode/config/gptel/scope/test/validation/parse-completeness-spec.el (source)...
Loading Buttercup test: /Users/jefffarr/emacs-gptel-shell-mode/config/gptel/scope/test/validation/path-resolution-spec.el
Loading /Users/jefffarr/emacs-gptel-shell-mode/config/gptel/scope/test/validation/path-resolution-spec.el (source)...
Loading Buttercup test: /Users/jefffarr/emacs-gptel-shell-mode/config/gptel/scope/test/validation/path-validation-spec.el
Loading /Users/jefffarr/emacs-gptel-shell-mode/config/gptel/scope/test/validation/path-validation-spec.el (source)...
Loading Buttercup test: /Users/jefffarr/emacs-gptel-shell-mode/config/gptel/scope/test/validation/resource-limits-spec.el
Loading /Users/jefffarr/emacs-gptel-shell-mode/config/gptel/scope/test/validation/resource-limits-spec.el (source)...
Loading Buttercup test: /Users/jefffarr/emacs-gptel-shell-mode/config/gptel/scope/test/yaml/boolean-normalization-spec.el
Loading /Users/jefffarr/emacs-gptel-shell-mode/config/gptel/scope/test/yaml/boolean-normalization-spec.el (source)...
Loading Buttercup test: /Users/jefffarr/emacs-gptel-shell-mode/config/gptel/scope/test/yaml/round-trip-spec.el
Loading /Users/jefffarr/emacs-gptel-shell-mode/config/gptel/scope/test/yaml/round-trip-spec.el (source)...
Loading Buttercup test: /Users/jefffarr/emacs-gptel-shell-mode/config/gptel/scope/test/yaml/schema-loading-spec.el
Loading /Users/jefffarr/emacs-gptel-shell-mode/config/gptel/scope/test/yaml/schema-loading-spec.el (source)...
Loading Buttercup test: /Users/jefffarr/emacs-gptel-shell-mode/config/gptel/scope/test/helpers-spec.el
Loading /Users/jefffarr/emacs-gptel-shell-mode/config/gptel/scope/test/helpers-spec.el (source)...
Loading Buttercup test: /Users/jefffarr/emacs-gptel-shell-mode/config/gptel/scope/test/simple-async-test-spec.el
Loading /Users/jefffarr/emacs-gptel-shell-mode/config/gptel/scope/test/simple-async-test-spec.el (source)...
Loading Buttercup test: /Users/jefffarr/emacs-gptel-shell-mode/config/gptel/sessions/test/filesystem/directory-templates-spec.el
Loading /Users/jefffarr/emacs-gptel-shell-mode/config/gptel/sessions/test/filesystem/directory-templates-spec.el (source)...
Loading Buttercup test: /Users/jefffarr/emacs-gptel-shell-mode/config/gptel/test/persistent-agent-spec.el
Loading /Users/jefffarr/emacs-gptel-shell-mode/config/gptel/test/persistent-agent-spec.el (source)...
Loading Buttercup test: /Users/jefffarr/emacs-gptel-shell-mode/config/gptel/test/session-creation-spec.el
Loading /Users/jefffarr/emacs-gptel-shell-mode/config/gptel/test/session-creation-spec.el (source)...
Loading Buttercup test: /Users/jefffarr/emacs-gptel-shell-mode/config/gptel/test/session-restoration-spec.el
Loading /Users/jefffarr/emacs-gptel-shell-mode/config/gptel/test/session-restoration-spec.el (source)...
Loading Buttercup test: /Users/jefffarr/emacs-gptel-shell-mode/config/gptel/tools/test/filesystem-tools-spec.el
Loading /Users/jefffarr/emacs-gptel-shell-mode/config/gptel/tools/test/filesystem-tools-spec.el (source)...
Loading Buttercup test: /Users/jefffarr/emacs-gptel-shell-mode/config/gptel/tools/test/helpers-spec.el
Loading /Users/jefffarr/emacs-gptel-shell-mode/config/gptel/tools/test/helpers-spec.el (source)...
Loading Buttercup test: /Users/jefffarr/emacs-gptel-shell-mode/config/gptel/tools/test/test-arg-extraction-spec.el
Loading /Users/jefffarr/emacs-gptel-shell-mode/config/gptel/tools/test/test-arg-extraction-spec.el (source)...
Loading Buttercup test: /Users/jefffarr/emacs-gptel-shell-mode/config/test/contracts/test/contract-bash-parser-spec.el
Loading /Users/jefffarr/emacs-gptel-shell-mode/config/test/contracts/test/contract-bash-parser-spec.el (source)...
Loading Buttercup test: /Users/jefffarr/emacs-gptel-shell-mode/config/test/contracts/test/contract-core-spec.el
Loading /Users/jefffarr/emacs-gptel-shell-mode/config/test/contracts/test/contract-core-spec.el (source)...
Loading Buttercup test: /Users/jefffarr/emacs-gptel-shell-mode/config/test/contracts/test/contract-scope-config-spec.el
Loading /Users/jefffarr/emacs-gptel-shell-mode/config/test/contracts/test/contract-scope-config-spec.el (source)...
Running 1321 out of 1322 specs.

Cloud Authentication Command Handlers
  gcloud CLI
    authentication handler
      extracts --project value[32m      extracts --project value[0m (0.74ms)
      extracts --account value[32m      extracts --account value[0m (0.63ms)
      extracts both --project and --account[32m      extracts both --project and --account[0m (0.62ms)
      returns authentication domain even without project/account[32m      returns authentication domain even without project/account[0m (0.61ms)
    network handler
      returns network domain for any gcloud command[32m      returns network domain for any gcloud command[0m (0.63ms)
    multi-domain integration
      registers two separate handlers for gcloud[32m      registers two separate handlers for gcloud[0m (0.65ms)
      extracts both domains via registry[32m      extracts both domains via registry[0m (0.65ms)
  Azure CLI
    authentication handler
      extracts --subscription value[32m      extracts --subscription value[0m (0.63ms)
      extracts --resource-group value[32m      extracts --resource-group value[0m (0.58ms)
      extracts -g shorthand for resource group[32m      extracts -g shorthand for resource group[0m (0.59ms)
      extracts both --subscription and --resource-group[32m      extracts both --subscription and --resource-group[0m (0.62ms)
      returns authentication domain even without subscription/resource-group[32m      returns authentication domain even without subscription/resource-group[0m (0.61ms)
    network handler
      returns network domain for any az command[32m      returns network domain for any az command[0m (0.63ms)
    multi-domain integration
      registers two separate handlers for az[32m      registers two separate handlers for az[0m (0.67ms)
      extracts both domains via registry[32m      extracts both domains via registry[0m (0.64ms)
  aws-vault
    authentication handler
      extracts profile from exec subcommand[32m      extracts profile from exec subcommand[0m (0.67ms)
      extracts profile from login subcommand[32m      extracts profile from login subcommand[0m (0.65ms)
      skips flags when finding profile[32m      skips flags when finding profile[0m (0.64ms)
      returns authentication domain for non-exec subcommands[32m      returns authentication domain for non-exec subcommands[0m (0.68ms)
      returns authentication domain even without args[32m      returns authentication domain even without args[0m (0.65ms)
    registry integration
      registers authentication handler for aws-vault[32m      registers authentication handler for aws-vault[0m (0.66ms)
      extracts authentication domain via registry[32m      extracts authentication domain via registry[0m (0.60ms)
  cross-provider isolation
    each cloud provider has independent handlers[32m    each cloud provider has independent handlers[0m (0.72ms)

Git command handler
  registration
    is registered in the handler registry[32m    is registered in the handler registry[0m (0.04ms)
  simple subcommands
    classifies git add files as :read[32m    classifies git add files as :read[0m (0.14ms)
    classifies git diff files as :read[32m    classifies git diff files as :read[0m (0.07ms)
    classifies git checkout files as :modify[32m    classifies git checkout files as :modify[0m (0.04ms)
    classifies git clean files as :delete[32m    classifies git clean files as :delete[0m (0.04ms)
    classifies git rm files as :delete[32m    classifies git rm files as :delete[0m (0.04ms)
    classifies git show files as :read[32m    classifies git show files as :read[0m (0.04ms)
    classifies git ls-files as :read[32m    classifies git ls-files as :read[0m (0.04ms)
    classifies git merge as :modify[32m    classifies git merge as :modify[0m (0.04ms)
    classifies git pull as :modify[32m    classifies git pull as :modify[0m (0.10ms)
    classifies git rebase as :modify[32m    classifies git rebase as :modify[0m (0.05ms)
    classifies git reset as :modify[32m    classifies git reset as :modify[0m (0.04ms)
    classifies git restore as :modify[32m    classifies git restore as :modify[0m (0.04ms)
  indexed subcommands
    classifies git apply with index 0 as :read[32m    classifies git apply with index 0 as :read[0m (0.09ms)
    classifies git clone last arg as :write[32m    classifies git clone last arg as :write[0m (0.09ms)
  git mv (multi-operation)
    classifies sources as :delete and dest as :write[32m    classifies sources as :delete and dest as :write[0m (0.15ms)
    handles multiple sources with mv[32m    handles multiple sources with mv[0m (0.13ms)
  git worktree add
    classifies worktree add target as :create[32m    classifies worktree add target as :create[0m (0.10ms)
  nil returns
    returns nil for unknown subcommand[32m    returns nil for unknown subcommand[0m (0.03ms)
    returns nil when no subcommand given[32m    returns nil when no subcommand given[0m (0.03ms)
    returns nil for subcommand with no file args[32m    returns nil for subcommand with no file args[0m (0.03ms)
  result structure
    includes :claimed-token-ids nil[32m    includes :claimed-token-ids nil[0m (0.03ms)
    includes :metadata nil[32m    includes :metadata nil[0m (0.04ms)

Tar command handler
  registration
    is registered in the handler registry[32m    is registered in the handler registry[0m (0.04ms)
  create mode (-c)
    classifies archive as :write and sources as :read[32m    classifies archive as :write and sources as :read[0m (0.17ms)
  extract mode (-x)
    classifies archive as :read and targets as :write[32m    classifies archive as :read and targets as :write[0m (0.12ms)
  list mode (-t)
    classifies archive as :read only[32m    classifies archive as :read only[0m (0.09ms)
  nil returns
    returns nil when no mode flag present[32m    returns nil when no mode flag present[0m (0.04ms)
    returns nil when no archive file specified[32m    returns nil when no archive file specified[0m (0.04ms)

Find command handler
  registration
    is registered in the handler registry[32m    is registered in the handler registry[0m (0.04ms)
  search directory
    classifies first positional arg as :read-directory[32m    classifies first positional arg as :read-directory[0m (0.11ms)
  -name pattern
    classifies -name arg as :match-pattern[32m    classifies -name arg as :match-pattern[0m (0.11ms)
    handles -type flag before -name correctly[32m    handles -type flag before -name correctly[0m (0.09ms)
  nil returns
    returns nil with no positional args[32m    returns nil with no positional args[0m (0.04ms)

Ls command handler
  registration
    is registered in the handler registry[32m    is registered in the handler registry[0m (0.04ms)
  no args
    returns nil when no positional args[32m    returns nil when no positional args[0m (0.04ms)
  glob patterns
    classifies * glob as :match-pattern[32m    classifies * glob as :match-pattern[0m (0.09ms)
    classifies ? glob as :match-pattern[32m    classifies ? glob as :match-pattern[0m (0.05ms)
    classifies [] glob as :match-pattern[32m    classifies [] glob as :match-pattern[0m (0.04ms)
  literal dot
    classifies . as :read-directory[32m    classifies . as :read-directory[0m (0.07ms)
  plain paths
    classifies plain path as :read-directory[32m    classifies plain path as :read-directory[0m (0.09ms)

Docker command handler
  registration
    is registered in the handler registry[32m    is registered in the handler registry[0m (0.04ms)
  docker cp
    classifies source as :read and dest as :write[32m    classifies source as :read and dest as :write[0m (0.16ms)
    includes container paths as-is[32m    includes container paths as-is[0m (0.04ms)
  nil returns
    returns nil for non-cp subcommand[32m    returns nil for non-cp subcommand[0m (0.03ms)
    returns nil for cp with insufficient args[32m    returns nil for cp with insufficient args[0m (0.04ms)

Go command handler
  registration
    is registered in the handler registry[32m    is registered in the handler registry[0m (0.04ms)
  go run
    classifies target as :execute[32m    classifies target as :execute[0m (0.11ms)
  go test
    classifies target as :execute[32m    classifies target as :execute[0m (0.06ms)
  go build
    classifies target as :read[32m    classifies target as :read[0m (0.04ms)
  nil returns
    returns nil for unknown subcommand[32m    returns nil for unknown subcommand[0m (0.04ms)
    returns nil when no target provided[32m    returns nil when no target provided[0m (0.04ms)

Registry integration
  extract-command-semantics
    extracts git operations through the registry[32m    extracts git operations through the registry[0m (0.12ms)
    extracts docker operations through the registry[32m    extracts docker operations through the registry[0m (0.07ms)

sed command handler
  without -i flag
    returns :read for file args[32m    returns :read for file args[0m (0.09ms)
    skips the sed expression (index 0)[32m    skips the sed expression (index 0)[0m (0.09ms)
    returns nil when only expression and no file args[32m    returns nil when only expression and no file args[0m (0.10ms)
  with -i flag
    returns :modify for file args[32m    returns :modify for file args[0m (0.04ms)
    returns :modify with --in-place flag[32m    returns :modify with --in-place flag[0m (0.05ms)
  result structure
    includes :domain :filesystem[32m    includes :domain :filesystem[0m (0.04ms)
    includes :command in each operation[32m    includes :command in each operation[0m (0.04ms)
    includes :confidence :high[32m    includes :confidence :high[0m (0.04ms)

grep command handler
  without -l flag
    returns :read for file args[32m    returns :read for file args[0m (0.06ms)
    skips the pattern (index 0)[32m    skips the pattern (index 0)[0m (0.05ms)
  with -l flag
    returns :match-pattern for file args[32m    returns :match-pattern for file args[0m (0.04ms)
    returns :match-pattern with --files-with-matches flag[32m    returns :match-pattern with --files-with-matches flag[0m (0.04ms)
  returns nil when only pattern and no file args
    returns nil[32m    returns nil[0m (0.04ms)
  alias registration
    registers handler for grep[32m    registers handler for grep[0m (0.04ms)
    registers handler for egrep[32m    registers handler for egrep[0m (0.05ms)
    registers handler for fgrep[32m    registers handler for fgrep[0m (0.03ms)
  preserves command name
    uses egrep as :command when invoked as egrep[32m    uses egrep as :command when invoked as egrep[0m (0.04ms)

egrep command handler
  without -l flag
    returns :read for file args[32m    returns :read for file args[0m (0.06ms)
    skips the pattern (index 0)[32m    skips the pattern (index 0)[0m (0.04ms)
  with -l flag
    returns :match-pattern for file args[32m    returns :match-pattern for file args[0m (0.04ms)
    returns :match-pattern with --files-with-matches flag[32m    returns :match-pattern with --files-with-matches flag[0m (0.04ms)
  returns nil when only pattern and no file args
    returns nil[32m    returns nil[0m (0.04ms)
  preserves command name
    uses egrep as :command when invoked as egrep[32m    uses egrep as :command when invoked as egrep[0m (0.04ms)

fgrep command handler
  without -l flag
    returns :read for file args[32m    returns :read for file args[0m (0.07ms)
    skips the pattern (index 0)[32m    skips the pattern (index 0)[0m (0.04ms)
  with -l flag
    returns :match-pattern for file args[32m    returns :match-pattern for file args[0m (0.04ms)
    returns :match-pattern with --files-with-matches flag[32m    returns :match-pattern with --files-with-matches flag[0m (0.04ms)
  returns nil when only pattern and no file args
    returns nil[32m    returns nil[0m (0.03ms)
  preserves command name
    uses fgrep as :command when invoked as fgrep[32m    uses fgrep as :command when invoked as fgrep[0m (0.04ms)

interpreter command handler
  without inline flags
    returns :execute for python script[32m    returns :execute for python script[0m (0.10ms)
    returns :execute for node script[32m    returns :execute for node script[0m (0.04ms)
    returns :execute for bash script[32m    returns :execute for bash script[0m (0.04ms)
    returns :execute for ruby script[32m    returns :execute for ruby script[0m (0.04ms)
    returns :execute for perl script[32m    returns :execute for perl script[0m (0.04ms)
  with inline flags
    returns nil for python -c[32m    returns nil for python -c[0m (0.04ms)
    returns nil for python -m[32m    returns nil for python -m[0m (0.04ms)
    returns nil for node -e[32m    returns nil for node -e[0m (0.04ms)
    returns nil for node --eval[32m    returns nil for node --eval[0m (0.04ms)
    returns nil for node -p[32m    returns nil for node -p[0m (0.04ms)
    returns nil for node --print[32m    returns nil for node --print[0m (0.04ms)
    returns nil for bash -c[32m    returns nil for bash -c[0m (0.04ms)
    returns nil for sh -c[32m    returns nil for sh -c[0m (0.04ms)
    returns nil for zsh -c[32m    returns nil for zsh -c[0m (0.04ms)
    returns nil for ruby -e[32m    returns nil for ruby -e[0m (0.04ms)
    returns nil for perl -e[32m    returns nil for perl -e[0m (0.04ms)
    returns nil for perl -E[32m    returns nil for perl -E[0m (0.04ms)
    returns nil for php -r[32m    returns nil for php -r[0m (0.04ms)
  with no positional args and no inline flags
    returns nil[32m    returns nil[0m (0.04ms)
  registration
    registers all interpreter commands[32m    registers all interpreter commands[0m (0.24ms)
  preserves command name
    uses python3 as :command when invoked as python3[32m    uses python3 as :command when invoked as python3[0m (0.04ms)

dd command handler
  if= argument
    extracts :read operation from if= arg[32m    extracts :read operation from if= arg[0m (0.09ms)
  of= argument
    extracts :write operation from of= arg[32m    extracts :write operation from of= arg[0m (0.06ms)
  both if= and of=
    extracts both :read and :write operations[32m    extracts both :read and :write operations[0m (0.14ms)
  no if= or of= args
    returns nil when no file args[32m    returns nil when no file args[0m (0.03ms)
    returns nil with empty positional args[32m    returns nil with empty positional args[0m (0.03ms)
  ignores empty values
    ignores if= with empty value[32m    ignores if= with empty value[0m (0.04ms)
    ignores of= with empty value[32m    ignores of= with empty value[0m (0.03ms)
  result structure
    includes :command dd[32m    includes :command dd[0m (0.04ms)
    includes :confidence :high[32m    includes :confidence :high[0m (0.04ms)
    registers handler for dd[32m    registers handler for dd[0m (0.04ms)

bash-commands-index auto-discovery
  jf/bash-commands--discover-and-load
    discovers .el files in the commands directory[32m    discovers .el files in the commands directory[0m (3.01ms)
    excludes index.el from discovery[32m    excludes index.el from discovery[0m (1.94ms)
    isolates errors - one failing file does not prevent othersbash-commands-index: Error loading bad-handler.el: Intentional test error
[32m    isolates errors - one failing file does not prevent others[0m (2.02ms)
    returns empty list when no handler files exist[32m    returns empty list when no handler files exist[0m (1.13ms)
    returns list of successfully loaded file paths[32m    returns list of successfully loaded file paths[0m (2.10ms)

Multi-Domain Command Handlers
  AWS CLI
    filesystem handler
      detects local file as :read source in s3 cp upload[32m      detects local file as :read source in s3 cp upload[0m (0.66ms)
      detects local file as :write dest in s3 cp download[32m      detects local file as :write dest in s3 cp download[0m (0.59ms)
      detects local dir as :read source in s3 sync[32m      detects local dir as :read source in s3 sync[0m (0.57ms)
      detects local file as :delete in s3 mv[32m      detects local file as :delete in s3 mv[0m (0.56ms)
      skips s3:// paths as remote[32m      skips s3:// paths as remote[0m (0.49ms)
      returns nil for non-s3 subcommands[32m      returns nil for non-s3 subcommands[0m (0.48ms)
      handles both local source and dest[32m      handles both local source and dest[0m (0.52ms)
    authentication handler
      extracts --profile value[32m      extracts --profile value[0m (0.53ms)
      extracts --region value[32m      extracts --region value[0m (0.49ms)
      extracts both --profile and --region[32m      extracts both --profile and --region[0m (0.54ms)
      returns authentication domain even without profile/region[32m      returns authentication domain even without profile/region[0m (0.51ms)
    network handler
      returns network domain for any aws command[32m      returns network domain for any aws command[0m (0.53ms)
      returns network domain for ec2 commands[32m      returns network domain for ec2 commands[0m (0.48ms)
    multi-domain integration
      registers three separate handlers for aws[32m      registers three separate handlers for aws[0m (0.56ms)
      extracts all three domains via registry[32m      extracts all three domains via registry[0m (0.56ms)
      isolates handler failure from other domainsHandler error for aws/:filesystem: Simulated failure
[32m      isolates handler failure from other domains[0m (0.57ms)
  curl
    filesystem handler
      detects -o output file as :write[32m      detects -o output file as :write[0m (0.59ms)
      detects --output file as :write[32m      detects --output file as :write[0m (0.54ms)
      detects -d @file as :read with @ stripped[32m      detects -d @file as :read with @ stripped[0m (0.60ms)
      detects --data @file as :read[32m      detects --data @file as :read[0m (0.52ms)
      ignores -d without @ prefix (inline data)[32m      ignores -d without @ prefix (inline data)[0m (0.48ms)
      detects -T upload file as :read[32m      detects -T upload file as :read[0m (0.55ms)
      detects --upload-file as :read[32m      detects --upload-file as :read[0m (0.53ms)
      detects multiple file operations in one command[32m      detects multiple file operations in one command[0m (0.51ms)
      returns nil when no file operations present[32m      returns nil when no file operations present[0m (0.47ms)
    network handler
      extracts https URL[32m      extracts https URL[0m (0.58ms)
      extracts http URL[32m      extracts http URL[0m (0.47ms)
      extracts URL from among flags[32m      extracts URL from among flags[0m (0.56ms)
      returns nil when no URL present[32m      returns nil when no URL present[0m (0.47ms)
    multi-domain integration
      registers two separate handlers for curl[32m      registers two separate handlers for curl[0m (0.54ms)
      extracts both domains via registry[32m      extracts both domains via registry[0m (0.52ms)
      returns only network domain when no file ops[32m      returns only network domain when no file ops[0m (0.50ms)
  domain independence
    one command's handlers do not affect another command[32m    one command's handlers do not affect another command[0m (0.50ms)
    handler errors in one domain do not prevent other domainsHandler error for curl/:filesystem: Test error
[32m    handler errors in one domain do not prevent other domains[0m (0.52ms)

Handler Registry
  jf/bash-command-handlers initialization
    is a hash table[32m    is a hash table[0m (0.03ms)
    uses equal test for string keys[32m    uses equal test for string keys[0m (0.04ms)
  jf/bash-register-command-handler
    registers a handler for a command and domain[32m    registers a handler for a command and domain[0m (0.09ms)
    signals error when :command is missing[32m    signals error when :command is missing[0m (0.04ms)
    signals error when :domain is missing[32m    signals error when :domain is missing[0m (0.03ms)
    signals error when :handler is missing[32m    signals error when :handler is missing[0m (0.03ms)
    registers multiple handlers for the same domain[32m    registers multiple handlers for the same domain[0m (0.07ms)
    registers handlers for multiple domains[32m    registers handlers for multiple domains[0m (0.06ms)
  jf/bash-lookup-command-handlers
    returns domain hash table for registered command[32m    returns domain hash table for registered command[0m (0.06ms)
    returns nil for unregistered command[32m    returns nil for unregistered command[0m (0.04ms)
    preserves handler registration order[32m    preserves handler registration order[0m (0.04ms)
  jf/bash-extract-command-semantics
    extracts semantics for single-domain command[32m    extracts semantics for single-domain command[0m (0.12ms)
    extracts semantics for multi-domain command[32m    extracts semantics for multi-domain command[0m (0.08ms)
    isolates handler errors and continuesHandler error for test-cmd/:broken: Test handler error
[32m    isolates handler errors and continues[0m (0.08ms)
    merges operations from multiple handlers in same domain[32m    merges operations from multiple handlers in same domain[0m (0.10ms)
    collects and deduplicates claimed token IDs[32m    collects and deduplicates claimed token IDs[0m (0.10ms)
    returns empty domains for unregistered command[32m    returns empty domains for unregistered command[0m (0.06ms)
    dispatches only to the matching command's handlers[32m    dispatches only to the matching command's handlers[0m (0.10ms)
    passes the full parsed-command to the handler[32m    passes the full parsed-command to the handler[0m (0.12ms)
    returns consistent plist structure even with no handlers[32m    returns consistent plist structure even with no handlers[0m (0.07ms)
    skips handlers that return nil[32m    skips handlers that return nil[0m (0.04ms)

Simple Read Commands
  cat handler
    extracts :read for single file[32m    extracts :read for single file[0m (0.09ms)
    extracts :read for multiple files[32m    extracts :read for multiple files[0m (0.12ms)
    returns empty operations for no args[32m    returns empty operations for no args[0m (0.04ms)

Head/Tail Commands
  head handler
    extracts :read skipping -n flag arg[32m    extracts :read skipping -n flag arg[0m (0.06ms)
    extracts :read for file without flags[32m    extracts :read for file without flags[0m (0.07ms)
    skips -c flag arg too[32m    skips -c flag arg too[0m (0.07ms)
  tail handler
    extracts :read skipping -n flag arg[32m    extracts :read skipping -n flag arg[0m (0.07ms)

Delete Commands
  rm handler
    extracts :delete for single file[32m    extracts :delete for single file[0m (0.09ms)
    extracts :delete for multiple files[32m    extracts :delete for multiple files[0m (0.09ms)

Multi-Operation Commands
  cp handler
    extracts :read for sources and :write for destination[32m    extracts :read for sources and :write for destination[0m (0.14ms)
    handles multiple sources[32m    handles multiple sources[0m (0.14ms)
    returns empty for single arg (no destination)[32m    returns empty for single arg (no destination)[0m (0.04ms)
  mv handler
    extracts :delete for sources and :write for destination[32m    extracts :delete for sources and :write for destination[0m (0.09ms)

Modify Commands
  chmod handler
    extracts :modify skipping mode arg[32m    extracts :modify skipping mode arg[0m (0.09ms)
    handles multiple files after mode[32m    handles multiple files after mode[0m (0.09ms)
    returns empty for mode-only (no files)[32m    returns empty for mode-only (no files)[0m (0.05ms)

Zip/Compression Commands
  zip handler
    extracts :write for zip file and :read for sources[32m    extracts :write for zip file and :read for sources[0m (0.17ms)
  gzip handler
    extracts :read and :write with .gz suffix[32m    extracts :read and :write with .gz suffix[0m (0.15ms)
  gunzip handler
    extracts :read and :write stripping .gz suffix[32m    extracts :read and :write stripping .gz suffix[0m (0.14ms)

Tee Command
  extracts :write without append flag[32m  extracts :write without append flag[0m (0.08ms)
  extracts :append with -a flag[32m  extracts :append with -a flag[0m (0.07ms)
  extracts :append with --append flag[32m  extracts :append with --append flag[0m (0.07ms)

Execute Commands
  source handler
    extracts :execute for source command[32m    extracts :execute for source command[0m (0.09ms)
    extracts :execute for dot command[32m    extracts :execute for dot command[0m (0.10ms)

Read Commands
  less handler
    extracts :read for single file[32m    extracts :read for single file[0m (0.09ms)
    extracts :read for multiple files[32m    extracts :read for multiple files[0m (0.12ms)
    returns empty operations for no args[32m    returns empty operations for no args[0m (0.04ms)
  wc handler
    extracts :read for single file[32m    extracts :read for single file[0m (0.10ms)
    extracts :read for multiple files[32m    extracts :read for multiple files[0m (0.09ms)
    returns empty operations for no args[32m    returns empty operations for no args[0m (0.04ms)
  unzip handler
    extracts :read for archive file[32m    extracts :read for archive file[0m (0.10ms)
    extracts :read for multiple archives[32m    extracts :read for multiple archives[0m (0.05ms)
    returns empty operations for no args[32m    returns empty operations for no args[0m (0.04ms)

Modify Commands
  chown handler
    extracts :modify skipping owner arg[32m    extracts :modify skipping owner arg[0m (0.09ms)
    handles multiple files after owner[32m    handles multiple files after owner[0m (0.10ms)
    returns empty for owner-only (no files)[32m    returns empty for owner-only (no files)[0m (0.04ms)
    returns empty for no args[32m    returns empty for no args[0m (0.04ms)
  chgrp handler
    extracts :modify skipping group arg[32m    extracts :modify skipping group arg[0m (0.10ms)
    handles multiple files after group[32m    handles multiple files after group[0m (0.12ms)
    returns empty for group-only (no files)[32m    returns empty for group-only (no files)[0m (0.04ms)
    returns empty for no args[32m    returns empty for no args[0m (0.04ms)

Create Commands
  mkdir handler
    extracts :create for single directory[32m    extracts :create for single directory[0m (0.09ms)
    extracts :create for multiple directories[32m    extracts :create for multiple directories[0m (0.12ms)
    returns empty operations for no args[32m    returns empty operations for no args[0m (0.04ms)

Delete Commands
  rmdir handler
    extracts :delete for single directory[32m    extracts :delete for single directory[0m (0.10ms)
    extracts :delete for multiple directories[32m    extracts :delete for multiple directories[0m (0.09ms)
    returns empty operations for no args[32m    returns empty operations for no args[0m (0.04ms)

Create-or-Modify Commands
  touch handler
    extracts :create-or-modify for single file[32m    extracts :create-or-modify for single file[0m (0.10ms)
    extracts :create-or-modify for multiple files[32m    extracts :create-or-modify for multiple files[0m (0.10ms)
    returns empty operations for no args[32m    returns empty operations for no args[0m (0.04ms)

Execute Commands
  exec handler
    extracts :execute for first arg only[32m    extracts :execute for first arg only[0m (0.09ms)
    extracts :execute for single arg[32m    extracts :execute for single arg[0m (0.09ms)
    returns empty operations for no args[32m    returns empty operations for no args[0m (0.04ms)

Multi-Operation Commands
  ln handler
    extracts :read for source and :write for destination[32m    extracts :read for source and :write for destination[0m (0.14ms)
    handles multiple sources[32m    handles multiple sources[0m (0.14ms)
    returns empty for single arg (no destination)[32m    returns empty for single arg (no destination)[0m (0.04ms)
    returns empty for no args[32m    returns empty for no args[0m (0.03ms)

Compression Commands
  bzip2 handler
    extracts :read and :write with .bz2 suffix[32m    extracts :read and :write with .bz2 suffix[0m (0.14ms)
    handles multiple files[32m    handles multiple files[0m (0.18ms)
    returns empty operations for no args[32m    returns empty operations for no args[0m (0.04ms)
  bunzip2 handler
    extracts :read and :write stripping .bz2 suffix[32m    extracts :read and :write stripping .bz2 suffix[0m (0.14ms)
    handles file without .bz2 suffix[32m    handles file without .bz2 suffix[0m (0.14ms)
    handles multiple files[32m    handles multiple files[0m (0.14ms)
    returns empty operations for no args[32m    returns empty operations for no args[0m (0.04ms)

Handler Registration
  registers less in the handler registry[32m  registers less in the handler registry[0m (0.04ms)
  registers wc in the handler registry[32m  registers wc in the handler registry[0m (0.04ms)
  registers chown in the handler registry[32m  registers chown in the handler registry[0m (0.04ms)
  registers chgrp in the handler registry[32m  registers chgrp in the handler registry[0m (0.04ms)
  registers mkdir in the handler registry[32m  registers mkdir in the handler registry[0m (0.03ms)
  registers rmdir in the handler registry[32m  registers rmdir in the handler registry[0m (0.04ms)
  registers touch in the handler registry[32m  registers touch in the handler registry[0m (0.04ms)
  registers exec in the handler registry[32m  registers exec in the handler registry[0m (0.03ms)
  registers ln in the handler registry[32m  registers ln in the handler registry[0m (0.04ms)
  registers bzip2 in the handler registry[32m  registers bzip2 in the handler registry[0m (0.03ms)
  registers bunzip2 in the handler registry[32m  registers bunzip2 in the handler registry[0m (0.04ms)
  registers unzip in the handler registry[32m  registers unzip in the handler registry[0m (0.05ms)

Corpus file operations via jf/bash-extract-semantics
  corpus count verification
    has the expected number of corpus test cases[32m    has the expected number of corpus test cases[0m (0.05ms)
    generates one spec per corpus test case[32m    generates one spec per corpus test case[0m (0.04ms)
  all corpus cases
    read-001: Simple file read[32m    read-001: Simple file read[0m (2.68ms)
    read-002: Grep reads file (skips pattern argument)[32m    read-002: Grep reads file (skips pattern argument)[0m (2.32ms)
    read-003: Head reads file[32m    read-003: Head reads file[0m (2.16ms)
    read-004: Tail reads file[32m    read-004: Tail reads file[0m (2.12ms)
    read-005: Word count reads file[32m    read-005: Word count reads file[0m (2.12ms)
    read-006: Less reads file[32m    read-006: Less reads file[0m (2.16ms)
    write-001: Touch creates or updates file[32m    write-001: Touch creates or updates file[0m (2.16ms)
    write-002: Redirection writes to file[32m    write-002: Redirection writes to file[0m (2.21ms)
    write-003: Append redirection and read input[32m    write-003: Append redirection and read input[0m (2.22ms)
    write-004: Tee writes to file and stdout[32m    write-004: Tee writes to file and stdout[0m (2.17ms)
    delete-001: Simple file deletion[32m    delete-001: Simple file deletion[0m (2.13ms)
    delete-002: Recursive deletion (dangerous)[32m    delete-002: Recursive deletion (dangerous)[0m (2.12ms)
    delete-003: Remove empty directory[32m    delete-003: Remove empty directory[0m (2.12ms)
    delete-004: Delete multiple files[32m    delete-004: Delete multiple files[0m (2.22ms)
    copy-001: Copy file (read source, write dest)[32m    copy-001: Copy file (read source, write dest)[0m (2.17ms)
    copy-002: Recursive copy[32m    copy-002: Recursive copy[0m (2.16ms)
    copy-003: Copy multiple files to directory[32m    copy-003: Copy multiple files to directory[0m (2.30ms)
    move-001: Move/rename file[32m    move-001: Move/rename file[0m (2.22ms)
    move-002: Move file to directory[32m    move-002: Move file to directory[0m (2.21ms)
    modify-001: Chmod modifies permissions[32m    modify-001: Chmod modifies permissions[0m (2.12ms)
    modify-002: Chown modifies ownership[32m    modify-002: Chown modifies ownership[0m (2.14ms)
    modify-003: Sed with -i modifies in-place[32m    modify-003: Sed with -i modifies in-place[0m (2.18ms)
    modify-004: Sed without -i only reads (outputs to stdout)[32m    modify-004: Sed without -i only reads (outputs to stdout)[0m (2.12ms)
    redirect-001: Input redirection reads file[32m    redirect-001: Input redirection reads file[0m (2.15ms)
    redirect-002: Stderr redirection writes file[32m    redirect-002: Stderr redirection writes file[0m (2.15ms)
    redirect-003: Multiple redirections[32m    redirect-003: Multiple redirections[0m (2.20ms)
    redirect-004: Read input, write output, write error[32m    redirect-004: Read input, write output, write error[0m (2.23ms)
    glob-001: Glob pattern in delete[32m    glob-001: Glob pattern in delete[0m (2.23ms)
    glob-002: Recursive glob pattern[32m    glob-002: Recursive glob pattern[0m (2.16ms)
    glob-003: Copy with glob source[32m    glob-003: Copy with glob source[0m (2.23ms)
    glob-004: Brace expansion pattern[32m    glob-004: Brace expansion pattern[0m (2.13ms)
    pipeline-001: Pipeline with read and write[32m    pipeline-001: Pipeline with read and write[0m (2.26ms)
    pipeline-002: Three-stage pipeline[32m    pipeline-002: Three-stage pipeline[0m (2.27ms)
    chain-001: Delete then create in chain[32m    chain-001: Delete then create in chain[0m (2.22ms)
    chain-002: Overwrite then append chain[32m    chain-002: Overwrite then append chain[0m (2.60ms)
    chain-003: Backup then delete[32m    chain-003: Backup then delete[0m (2.23ms)
    find-001: Find and delete matching files[32m    find-001: Find and delete matching files[0m (2.25ms)
    find-002: Find, read files, redirect to output[32m    find-002: Find, read files, redirect to output[0m (2.24ms)
    find-003: Find with multiple exec blocks[32m    find-003: Find with multiple exec blocks[0m (2.28ms)
    variable-001: Simple variable reference (unresolved)[32m    variable-001: Simple variable reference (unresolved)[0m (2.17ms)
    variable-002: Simple variable reference (resolved)[32m    variable-002: Simple variable reference (resolved)[0m (2.21ms)
    variable-003: Variable with braces (unresolved)[32m    variable-003: Variable with braces (unresolved)[0m (2.19ms)
    variable-004: Variable with braces (resolved)[32m    variable-004: Variable with braces (resolved)[0m (2.21ms)
    variable-005: Multiple variables (partially resolved)[32m    variable-005: Multiple variables (partially resolved)[0m (2.35ms)
    variable-chain-001: Variable assignment and usage in chain[32m    variable-chain-001: Variable assignment and usage in chain[0m (2.25ms)
    variable-chain-002: Sequential variable resolution[32m    variable-chain-002: Sequential variable resolution[0m (2.29ms)
    variable-chain-003: Variable used multiple times after assignment[32m    variable-chain-003: Variable used multiple times after assignment[0m (2.35ms)
    git-001: Git add reads file[32m    git-001: Git add reads file[0m (2.21ms)
    git-002: Git add with glob pattern[32m    git-002: Git add with glob pattern[0m (2.27ms)
    git-003: Git checkout modifies file[32m    git-003: Git checkout modifies file[0m (2.18ms)
    git-004: Git log with redirection[32m    git-004: Git log with redirection[0m (2.18ms)
    directory-001: Create directory[32m    directory-001: Create directory[0m (2.23ms)
    directory-002: Create nested directories[32m    directory-002: Create nested directories[0m (2.22ms)
    archive-001: Create tar archive (reads source, writes archive)[32m    archive-001: Create tar archive (reads source, writes archive)[0m (2.23ms)
    archive-002: Extract tar archive (reads archive, writes files)[32m    archive-002: Extract tar archive (reads archive, writes files)[0m (2.18ms)
    archive-003: Create zip archive[32m    archive-003: Create zip archive[0m (2.32ms)
    no-ops-001: Echo with no file operations[32m    no-ops-001: Echo with no file operations[0m (2.18ms)
    no-ops-002: Ls lists but doesn't modify[32m    no-ops-002: Ls lists but doesn't modify[0m (2.17ms)
    no-ops-003: Pwd prints directory[32m    no-ops-003: Pwd prints directory[0m (2.14ms)
    no-ops-004: Git status reads repo but not user files[32m    no-ops-004: Git status reads repo but not user files[0m (2.24ms)
    match-pattern-001: Find searches for pattern[32m    match-pattern-001: Find searches for pattern[0m (2.23ms)
    match-pattern-002: Ls with glob pattern[32m    match-pattern-002: Ls with glob pattern[0m (2.25ms)
    match-pattern-003: Grep -l searches for matching files[32m    match-pattern-003: Grep -l searches for matching files[0m (2.22ms)
    match-pattern-004: Ls with plain path produces :read-directory[32m    match-pattern-004: Ls with plain path produces :read-directory[0m (2.18ms)
    match-pattern-005: Find with absolute path and pattern[32m    match-pattern-005: Find with absolute path and pattern[0m (2.23ms)
    match-pattern-006: Ls with recursive glob pattern[32m    match-pattern-006: Ls with recursive glob pattern[0m (2.18ms)
    match-pattern-007: Grep with long form flag searches for matching files[32m    match-pattern-007: Grep with long form flag searches for matching files[0m (2.24ms)
    match-pattern-008: Grep without -l reads file (not match-pattern)[32m    match-pattern-008: Grep without -l reads file (not match-pattern)[0m (2.19ms)
    integration-001: Complex: loop + substitution + conditional + nested substitution[32m    integration-001: Complex: loop + substitution + conditional + nested substitution[0m (15.07ms)
    integration-002: Pipeline with pattern substitution and redirect[31m    integration-002: Pipeline with pattern substitution and redirect[0m[31m  Expected `(length (or fs-ops 'nil))' to be `equal' to `4', but instead it was `3' which does not match because: (different-atoms (3 "#x3" "?") (4 "#x4" "?")).[0m (4.53ms)
    integration-003: Loop + conditional + directory operations[32m    integration-003: Loop + conditional + directory operations[0m (8.66ms)
    integration-004: Heredoc piped to while loop with dynamic file writes[32m    integration-004: Heredoc piped to while loop with dynamic file writes[0m (2.30ms)
    integration-005: Conditional with pipeline and file operations[32m    integration-005: Conditional with pipeline and file operations[0m (6.43ms)

Orchestrator error handling
  extraction errors are distinguishable from empty results
    echo hello has empty :filesystem — legitimate no-op[32m    echo hello has empty :filesystem — legitimate no-op[0m (10.76ms)
    cat file.txt has non-empty :filesystem — extraction succeeded[32m    cat file.txt has non-empty :filesystem — extraction succeeded[0m (10.20ms)
    malformed parse input does not silently produce empty result[32m    malformed parse input does not silently produce empty result[0m (8.09ms)
  extraction preserves results across layers
    cat file.txt produces operations with coverage[32m    cat file.txt produces operations with coverage[0m (10.51ms)
    cat input.txt > output.txt preserves both handler and redirection ops[32m    cat input.txt > output.txt preserves both handler and redirection ops[0m (10.58ms)
    rm a.txt && touch b.txt preserves operations from both subcommands[32m    rm a.txt && touch b.txt preserves operations from both subcommands[0m (10.31ms)

Orchestrator Handler Merge
  handler results appearing in orchestrator output
    includes handler :domains in orchestrator result[32m    includes handler :domains in orchestrator result[0m (0.16ms)
    includes handler claimed-token-ids in orchestrator coverage[32m    includes handler claimed-token-ids in orchestrator coverage[0m (0.13ms)
    includes multi-domain handler results in orchestrator output[32m    includes multi-domain handler results in orchestrator output[0m (0.11ms)

Layer 3: orchestrator wiring
  ls command handler is registered[32m  ls command handler is registered[0m (0.05ms)
  jf/bash-extract-semantics round-trip
    extracts :write for echo hello > /tmp/out.txt[32m    extracts :write for echo hello > /tmp/out.txt[0m (2.35ms)
    extracts :append for echo data >> /tmp/log.txt[32m    extracts :append for echo data >> /tmp/log.txt[0m (2.21ms)
    extracts :read-directory for ls /tmp[32m    extracts :read-directory for ls /tmp[0m (2.17ms)

Orchestrator two-layer architecture
  Layer 0 results are not silently discarded
    Layer 0 does not throw during extraction of cat file.txt[32m    Layer 0 does not throw during extraction of cat file.txt[0m (10.63ms)
    returns operations from Layer 0 for cat with positional arg[32m    returns operations from Layer 0 for cat with positional arg[0m (10.52ms)
  redirections are not lost when command has a handler
    extracts both :read and :write for cat input.txt > output.txt[32m    extracts both :read and :write for cat input.txt > output.txt[0m (10.28ms)
    extracts all three operations for cat input.txt > output.txt 2> error.txt[32m    extracts all three operations for cat input.txt > output.txt 2> error.txt[0m (10.41ms)
    extracts :read and :append for cat input.txt >> output.txt[32m    extracts :read and :append for cat input.txt >> output.txt[0m (10.18ms)
    extracts redirection :write alongside grep handler operations[32m    extracts redirection :write alongside grep handler operations[0m (10.69ms)
  compound commands with handler commands
    extracts operations from both sides of rm temp.txt && touch new.txt[32m    extracts operations from both sides of rm temp.txt && touch new.txt[0m (10.52ms)
    extracts all four operations from chain with redirections[32m    extracts all four operations from chain with redirections[0m (10.38ms)
    extracts operations from pipeline with handler commands[32m    extracts operations from pipeline with handler commands[0m (9.88ms)
    extracts all operations from cp source.txt backup.txt && rm source.txt[32m    extracts all operations from cp source.txt backup.txt && rm source.txt[0m (10.03ms)
  coverage reflects Layer 0 contributions
    claims tokens for cat file.txt (not zero coverage)[32m    claims tokens for cat file.txt (not zero coverage)[0m (10.42ms)
    claims redirection tokens for cat input.txt > output.txt[32m    claims redirection tokens for cat input.txt > output.txt[0m (10.48ms)

Layer 0: Grammar decomposition
  simple commands
    yields one entry for a simple command[32m    yields one entry for a simple command[0m (2.15ms)
    includes redirection operations in the entry[32m    includes redirection operations in the entry[0m (2.21ms)
    extracts all redirection types from a single command[32m    extracts all redirection types from a single command[0m (2.09ms)
    extracts append redirections[32m    extracts append redirections[0m (2.07ms)
    extracts input redirections[32m    extracts input redirections[0m (2.12ms)
  pipelines
    yields one entry per pipeline segment[32m    yields one entry per pipeline segment[0m (2.24ms)
    preserves per-segment redirections[32m    preserves per-segment redirections[0m (2.25ms)
  chains
    yields one entry per chain command[32m    yields one entry per chain command[0m (2.15ms)
    accumulates var-context across chain commands[32m    accumulates var-context across chain commands[0m (2.10ms)
    tracks directory changes across chain commands[32m    tracks directory changes across chain commands[0m (2.24ms)
    preserves redirections within chain commands[32m    preserves redirections within chain commands[0m (2.20ms)
  nested structures
    yields entries for subshell contents[32m    yields entries for subshell contents[0m (4.24ms)
    marks subshell entries with metadata[32m    marks subshell entries with metadata[0m (4.17ms)
    yields entries for conditional branches[32m    yields entries for conditional branches[0m (8.38ms)
    marks conditional entries with branch metadata[32m    marks conditional entries with branch metadata[0m (8.42ms)

Layer 0: Purity
  decomposition does not call jf/bash-extract-command-semantics[32m  decomposition does not call jf/bash-extract-command-semantics[0m (10.70ms)
  decomposition does not call jf/bash-extract-command-semantics for compounds[32m  decomposition does not call jf/bash-extract-command-semantics for compounds[0m (10.20ms)
  decomposition does not call jf/bash-extract-operations-from-positional-args[32m  decomposition does not call jf/bash-extract-operations-from-positional-args[0m (10.15ms)

Layer 1: Handler dispatch
  calls handlers once for a simple command[32m  calls handlers once for a simple command[0m (10.23ms)
  calls handlers once per simple command in a pipeline[32m  calls handlers once per simple command in a pipeline[0m (10.50ms)
  calls handlers once per simple command in a chain[32m  calls handlers once per simple command in a chain[0m (10.26ms)
  calls handlers once per simple command in a semicolon list[32m  calls handlers once per simple command in a semicolon list[0m (59.60ms)
  calls handlers for each segment of a mixed compound[32m  calls handlers for each segment of a mixed compound[0m (10.42ms)
  never passes a compound command-type to handlers[32m  never passes a compound command-type to handlers[0m (10.16ms)
  passes command with non-nil :command-name to handlers[32m  passes command with non-nil :command-name to handlers[0m (10.03ms)

End-to-end: Redirection survival
  handler command with redirect: cat input.txt > output.txt[32m  handler command with redirect: cat input.txt > output.txt[0m (10.10ms)
  handler command with append: cat input.txt >> output.txt[32m  handler command with append: cat input.txt >> output.txt[0m (9.95ms)
  handler command with stderr: grep pattern file.txt 2> errors.txt[32m  handler command with stderr: grep pattern file.txt 2> errors.txt[0m (10.05ms)
  no-handler command with redirect: echo hello > file.txt[32m  no-handler command with redirect: echo hello > file.txt[0m (10.18ms)
  redirect survives in pipeline: cat file.txt | grep pattern > matches.txt[32m  redirect survives in pipeline: cat file.txt | grep pattern > matches.txt[0m (10.48ms)
  redirects survive in chain: cat f1 > out1; cat f2 >> out1[32m  redirects survive in chain: cat f1 > out1; cat f2 >> out1[0m (10.11ms)

End-to-end: Multi-domain completeness
  simple aws command produces :authentication and :network domains[32m  simple aws command produces :authentication and :network domains[0m (10.18ms)
  aws in a chain produces :authentication domain[32m  aws in a chain produces :authentication domain[0m (10.14ms)
  aws in a pipeline produces :authentication domain[32m  aws in a pipeline produces :authentication domain[0m (10.04ms)
  multiple cloud commands in chain produce domains from all[32m  multiple cloud commands in chain produce domains from all[0m (9.93ms)

End-to-end: Compound completeness
  chain: rm temp.txt && touch new.txt[32m  chain: rm temp.txt && touch new.txt[0m (9.85ms)
  chain: cp source.txt backup.txt && rm source.txt[32m  chain: cp source.txt backup.txt && rm source.txt[0m (9.93ms)
  pipeline: cat file.txt | grep pattern > output.txt[32m  pipeline: cat file.txt | grep pattern > output.txt[0m (9.87ms)
  chain with redirections: cat f1 > combined; cat f2 >> combined[32m  chain with redirections: cat f1 > combined; cat f2 >> combined[0m (9.89ms)

End-to-end: Coverage accuracy
  simple command claims tokens (non-zero coverage)[32m  simple command claims tokens (non-zero coverage)[0m (9.86ms)
  redirection tokens are claimed[32m  redirection tokens are claimed[0m (10.14ms)
  compound commands have non-zero coverage[32m  compound commands have non-zero coverage[0m (10.32ms)

End-to-end: Error isolation
  handler error does not discard redirection resultsHandler error for cat/:filesystem: deliberate test error
[32m  handler error does not discard redirection results[0m (10.12ms)
  no error sentinel in messages for valid commands[32m  no error sentinel in messages for valid commands[0m (10.08ms)

End-to-end: Var-context threading
  var-context from caller is threaded through[32m  var-context from caller is threaded through[0m (10.41ms)
  chain accumulates context for later commands[32m  chain accumulates context for later commands[0m (10.30ms)

Parse coverage: structural tokens
  flags are auto-claimed (ls -la /tmp reaches 1.0)[32m  flags are auto-claimed (ls -la /tmp reaches 1.0)[0m (2.23ms)
  || and && separators are auto-claimed[32m  || and && separators are auto-claimed[0m (4.46ms)
  ; separator is auto-claimed[32m  ; separator is auto-claimed[0m (2.25ms)
  pipeline | separator is auto-claimed[32m  pipeline | separator is auto-claimed[0m (2.21ms)

Parse coverage: handler-registered non-filesystem commands
  echo alone reaches 1.0[32m  echo alone reaches 1.0[0m (2.15ms)
  echo with multiple positional args reaches 1.0[32m  echo with multiple positional args reaches 1.0[0m (2.17ms)
  echo with redirection reaches 1.0[32m  echo with redirection reaches 1.0[0m (2.28ms)
  true and false reach 1.0[32m  true and false reach 1.0[0m (4.26ms)
  printf reaches 1.0[32m  printf reaches 1.0[0m (2.13ms)

Parse coverage: real-world session cases
  ls -la ABSPATH 2>/dev/null reaches 1.0[32m  ls -la ABSPATH 2>/dev/null reaches 1.0[0m (2.23ms)
  triple-|| chain with echo fallback reaches 1.0 (the reported command)[32m  triple-|| chain with echo fallback reaches 1.0 (the reported command)[0m (4.71ms)

Direct extraction
  ls command handler
    produces :read-directory for plain path /tmp[32m    produces :read-directory for plain path /tmp[0m (0.14ms)
  orchestrator extraction
    extracts :write for echo hello > /tmp/out.txt[32m    extracts :write for echo hello > /tmp/out.txt[0m (2.22ms)
    extracts :append for echo data >> /tmp/log.txt[32m    extracts :append for echo data >> /tmp/log.txt[0m (2.37ms)

Grammar extraction: compound decomposition
  pipeline decomposition
    extracts operations from both pipeline stages[32m    extracts operations from both pipeline stages[0m (2.42ms)
    extracts redirection from pipeline with output redirect[32m    extracts redirection from pipeline with output redirect[0m (2.33ms)
    orchestrator extracts redirections from pipeline with unknown commands[32m    orchestrator extracts redirections from pipeline with unknown commands[0m (2.24ms)
  chain decomposition
    extracts operations from both commands in && chain[32m    extracts operations from both commands in && chain[0m (2.27ms)
    extracts operations from || chain[32m    extracts operations from || chain[0m (2.29ms)
    tracks variable context across chain commands via orchestrator[32m    tracks variable context across chain commands via orchestrator[0m (2.25ms)
    handles three-command chain[32m    handles three-command chain[0m (2.39ms)
    orchestrator extracts redirections from chain with unknown commands[32m    orchestrator extracts redirections from chain with unknown commands[0m (2.33ms)
  conditional decomposition
    extracts operations from both then and else branches[32m    extracts operations from both then and else branches[0m (8.65ms)
    marks test condition operations distinctly from branch operations[32m    marks test condition operations distinctly from branch operations[0m (6.45ms)
  loop decomposition
    extracts operations from for-loop body with glob source[32m    extracts operations from for-loop body with glob source[0m (4.44ms)
    binds loop variable to glob pattern for body operations[32m    binds loop variable to glob pattern for body operations[0m (4.28ms)
  subshell decomposition
    extracts operations from subshell body[32m    extracts operations from subshell body[0m (4.19ms)
    isolates variable context in subshell[32m    isolates variable context in subshell[0m (4.30ms)
  command substitution decomposition
    extracts operations from command inside substitution[32m    extracts operations from command inside substitution[0m (4.41ms)
  no predicate gating
    decomposes compounds even for commands without handlers[32m    decomposes compounds even for commands without handlers[0m (2.34ms)
    extracts redirections from unknown commands in pipeline[32m    extracts redirections from unknown commands in pipeline[0m (2.31ms)
  orchestrator output format
    produces :domains in standard orchestrator output format[32m    produces :domains in standard orchestrator output format[0m (2.24ms)
    Layer 0 takes priority over Layer 1 for same domain[32m    Layer 0 takes priority over Layer 1 for same domain[0m (2.05ms)

Grammar redirection extraction
  redirection operator types
    > produces :write operation[32m    > produces :write operation[0m (2.13ms)
    >> produces :append operation[32m    >> produces :append operation[0m (2.19ms)
    < produces :read operation[32m    < produces :read operation[0m (2.14ms)
    2> produces :write operation for stderr redirection[32m    2> produces :write operation for stderr redirection[0m (2.18ms)
    all redirection operations have :metadata containing original redirect plist[32m    all redirection operations have :metadata containing original redirect plist[0m (2.16ms)
  compound context with redirections
    extracts redirections from pipeline stages[32m    extracts redirections from pipeline stages[0m (2.15ms)
    extracts redirections from chain commands[32m    extracts redirections from chain commands[0m (2.24ms)
    extracts redirections from both pipeline and chain combined[32m    extracts redirections from both pipeline and chain combined[0m (2.25ms)
    extracts multiple redirections on single command[32m    extracts multiple redirections on single command[0m (2.22ms)
  variable path resolution
    resolves known variable in redirection path[32m    resolves known variable in redirection path[0m (2.19ms)
    preserves unresolved variable with metadata[32m    preserves unresolved variable with metadata[0m (2.18ms)
    resolves variable in append redirection[32m    resolves variable in append redirection[0m (2.24ms)
    resolves variable in input redirection[32m    resolves variable in input redirection[0m (2.15ms)
  non-filesystem command with redirection
    echo hello > file.txt extracts :write for file.txt[32m    echo hello > file.txt extracts :write for file.txt[0m (2.17ms)
    printf output > file.txt extracts :write despite printf having no handler[32m    printf output > file.txt extracts :write despite printf having no handler[0m (2.14ms)
    unknown_tool > output.dat extracts :write for grammar-level redirect[32m    unknown_tool > output.dat extracts :write for grammar-level redirect[0m (2.17ms)
    date > timestamp.txt extracts :write for non-file command[32m    date > timestamp.txt extracts :write for non-file command[0m (2.12ms)
    echo in chain with redirections extracts all redirections[32m    echo in chain with redirections extracts all redirections[0m (2.32ms)
  contract compliance
    all redirection-sourced operations satisfy file-op contract[32m    all redirection-sourced operations satisfy file-op contract[0m (2.22ms)
    redirection operations from chain satisfy file-op contract[32m    redirection operations from chain satisfy file-op contract[0m (2.21ms)

Handler coverage contribution
  handlers return non-nil claimed-token-ids
    cat handler claims command-name and positional-arg tokens[32m    cat handler claims command-name and positional-arg tokens[0m (10.91ms)
    rm handler claims command-name and positional-arg tokens[32m    rm handler claims command-name and positional-arg tokens[0m (10.05ms)
    cp handler claims command-name and positional-arg tokens[32m    cp handler claims command-name and positional-arg tokens[0m (10.26ms)
  orchestrator reports non-zero coverage from handlers
    gcloud produces non-zero coverage for :authentication domain[32m    gcloud produces non-zero coverage for :authentication domain[0m (10.17ms)
    aws produces non-zero coverage for multi-domain command[32m    aws produces non-zero coverage for multi-domain command[0m (10.12ms)

Semantic Pipeline
  result structure
    returns :domains, :coverage, and :parse-complete keys[32m    returns :domains, :coverage, and :parse-complete keys[0m (10.11ms)
    returns :domains as an alist of (domain . ops) pairs[32m    returns :domains as an alist of (domain . ops) pairs[0m (10.09ms)
    has valid domains alist per contract[32m    has valid domains alist per contract[0m (9.86ms)
  Layer 0 only (grammar extraction)
    extracts :write from output redirection on command with no handler[32m    extracts :write from output redirection on command with no handler[0m (10.06ms)
    extracts :append from >> redirection[32m    extracts :append from >> redirection[0m (9.99ms)
    extracts :read from input redirection[32m    extracts :read from input redirection[0m (10.46ms)
  Layer 0 priority over Layer 1
    uses Layer 0 filesystem ops when grammar produces them for cat[32m    uses Layer 0 filesystem ops when grammar produces them for cat[0m (10.14ms)
    provides :filesystem ops from both Layer 0 and Layer 1 for cat with redirect[32m    provides :filesystem ops from both Layer 0 and Layer 1 for cat with redirect[0m (10.38ms)
    extracts both redirection and positional ops for commands without handlers[32m    extracts both redirection and positional ops for commands without handlers[0m (10.35ms)
  Layer 1 (command handlers for non-filesystem domains)
    produces :authentication domain for gcloud command[32m    produces :authentication domain for gcloud command[0m (10.04ms)
    produces :network domain for gcloud command[32m    produces :network domain for gcloud command[0m (10.51ms)
  multi-domain merge
    produces both :authentication and :network for gcloud with redirection[32m    produces both :authentication and :network for gcloud with redirection[0m (10.47ms)
    produces :filesystem from Layer 0 and :authentication/:network from Layer 1 for aws[32m    produces :filesystem from Layer 0 and :authentication/:network from Layer 1 for aws[0m (10.14ms)
  compound commands
    collects operations from chained commands without handlers via &&[32m    collects operations from chained commands without handlers via &&[0m (10.48ms)
    collects operations from piped commands without handlers[32m    collects operations from piped commands without handlers[0m (10.13ms)
    Layer 1 dispatches handlers for all simple commands in chains[32m    Layer 1 dispatches handlers for all simple commands in chains[0m (10.77ms)
  commands with no operations
    produces empty domains for echo without redirection[32m    produces empty domains for echo without redirection[0m (10.40ms)
    produces empty domains for true command[32m    produces empty domains for true command[0m (10.48ms)
  coverage calculation
    returns coverage with :total-tokens, :claimed-tokens, :coverage-ratio keys[32m    returns coverage with :total-tokens, :claimed-tokens, :coverage-ratio keys[0m (10.57ms)
    calculates non-zero coverage for command with file operations[32m    calculates non-zero coverage for command with file operations[0m (10.38ms)
    reports total tokens matching parsed command token count[32m    reports total tokens matching parsed command token count[0m (10.45ms)
    has coverage-ratio of 1.0 for command with no tokens[32m    has coverage-ratio of 1.0 for command with no tokens[0m (8.02ms)
  parse-complete pass-through
    passes through :parse-complete from parsed command[32m    passes through :parse-complete from parsed command[0m (10.47ms)
    passes through parse-complete=nil for incomplete parse[32m    passes through parse-complete=nil for incomplete parse[0m (8.23ms)

jf/bash--claim-tokens-for-results
  does not throw for any operation source type
    handles :source :positional-arg without error[32m    handles :source :positional-arg without error[0m (0.04ms)
    handles :source :exec-block without error[32m    handles :source :exec-block without error[0m (0.03ms)
    handles :source :flag-arg without error[32m    handles :source :flag-arg without error[0m (0.04ms)
    handles :source :redirection without error[32m    handles :source :redirection without error[0m (0.03ms)
  returns correct claimed token IDs
    claims redirection tokens[32m    claims redirection tokens[0m (0.03ms)
    claims command-name and file tokens for positional-arg operations[32m    claims command-name and file tokens for positional-arg operations[0m (0.05ms)

Layer 0: parser token emission
  ls /tmp
    has command-name ls[32m    has command-name ls[0m (0.04ms)
    has positional-arg /tmp[32m    has positional-arg /tmp[0m (0.07ms)
    has a :command-name token[32m    has a :command-name token[0m (0.05ms)
    has a :positional-arg token for /tmp[32m    has a :positional-arg token for /tmp[0m (0.04ms)
  echo hello > /tmp/out.txt
    has command-name echo[32m    has command-name echo[0m (0.04ms)
    has :redirections with operator >[32m    has :redirections with operator >[0m (0.06ms)
    has redirection destination /tmp/out.txt[32m    has redirection destination /tmp/out.txt[0m (0.03ms)
    has a :redirection token[32m    has a :redirection token[0m (0.03ms)
  echo data >> /tmp/log.txt
    has command-name echo[32m    has command-name echo[0m (0.03ms)
    has :redirections with operator >>[32m    has :redirections with operator >>[0m (0.06ms)
    has redirection destination /tmp/log.txt[32m    has redirection destination /tmp/log.txt[0m (0.03ms)
    has a :redirection token[32m    has a :redirection token[0m (0.03ms)

jf/resolve-module-path
  resolves a single-segment path (e.g. "transient")[32m  resolves a single-segment path (e.g. "transient")[0m (0.04ms)
  resolves a two-segment path (e.g. "core/defaults")[32m  resolves a two-segment path (e.g. "core/defaults")[0m (0.04ms)
  resolves a three-segment path (e.g. "gptel/chat/chat")[32m  resolves a three-segment path (e.g. "gptel/chat/chat")[0m (0.04ms)
  characterization: pathological inputs
    passes an empty string through as a bare config/.el[32m    passes an empty string through as a bare config/.el[0m (0.05ms)
    collapses a leading slash and keeps the path beneath config/[32m    collapses a leading slash and keeps the path beneath config/[0m (0.05ms)
    keeps a trailing slash so the basename ends up empty[32m    keeps a trailing slash so the basename ends up empty[0m (0.05ms)
    normalizes parent-dir references upward out of config/[32m    normalizes parent-dir references upward out of config/[0m (0.04ms)

Buttercup basic tests
  validates simple equality[32m  validates simple equality[0m (0.04ms)
  validates string equality[32m  validates string equality[0m (0.04ms)
  validates list equality[32m  validates list equality[0m (0.04ms)

Setup and teardown
  uses setup values[32m  uses setup values[0m (0.04ms)
  has independent test runs[32m  has independent test runs[0m (0.03ms)

Nested contexts
  inner context
    has access to both contexts[32m    has access to both contexts[0m (0.07ms)

String matching
  matches regexp patterns[32m  matches regexp patterns[0m (0.07ms)

List operations
  validates list membership[32m  validates list membership[0m (0.04ms)
  validates list equality ignoring order[32m  validates list equality ignoring order[0m (0.04ms)

Spy system
  tracks function calls[32m  tracks function calls[0m (0.02ms)
  tracks call arguments[32m  tracks call arguments[0m (0.01ms)

Spy stubbing
  returns stubbed value[32m  returns stubbed value[0m (0.04ms)
  does not execute original[32m  does not execute original[0m (0.04ms)

gptel-chat--parse-buffer: Buffer format validation
  empty buffer
    returns an empty turn list[32m    returns an empty turn list[0m (0.03ms)
    treats whitespace-only content as empty[32m    treats whitespace-only content as empty[0m (0.03ms)
  metadata-only buffer
    yields an empty turn list when the buffer contains only keywords[32m    yields an empty turn list when the buffer contains only keywords[0m (0.03ms)
  headings and commentary outside turn blocks
    ignores heading and prose lines; yields one turn per block[32m    ignores heading and prose lines; yields one turn per block[0m (0.07ms)
    does not include heading text in any turn's content[32m    does not include heading text in any turn's content[0m (0.04ms)
  turn blocks nested under org headings
    enumerates blocks in document order regardless of heading depth[32m    enumerates blocks in document order regardless of heading depth[0m (0.06ms)
    handles turns nested at arbitrary heading depth[32m    handles turns nested at arbitrary heading depth[0m (0.06ms)
  unmatched delimiter
    signals user-error for an unclosed user block[32m    signals user-error for an unclosed user block[0m (0.04ms)
    reports the opening line number in the error message[32m    reports the opening line number in the error message[0m (0.04ms)
    signals user-error for an unclosed assistant block[32m    signals user-error for an unclosed assistant block[0m (0.03ms)
    signals user-error for an unclosed tool block inside an assistant[32m    signals user-error for an unclosed tool block inside an assistant[0m (0.03ms)
  tool block outside an assistant block
    signals user-error when `#+begin_tool' appears at top level[32m    signals user-error when `#+begin_tool' appears at top level[0m (0.03ms)
    reports tool-block-outside-assistant at the offending line[32m    reports tool-block-outside-assistant at the offending line[0m (0.04ms)
    signals an error even when the tool block follows a closed assistant[32m    signals an error even when the tool block follows a closed assistant[0m (0.03ms)
  turn nested inside another turn
    signals turn-inside-turn when #+begin_user appears in assistant body[32m    signals turn-inside-turn when #+begin_user appears in assistant body[0m (0.03ms)
    reports turn-inside-turn at the offending inner line[32m    reports turn-inside-turn at the offending inner line[0m (0.04ms)
  user block body containing #+begin_assistant literal
    treats the literal as body content, not a new turn[32m    treats the literal as body content, not a new turn[0m (0.07ms)
    also tolerates a literal #+begin_user line inside user body[32m    also tolerates a literal #+begin_user line inside user body[0m (0.07ms)
  user prompt composed with org structural features
    parses a user block with headings, src block, list, emphasis as a single turn[32m    parses a user block with headings, src block, list, emphasis as a single turn[0m (0.13ms)
    does not terminate early on inner #+end_src[32m    does not terminate early on inner #+end_src[0m (0.06ms)

gptel-chat--parse-buffer: turn list shape and ordering
  a single user/assistant pair
    produces two turns in document order[32m    produces two turns in document order[0m (0.06ms)
    captures user content verbatim (no delimiter lines, trailing newline preserved)[32m    captures user content verbatim (no delimiter lines, trailing newline preserved)[0m (0.04ms)
    exposes start and end as markers pointing into the buffer[32m    exposes start and end as markers pointing into the buffer[0m (0.06ms)
  turns distributed across org headings
    emits turns in document order, independent of heading ownership[32m    emits turns in document order, independent of heading ownership[0m (0.05ms)
  empty block
    emits a turn with empty content (message filtering happens downstream)[32m    emits a turn with empty content (message filtering happens downstream)[0m (0.06ms)

gptel-chat--parse-buffer: assistant segments with tool calls
  splits an assistant block into (text, tool-call, text) segments[32m  splits an assistant block into (text, tool-call, text) segments[0m (0.10ms)
  captures the tool call's name and result[32m  captures the tool call's name and result[0m (0.08ms)
  produces no tool-call segment for an assistant with no tool blocks[32m  produces no tool-call segment for an assistant with no tool blocks[0m (0.05ms)

Split-across-chunks collision escaping
  headline scenario from spec §Response streaming and sanitization
    escapes `#+end_assistant' split as `#+end_ass' + `istant\nmore'[32m    escapes `#+end_assistant' split as `#+end_ass' + `istant\nmore'[0m (0.10ms)
  variants exercising the same holdback mechanism
    escapes a collision split after a single char[32m    escapes a collision split after a single char[0m (0.07ms)
    escapes a collision split across three chunks[32m    escapes a collision split across three chunks[0m (0.07ms)
    escapes a case-variant collision split across chunks[32m    escapes a case-variant collision split across chunks[0m (0.07ms)
    does NOT escape a recomposed #+end_src (not one of the three delimiters)[32m    does NOT escape a recomposed #+end_src (not one of the three delimiters)[0m (0.06ms)
  holdback preserves in-order inserts around a split collision
    content before and after the split appears in correct order[32m    content before and after the split appears in correct order[0m (0.07ms)

gptel-chat--sanitize-chunk
  matches the three chat-mode end-delimiters
    escapes #+end_user[32m    escapes #+end_user[0m (0.04ms)
    escapes #+end_assistant[32m    escapes #+end_assistant[0m (0.04ms)
    escapes #+end_tool[32m    escapes #+end_tool[0m (0.04ms)
  is case-insensitive (design.md §Decision 4)
    escapes upper-case #+END_ASSISTANT[32m    escapes upper-case #+END_ASSISTANT[0m (0.04ms)
    escapes mixed-case #+End_Assistant[32m    escapes mixed-case #+End_Assistant[0m (0.04ms)
    escapes upper-case #+END_TOOL[32m    escapes upper-case #+END_TOOL[0m (0.03ms)
  leaves non-matching lines untouched
    passes #+end_src through (not one of the three)[32m    passes #+end_src through (not one of the three)[0m (0.04ms)
    passes #+begin_assistant through (begin, not end)[32m    passes #+begin_assistant through (begin, not end)[0m (0.04ms)
    passes #+begin_user through[32m    passes #+begin_user through[0m (0.04ms)
    passes plain prose through[32m    passes plain prose through[0m (0.04ms)
    passes the empty string through[32m    passes the empty string through[0m (0.04ms)
    passes #+end_useful through (word-boundary guard)[32m    passes #+end_useful through (word-boundary guard)[0m (0.04ms)
    only escapes once — #+end_user on input is a plain line, not a re-escape of an already-escaped form[32m    only escapes once — #+end_user on input is a plain line, not a re-escape of an already-escaped form[0m (0.04ms)
  escapes with leading whitespace only when anchored at column 0
    passes `  #+end_assistant' (indented) through[32m    passes `  #+end_assistant' (indented) through[0m (0.04ms)

gptel-chat--make-stream-closure
  argument validation
    rejects a non-marker argument[32m    rejects a non-marker argument[0m (0.03ms)
    rejects a marker with no buffer[32m    rejects a marker with no buffer[0m (0.03ms)
  inserting complete lines in order
    inserts two complete lines from a single newline-terminated chunk[32m    inserts two complete lines from a single newline-terminated chunk[0m (0.07ms)
    preserves order across multiple chunks with no collisions[32m    preserves order across multiple chunks with no collisions[0m (0.07ms)
    flushes a final partial line via the t sentinel without adding a newline[32m    flushes a final partial line via the t sentinel without adding a newline[0m (0.09ms)
  holdback behaviour (no premature inserts)
    does not insert a partial line that arrives without a newline[32m    does not insert a partial line that arrives without a newline[0m (0.06ms)
    completes a line only when a later chunk supplies the newline[32m    completes a line only when a later chunk supplies the newline[0m (0.09ms)
  sanitizes collisions on whole-line chunks
    escapes #+end_assistant when it arrives as its own line[32m    escapes #+end_assistant when it arrives as its own line[0m (0.07ms)
    escapes case-variant #+End_Assistant mid-stream[32m    escapes case-variant #+End_Assistant mid-stream[0m (0.07ms)
    does NOT escape #+end_src on its own line[32m    does NOT escape #+end_src on its own line[0m (0.07ms)
    does NOT escape #+begin_assistant (begin, not end)[32m    does NOT escape #+begin_assistant (begin, not end)[0m (0.07ms)
  flush semantics on stream completion
    flush of an empty holdback is a no-op[32m    flush of an empty holdback is a no-op[0m (0.06ms)
    flush sanitizes a trailing #+end_assistant partial (no newline)[32m    flush sanitizes a trailing #+end_assistant partial (no newline)[0m (0.06ms)
  marker-based insertion is robust to edits above the insertion point
    user edits above the marker do not corrupt subsequent inserts[32m    user edits above the marker do not corrupt subsequent inserts[0m (0.07ms)
  closure isolation
    each factory call produces an independent holdback[32m    each factory call produces an independent holdback[0m (0.07ms)

jf/gptel-scope--map-operation-to-scope-section
  read-like operations → :read
    maps :read to :read[32m    maps :read to :read[0m (0.04ms)
    maps :read-directory to :read[32m    maps :read-directory to :read[0m (0.04ms)
    maps :read-metadata to :read[32m    maps :read-metadata to :read[0m (0.04ms)
    maps :match-pattern to :read[32m    maps :match-pattern to :read[0m (0.04ms)
  write-like operations → :write
    maps :write to :write[32m    maps :write to :write[0m (0.03ms)
    maps :create to :write[32m    maps :create to :write[0m (0.04ms)
    maps :create-or-modify to :write[32m    maps :create-or-modify to :write[0m (0.04ms)
    maps :append to :write[32m    maps :append to :write[0m (0.03ms)
    maps :delete to :write[32m    maps :delete to :write[0m (0.03ms)
    maps :modify to :write[32m    maps :modify to :write[0m (0.03ms)
  execute-like operations → :execute
    maps :execute to :execute[32m    maps :execute to :execute[0m (0.03ms)
  unknown operations → :write (fail-safe)
    maps an unknown keyword to :write[32m    maps an unknown keyword to :write[0m (0.04ms)
    maps nil to :write[32m    maps nil to :write[0m (0.04ms)

add-bash-to-scope routing
  with file path resource (path_out_of_scope scenario)
    should add '/brew' to paths section, not bash_tools[32m    should add '/brew' to paths section, not bash_tools[0m (7.98ms)
    should add '/etc/passwd' to paths.read for a read operation[32m    should add '/etc/passwd' to paths.read for a read operation[0m (7.79ms)
    should NOT write composite 'which brew:/' as a path patternCannot add command ’which brew:/’ to scope — use path-based expansion instead
[32m    should NOT write composite 'which brew:/' as a path pattern[0m (0.74ms)
  routing should not depend on '/' in resource string
    resource with '/' (file path) should not be treated as command pattern[32m    resource with '/' (file path) should not be treated as command pattern[0m (4.21ms)
    resource without '/' (bare command) should not go to paths sectionCannot add command ’brew’ to scope — use path-based expansion instead
[32m    resource without '/' (bare command) should not go to paths section[0m (4.08ms)

add-path-to-scope section targeting
  without denied-operation
    defaults to paths.read (the safest default)[32m    defaults to paths.read (the safest default)[0m (9.02ms)
  with :read-family operations
    :read targets paths.read[32m    :read targets paths.read[0m (8.90ms)
    :read-metadata targets paths.read[32m    :read-metadata targets paths.read[0m (9.08ms)
    :read-directory targets paths.read[32m    :read-directory targets paths.read[0m (6.18ms)
    :match-pattern targets paths.read[32m    :match-pattern targets paths.read[0m (6.20ms)
  with :write-family operations
    :write targets paths.write[32m    :write targets paths.write[0m (9.35ms)
    :create targets paths.write[32m    :create targets paths.write[0m (6.37ms)
    :delete targets paths.write[32m    :delete targets paths.write[0m (64.50ms)
    :modify targets paths.write[32m    :modify targets paths.write[0m (6.40ms)
  with :execute
    :execute targets paths.execute[32m    :execute targets paths.execute[0m (11.81ms)

Validator -> build-violation-info -> Expansion UI Integration
  Path validator integration
    transforms path validator denial into valid violation-info[32m    transforms path validator denial into valid violation-info[0m (0.36ms)
    handles denied-pattern from path validator[32m    handles denied-pattern from path validator[0m (0.04ms)
  Bash validator integration — real validator output
    denied-pattern from real validate-path-operation flows through correctly[32m    denied-pattern from real validate-path-operation flows through correctly[0m (0.15ms)
    not-in-scope from real validate-path-operation flows through correctly[32m    not-in-scope from real validate-path-operation flows through correctly[0m (0.15ms)
  Reason extracted from :message field
    reads :message for violation-info :reason[32m    reads :message for violation-info :reason[0m (0.04ms)
  Transformation robustness
    returns nil for :reason when :message not present[32m    returns nil for :reason when :message not present[0m (0.06ms)

End-to-end: Validator failure -> expansion -> approval flow
  Path validator -> expansion -> add-to-scope
    path validation failure triggers expansion, add-to-scope approves[32m    path validation failure triggers expansion, add-to-scope approves[0m (0.50ms)
  Bash validator -> expansion -> allow-once approval
    bash validation failure triggers expansion, allow-once delivers success[32m    bash validation failure triggers expansion, allow-once delivers success[0m (4.69ms)
  Validation -> expansion -> denial preserves error
    denial flow preserves original validation error context[32m    denial flow preserves original validation error context[0m (4.54ms)

Expansion queue: variables
  jf/gptel-scope--expansion-queue is defined[32m  jf/gptel-scope--expansion-queue is defined[0m (0.04ms)
  jf/gptel-scope--expansion-active is defined[32m  jf/gptel-scope--expansion-active is defined[0m (0.03ms)
  queue is buffer-local (concurrent sessions don't interfere)[32m  queue is buffer-local (concurrent sessions don't interfere)[0m (0.06ms)

Expansion queue: prompt-expansion queuing behavior
  first call shows transient immediately (sets active flag)[32m  first call shows transient immediately (sets active flag)[0m (0.07ms)
  second call queues instead of showing transient[32m  second call queues instead of showing transient[0m (0.07ms)
  third call also queues (queue grows)[32m  third call also queues (queue grows)[0m (0.07ms)

Expansion queue: process-queue drains queue
  process-expansion-queue is defined[32m  process-expansion-queue is defined[0m (0.04ms)
  pops next item and shows transient[32m  pops next item and shows transient[0m (0.09ms)
  clears active flag when queue is empty[32m  clears active flag when queue is empty[0m (0.04ms)

Expansion queue: full round-trip with two tools
  both callbacks fire when user denies both sequentially[32m  both callbacks fire when user denies both sequentially[0m (0.21ms)

Expansion queue: suffix actions trigger queue processing
  deny-expansion calls process-expansion-queue[32m  deny-expansion calls process-expansion-queue[0m (0.02ms)
  allow-once-action calls process-expansion-queueAllowed res once
[32m  allow-once-action calls process-expansion-queue[0m (0.03ms)

Expansion UI Handlers (Real Implementation)
  Deny action
    retrieves callback from transient scope and invokes with denial JSON[32m    retrieves callback from transient scope and invokes with denial JSON[0m (0.13ms)
    handles missing callback gracefullyWarning: No callback provided for scope expansion
[32m    handles missing callback gracefully[0m (0.05ms)
    handles callback invocation errors gracefullyError invoking callback: Boom!
[32m    handles callback invocation errors gracefully[0m (0.05ms)
  Add to scope action
    adds path to scope and invokes callback with success JSONAdded /workspace/newfile.txt to scope
[32m    adds path to scope and invokes callback with success JSON[0m (1.32ms)
    handles pattern validation type (org-roam)Added subdirectory:personal/notes to scope
[32m    handles pattern validation type (org-roam)[0m (1.16ms)
    handles bash validation typeCannot add command ’grep’ to scope — use path-based expansion instead
Added grep to scope
[32m    handles bash validation type[0m (0.09ms)
    handles scope file not found error[32m    handles scope file not found error[0m (0.04ms)
    handles scope file not writable error[32m    handles scope file not writable error[0m (0.03ms)
    handles callback invocation errors gracefullyError invoking callback: Callback explosion!
Added /workspace/file.txt to scope
[32m    handles callback invocation errors gracefully[0m (1.12ms)
  Allow once action
    invokes callback with success + allowed_once flagAllowed /tmp/temp.txt once
[32m    invokes callback with success + allowed_once flag[0m (0.12ms)
    handles callback invocation errors gracefullyError invoking callback: Boom!
Allowed /tmp/test.txt once
[32m    handles callback invocation errors gracefully[0m (0.05ms)
  Scope setup function
    creates transient scope with correct structure[32m    creates transient scope with correct structure[0m (0.04ms)

Inline scope expansion: bash command workflows
  Semantic validation: in-scope commands
    validates read operation when path is in read scope[32m    validates read operation when path is in read scope[0m (4.59ms)
  Semantic validation: out-of-scope commands
    denies read operation when path is out of scope[32m    denies read operation when path is out of scope[0m (4.64ms)
  Inline expansion: trigger and approval flow
    user approves with add-to-scope: wrapper callback receives approval[32m    user approves with add-to-scope: wrapper callback receives approval[0m (4.66ms)
    user approves with allow-once: wrapper callback receives approval[32m    user approves with allow-once: wrapper callback receives approval[0m (4.58ms)
    user denies: wrapper callback receives denial[32m    user denies: wrapper callback receives denial[0m (4.57ms)
  Transient action handlers (bash)
    add-to-scope action updates scope file and invokes callbackAdded /tmp/test.txt to scope
[32m    add-to-scope action updates scope file and invokes callback[0m (0.74ms)
    deny action invokes callback with user_denied result[32m    deny action invokes callback with user_denied result[0m (0.23ms)
    allow-once action invokes callback with success + allowed_once flagAllowed cat /tmp/file.txt once
[32m    allow-once action invokes callback with success + allowed_once flag[0m (0.25ms)

Transient action handlers (filesystem tools)
  Add-to-scope action
    updates read scope for read operations[32m    updates read scope for read operations[0m (0.64ms)
    updates write scope for write operations[32m    updates write scope for write operations[0m (0.64ms)
    updates write scope for edit operations[32m    updates write scope for edit operations[0m (0.64ms)
  Deny action
    returns user_denied when user denies request[32m    returns user_denied when user denies request[0m (0.64ms)
  Allow-once action
    callback receives success + allowed_once when user allows once[32m    callback receives success + allowed_once when user allows once[0m (0.64ms)

Scope file routing: read vs write paths
  routes read-metadata bash violation to paths.read, not paths.writeAdded /usr/local/bin/** to scope
[32m  routes read-metadata bash violation to paths.read, not paths.write[0m (7.42ms)
  routes read-directory bash violation to paths.read, not paths.writeAdded /usr/bin/python3 to scope
[32m  routes read-directory bash violation to paths.read, not paths.write[0m (7.44ms)
  routes read bash violation to paths.read, not paths.writeAdded /etc/hosts to scope
[32m  routes read bash violation to paths.read, not paths.write[0m (7.56ms)
  routes match-pattern bash violation to paths.read, not paths.writeAdded *.txt to scope
[32m  routes match-pattern bash violation to paths.read, not paths.write[0m (7.36ms)
  routes write bash violation to paths.writeAdded /tmp/output.txt to scope
[32m  routes write bash violation to paths.write[0m (7.58ms)

jf/gptel-scope--parent-wildcard-for
  returns parent dir with /** for a file path[32m  returns parent dir with /** for a file path[0m (0.04ms)
  handles deeply nested file paths[32m  handles deeply nested file paths[0m (0.04ms)
  normalizes trailing slash in parent dir[32m  normalizes trailing slash in parent dir[0m (0.04ms)

Transient action handlers — wildcard add-to-scope
  wildcard option available when resource is a file[32m  wildcard option available when resource is a file[0m (0.04ms)
  wildcard option not available when resource is a directory[32m  wildcard option not available when resource is a directory[0m (0.04ms)
  derives parent directory wildcard from file pathAdded /home/user/** to scope
[32m  derives parent directory wildcard from file path[0m (0.51ms)
  callback receives derived wildcard pattern in patterns_addedAdded /home/user/** to scope
[32m  callback receives derived wildcard pattern in patterns_added[0m (0.54ms)
  routes through validation-type for wildcard patternAdded /home/user/** to scope
[32m  routes through validation-type for wildcard pattern[0m (0.51ms)

Transient action handlers — custom pattern add-to-scope
  pre-populates read-string prompt with denied resourceAdded /home/user/data.txt to scope
[32m  pre-populates read-string prompt with denied resource[0m (0.50ms)
  writes edited custom pattern to scope when confirmedAdded /home/user/** to scope
[32m  writes edited custom pattern to scope when confirmed[0m (0.56ms)
  invokes callback with user_denied when prompt cancelled[32m  invokes callback with user_denied when prompt cancelled[0m (0.51ms)

trigger-inline-expansion :resource for add-to-scope
  bash tool with not-in-scope error
    preserves denied path for read-metadata operation[32m    preserves denied path for read-metadata operation[0m (0.08ms)
    preserves denied path for 'cat /etc/passwd'[32m    preserves denied path for 'cat /etc/passwd'[0m (0.07ms)
    denied-pattern carries the matched path through expansion UI[32m    denied-pattern carries the matched path through expansion UI[0m (0.07ms)
  path tool with not-in-scope error
    preserves the denied path for read_file_in_scope[32m    preserves the denied path for read_file_in_scope[0m (0.07ms)

Characterization: 'which brew' denial path
  bash-parser extracts :read-metadata on 'brew' (bare name, not path)[32m  bash-parser extracts :read-metadata on 'brew' (bare name, not path)[0m (2.81ms)
  'brew' resolves to '/brew' when directory is '/'[32m  'brew' resolves to '/brew' when directory is '/'[0m (0.17ms)
  7-stage pipeline denies 'which brew' with empty read scope[32m  7-stage pipeline denies 'which brew' with empty read scope[0m (6.58ms)

Bug 1: expansion UI should receive denied path as :resource
  expansion UI :resource is the denied path '/brew'[32m  expansion UI :resource is the denied path '/brew'[0m (0.07ms)

Bug 2: add-bash-to-scope should add denied path to correct section
  should NOT delegate to add-path-to-scope with a composite resourceCannot add command ’which brew:/’ to scope — use path-based expansion instead
[32m  should NOT delegate to add-path-to-scope with a composite resource[0m (0.67ms)

Bug 3: scope.yml should not contain garbage after add-to-scope
  scope.yml should not contain 'which brew:' after add-to-scopeCannot add command ’which brew:/’ to scope — use path-based expansion instead
[32m  scope.yml should not contain 'which brew:' after add-to-scope[0m (0.71ms)
  for path_out_of_scope on :read-metadata, denied path should go to paths.read[32m  for path_out_of_scope on :read-metadata, denied path should go to paths.read[0m (7.88ms)

Bug 4: end-to-end add-to-scope should enable retry success
  gptel callback receives success after add-to-scope correctly expands scope[32m  gptel callback receives success after add-to-scope correctly expands scope[0m (16.33ms)
  scope.yml contains valid path pattern after add-to-scope (not garbage)[32m  scope.yml contains valid path pattern after add-to-scope (not garbage)[0m (19.85ms)

Characterization: multi-violation parser + pipeline
  parser extracts both redirection and positional file ops[32m  parser extracts both redirection and positional file ops[0m (2.23ms)
  redirection ops precede positional ops in extraction order[32m  redirection ops precede positional ops in extraction order[0m (2.18ms)
  validate-command-semantics returns only the first denial[32m  validate-command-semantics returns only the first denial[0m (3.95ms)

Bug: multi-violation add-to-scope leaks subsequent denials
  scope.yml contains every denied path after user approves Add to scope[32m  scope.yml contains every denied path after user approves Add to scope[0m (89.44ms)
  real-world session case: ls ABSPATH 2>/dev/null adds both paths[32m  real-world session case: ls ABSPATH 2>/dev/null adds both paths[0m (28.50ms)

Contract property layers (structural invariants)
  Layer 1: source-of-truth symmetry
    contract/bash--valid-operations equals jf/bash-valid-operation-types[32m    contract/bash--valid-operations equals jf/bash-valid-operation-types[0m (0.06ms)
  Layer 2: semantic classification
    every contract operation appears in the classification map[32m    every contract operation appears in the classification map[0m (0.21ms)
    :read-like operations are allowed with read patterns[32m    :read-like operations are allowed with read patterns[0m (3.66ms)
    :write-like operations are allowed with write patterns[32m    :write-like operations are allowed with write patterns[0m (3.79ms)
    :modify-like operations are allowed with modify patterns[32m    :modify-like operations are allowed with modify patterns[0m (3.63ms)
    :execute-like operations are allowed with execute patterns[32m    :execute-like operations are allowed with execute patterns[0m (3.68ms)
  Layer 3: permissive config allows everything
    every contract operation is allowed with all-permissive paths[32m    every contract operation is allowed with all-permissive paths[0m (0.11ms)
  Layer 4: restrictive config denies everything
    every contract operation is denied with empty paths[32m    every contract operation is denied with empty paths[0m (0.06ms)
  Layer 5: real command corpus round-trip
    parses "cat /tmp/file.txt" and extracts :read operation[32m    parses "cat /tmp/file.txt" and extracts :read operation[0m (2.59ms)
    parses "ls /tmp" and extracts :read-directory operation[32m    parses "ls /tmp" and extracts :read-directory operation[0m (2.24ms)
    parses "which python3" and extracts :read-metadata operation[32m    parses "which python3" and extracts :read-metadata operation[0m (2.20ms)
    parses "find /tmp -name '*.txt'" and extracts :match-pattern operation[32m    parses "find /tmp -name '*.txt'" and extracts :match-pattern operation[0m (2.19ms)
    parses "echo hello > /tmp/out.txt" and extracts :write operation[32m    parses "echo hello > /tmp/out.txt" and extracts :write operation[0m (2.21ms)
    parses "mkdir /tmp/newdir" and extracts :create operation[32m    parses "mkdir /tmp/newdir" and extracts :create operation[0m (2.17ms)
    parses "touch /tmp/file.txt" and extracts :create-or-modify operation[32m    parses "touch /tmp/file.txt" and extracts :create-or-modify operation[0m (2.16ms)
    parses "echo data >> /tmp/log.txt" and extracts :append operation[32m    parses "echo data >> /tmp/log.txt" and extracts :append operation[0m (2.26ms)
    parses "rm /tmp/file.txt" and extracts :delete operation[32m    parses "rm /tmp/file.txt" and extracts :delete operation[0m (2.17ms)
    parses "chmod 755 /tmp/script.sh" and extracts :modify operation[32m    parses "chmod 755 /tmp/script.sh" and extracts :modify operation[0m (2.18ms)
    parses "bash /tmp/script.sh" and extracts :execute operation[32m    parses "bash /tmp/script.sh" and extracts :execute operation[0m (2.15ms)
  Layer 6: error shape contract
    every denied operation produces correctly shaped error plist[32m    every denied operation produces correctly shaped error plist[0m (0.07ms)
  Layer 7: operation → scope-section mapping
    every contract operation maps to a known scope section[32m    every contract operation maps to a known scope section[0m (0.05ms)
    read-like operations map to :read (consistent with validate-operation)[32m    read-like operations map to :read (consistent with validate-operation)[0m (0.12ms)
    write-like and modify-like operations map to :write (consistent with validate-operation)[32m    write-like and modify-like operations map to :write (consistent with validate-operation)[0m (0.17ms)
    execute-like operations map to :execute (consistent with validate-operation)[32m    execute-like operations map to :execute (consistent with validate-operation)[0m (0.05ms)

Bash-parser → scope integration (real modules, no mocks)
  cat /workspace/file.txt (simple read)
    parse result satisfies contract[32m    parse result satisfies contract[0m (2.16ms)
    semantics satisfy contract[32m    semantics satisfy contract[0m (2.14ms)
    extracts filesystem read operation[32m    extracts filesystem read operation[0m (2.22ms)
    is allowed by scope validation[32m    is allowed by scope validation[0m (2.19ms)
  grep pattern /workspace/*.txt (read with glob)
    parse result satisfies contract[32m    parse result satisfies contract[0m (2.10ms)
    semantics satisfy contract[32m    semantics satisfy contract[0m (2.13ms)
    is allowed by scope validation[32m    is allowed by scope validation[0m (2.17ms)
  echo hello > /workspace/out.txt (write via redirection)
    parse result satisfies contract[32m    parse result satisfies contract[0m (2.12ms)
    semantics satisfy contract[32m    semantics satisfy contract[0m (2.13ms)
    is allowed by scope validation (treated as no-op if redirect not extracted)[32m    is allowed by scope validation (treated as no-op if redirect not extracted)[0m (2.20ms)
  aws s3 ls (cloud auth detection)
    parse result satisfies contract[32m    parse result satisfies contract[0m (2.09ms)
    semantics satisfy contract[32m    semantics satisfy contract[0m (2.12ms)
    extracts :authentication domain[32m    extracts :authentication domain[0m (2.17ms)
    cloud auth is silently bypassed due to list-of-plists gap (known bug)[32m    cloud auth is silently bypassed due to list-of-plists gap (known bug)[0m (2.14ms)
  python3 --version (no-op short circuit)
    parse result satisfies contract[32m    parse result satisfies contract[0m (2.12ms)
    semantics satisfy contract[32m    semantics satisfy contract[0m (2.12ms)
    has no filesystem operations[32m    has no filesystem operations[0m (2.13ms)
    is allowed by scope validation (no-op)[32m    is allowed by scope validation (no-op)[0m (2.16ms)
  cat /workspace/a.txt | head -10 (pipeline)
    parse result satisfies contract[32m    parse result satisfies contract[0m (2.13ms)
    semantics satisfy contract[32m    semantics satisfy contract[0m (2.17ms)
    is allowed by scope validation[32m    is allowed by scope validation[0m (2.21ms)
  rm /etc/passwd (delete out of scope)
    parse result satisfies contract[32m    parse result satisfies contract[0m (2.09ms)
    semantics satisfy contract[32m    semantics satisfy contract[0m (2.20ms)
    is denied by scope validation[32m    is denied by scope validation[0m (2.20ms)
  ls /workspace (directory read)
    parse result satisfies contract[32m    parse result satisfies contract[0m (2.17ms)
    semantics satisfy contract[32m    semantics satisfy contract[0m (2.14ms)
    is allowed by scope validation[32m    is allowed by scope validation[0m (2.11ms)
  contract validation on individual file-ops from real parser
    every file-op from 'cat /workspace/file.txt' satisfies contract[32m    every file-op from 'cat /workspace/file.txt' satisfies contract[0m (2.01ms)
    every cloud-auth-op from 'aws s3 ls' satisfies contract[32m    every cloud-auth-op from 'aws s3 ls' satisfies contract[0m (2.01ms)

run_bash_command integration: "which brew" (no-op)
  real bash-parser produces valid output
    parses 'which brew' successfully[32m    parses 'which brew' successfully[0m (2.23ms)
    extracts read-metadata operation for 'which brew' (not a filesystem read)[32m    extracts read-metadata operation for 'which brew' (not a filesystem read)[0m (2.26ms)
  7-stage pipeline allows no-op
    validate-command-semantics returns nil (allowed) for 'which brew'[32m    validate-command-semantics returns nil (allowed) for 'which brew'[0m (5.43ms)
  full tool invocation through macro
    tool body executes and callback receives success[32m    tool body executes and callback receives success[0m (5.59ms)
    expansion UI is NOT triggered for allowed no-op[32m    expansion UI is NOT triggered for allowed no-op[0m (5.39ms)
    real validate-bash-tool is called (not bypassed)[32m    real validate-bash-tool is called (not bypassed)[0m (5.39ms)

run_bash_command integration: denied command
  bash-parser parses 'rm -rf /tmp/foo' and path validation denies it[32m  bash-parser parses 'rm -rf /tmp/foo' and path validation denies it[0m (5.12ms)
  triggers expansion UI for denied command through macro[32m  triggers expansion UI for denied command through macro[0m (5.21ms)
  user deny returns error to gptel callbackError in expansion-callback: Wrong type argument: consp, nil
[32m  user deny returns error to gptel callback[0m (5.42ms)

run_bash_command integration: file operation out of scope
  bash-parser extracts read operation for /etc/passwd[32m  bash-parser extracts read operation for /etc/passwd[0m (2.31ms)
  7-stage pipeline denies out-of-scope file read[32m  7-stage pipeline denies out-of-scope file read[0m (5.21ms)
  triggers expansion UI through macro for out-of-scope read[32m  triggers expansion UI through macro for out-of-scope read[0m (5.30ms)
  allow-once approves and tool body executes[32m  allow-once approves and tool body executes[0m (5.31ms)
  add-to-scope approves and runs the body[32m  add-to-scope approves and runs the body[0m (10.38ms)

run_bash_command integration: gptel callback contract
  no_scope_config returns JSON through callback[32m  no_scope_config returns JSON through callback[0m (0.19ms)
  callback receives exactly one string argument[32m  callback receives exactly one string argument[0m (5.71ms)
  tool is registered as async in gptel--known-tools[32m  tool is registered as async in gptel--known-tools[0m (0.20ms)

error code contract: producer side
  validate-path-operation produces canonical codes
    denied-pattern on deny list match[32m    denied-pattern on deny list match[0m (0.10ms)
    not-in-scope when path matches no allow pattern[32m    not-in-scope when path matches no allow pattern[0m (0.10ms)
  validate-filesystem-tool produces canonical codes
    denied-pattern on deny list match[32m    denied-pattern on deny list match[0m (0.15ms)
    not-in-scope when path matches no allow pattern[32m    not-in-scope when path matches no allow pattern[0m (0.13ms)
  validate-cloud-auth produces canonical codes
    cloud_auth_denied when mode is deny[32m    cloud_auth_denied when mode is deny[0m (0.09ms)
    cloud_provider_denied when provider not in allowed list[32m    cloud_provider_denied when provider not in allowed list[0m (0.10ms)
  validate-parse-completeness produces canonical codes
    parse_incomplete when parse fails and enforce is true[32m    parse_incomplete when parse fails and enforce is true[0m (0.09ms)

error code contract: consumer side
  build-violation-info extracts :resource for every canonical code
    denied-pattern → :resource (path)[32m    denied-pattern → :resource (path)[0m (0.04ms)
    not-in-scope → :resource (path)[32m    not-in-scope → :resource (path)[0m (0.04ms)
    parse_incomplete → :command[32m    parse_incomplete → :command[0m (0.05ms)
    cloud_auth_denied → :provider[32m    cloud_auth_denied → :provider[0m (0.05ms)
    cloud_provider_denied → :provider[32m    cloud_provider_denied → :provider[0m (0.04ms)
  build-violation-info always populates required fields
    populates :tool, :reason, :resource for denied-pattern[32m    populates :tool, :reason, :resource for denied-pattern[0m (0.13ms)
    populates :tool, :reason, :resource for not-in-scope[32m    populates :tool, :reason, :resource for not-in-scope[0m (0.13ms)
    populates :tool, :reason, :resource for parse_incomplete[32m    populates :tool, :reason, :resource for parse_incomplete[0m (0.13ms)
    populates :tool, :reason, :resource for cloud_auth_denied[32m    populates :tool, :reason, :resource for cloud_auth_denied[0m (0.13ms)
    populates :tool, :reason, :resource for cloud_provider_denied[32m    populates :tool, :reason, :resource for cloud_provider_denied[0m (0.16ms)

error code consistency: filesystem-tool wraps validate-path-operation
  out-of-scope: wrapper and shared validator produce the same code[32m  out-of-scope: wrapper and shared validator produce the same code[0m (0.10ms)
  deny match: wrapper and shared validator produce the same code[32m  deny match: wrapper and shared validator produce the same code[0m (0.11ms)

expansion round-trip: add-path-to-scope
  adding a read path produces valid config[32m  adding a read path produces valid config[0m (8.27ms)
  adding a write path produces valid config[32m  adding a write path produces valid config[0m (8.15ms)
  adding a directory path normalizes to glob pattern[32m  adding a directory path normalizes to glob pattern[0m (8.01ms)
  adding duplicate path is idempotent[32m  adding duplicate path is idempotent[0m (11.99ms)
  adding path with explicit denied-operation targets correct section[32m  adding path with explicit denied-operation targets correct section[0m (7.98ms)

expansion round-trip: add-bash-to-scope
  adding a file path resource produces valid config[32m  adding a file path resource produces valid config[0m (67.16ms)
  adding a file path with :write operation targets paths.write[32m  adding a file path with :write operation targets paths.write[0m (7.59ms)
  adding a command name resource produces valid configCannot add command ’brew’ to scope — use path-based expansion instead
[32m  adding a command name resource produces valid config[0m (3.77ms)
  scope.yml should not contain categories after adding commandCannot add command ’tree’ to scope — use path-based expansion instead
[32m  scope.yml should not contain categories after adding command[0m (0.76ms)
  adding absolute path resource routes to path expansion[32m  adding absolute path resource routes to path expansion[0m (7.17ms)
  adding directory path normalizes to glob and produces valid config[32m  adding directory path normalizes to glob and produces valid config[0m (7.03ms)

expansion round-trip: config preservation
  adding a path preserves existing deny patterns[32m  adding a path preserves existing deny patterns[0m (10.75ms)
  adding a path preserves bash_tools deny list[32m  adding a path preserves bash_tools deny list[0m (10.91ms)
  adding a path preserves cloud configuration[32m  adding a path preserves cloud configuration[0m (10.87ms)
  adding a path preserves security configuration[32m  adding a path preserves security configuration[0m (11.09ms)

Filesystem scope integration: path allowed
  read_file_in_scope succeeds when path matches read scope[32m  read_file_in_scope succeeds when path matches read scope[0m (4.54ms)
  callback result is a valid JSON string consumable by gptel--to-string[32m  callback result is a valid JSON string consumable by gptel--to-string[0m (4.43ms)
  read_file_in_scope returns file_not_found for missing file in scope[32m  read_file_in_scope returns file_not_found for missing file in scope[0m (3.87ms)
  uses real path validation — validate-filesystem-tool is called, not mocked[32m  uses real path validation — validate-filesystem-tool is called, not mocked[0m (4.36ms)

Filesystem scope integration: path denied
  triggers expansion UI when path is outside read scope[32m  triggers expansion UI when path is outside read scope[0m (4.02ms)
  triggers expansion UI when path is in deny list[32m  triggers expansion UI when path is in deny list[0m (4.69ms)
  user denies expansion
    returns scope error to gptel callback without executing tool bodyError in expansion-callback: Wrong type argument: consp, nil
[32m    returns scope error to gptel callback without executing tool body[0m (4.04ms)
  user allows once
    executes tool body and returns result to gptel callback[32m    executes tool body and returns result to gptel callback[0m (4.09ms)
    does not persist across invocations — each denied call re-prompts[32m    does not persist across invocations — each denied call re-prompts[0m (4.51ms)
  user adds to scope
    executes tool body after user approves expansion[32m    executes tool body after user approves expansion[0m (7.91ms)

Filesystem scope integration: gptel flow continuity
  tool struct has :async t (gptel dispatches to callback-first path)[32m  tool struct has :async t (gptel dispatches to callback-first path)[0m (0.20ms)
  tool is registered in gptel--known-tools under scope category[32m  tool is registered in gptel--known-tools under scope category[0m (0.19ms)
  callback receives exactly one string argument (gptel process-tool-result contract)[32m  callback receives exactly one string argument (gptel process-tool-result contract)[0m (4.45ms)
  no_scope_config error returns JSON through callback (not a signal)[32m  no_scope_config error returns JSON through callback (not a signal)[0m (0.19ms)
  tool exception returns JSON through callback (not a signal)[32m  tool exception returns JSON through callback (not a signal)[0m (3.05ms)

Parallel tool callback: session stuck reproduction
  single tool call works (baseline)
    one denied tool fires callback when user denies expansion[32m    one denied tool fires callback when user denies expansion[0m (6.05ms)
  two tools fired via mapc (the production scenario)
    both callbacks fire when expansion UI auto-denies both[32m    both callbacks fire when expansion UI auto-denies both[0m (7.88ms)

Parallel tool callback: transient collision
  when second transient-setup clobbers first, only last callback fires (characterizes bug)[32m  when second transient-setup clobbers first, only last callback fires (characterizes bug)[0m (7.74ms)
  CORRECT: both callbacks fire via queue when user responds to each prompt[32m  CORRECT: both callbacks fire via queue when user responds to each prompt[0m (8.14ms)
  CORRECT: FSM counter reaches ntools via queue for session to advance[32m  CORRECT: FSM counter reaches ntools via queue for session to advance[0m (7.74ms)

Parallel tool callback: mixed allowed/denied
  both callbacks fire when one tool passes and one triggers expansionError in expansion-callback: Wrong type argument: consp, nil
[32m  both callbacks fire when one tool passes and one triggers expansion[0m (7.10ms)

Scope config integration
  parse round-trip
    preserves paths data through parse -> serialize -> parse cycle[32m    preserves paths data through parse -> serialize -> parse cycle[0m (6.63ms)
  schema merge with defaults
    fills in all defaults for minimal YAML[32m    fills in all defaults for minimal YAML[0m (0.77ms)
  path validator with permissive config
    allows all 11 operations with permissive paths[32m    allows all 11 operations with permissive paths[0m (4.43ms)
  path validator with restrictive config
    denies all 11 operations with empty paths[32m    denies all 11 operations with empty paths[0m (65.49ms)
  cloud validator compatibility
    cloud auth deny mode blocks auth operations[32m    cloud auth deny mode blocks auth operations[0m (2.71ms)
    cloud auth allow mode permits auth operations[32m    cloud auth allow mode permits auth operations[0m (2.45ms)
  parsed configs satisfy scope-config contract
    parsed config always satisfies scope-config contract[32m    parsed config always satisfies scope-config contract[0m (3.41ms)
  YAML boolean normalization
    normalizes YAML boolean keywords to elisp booleans[32m    normalizes YAML boolean keywords to elisp booleans[0m (2.43ms)

gptel-make-scoped-tool registration
  marks scoped tools as async in the registry[32m  marks scoped tools as async in the registry[0m (0.09ms)
  creates a callback-first function signature[32m  creates a callback-first function signature[0m (0.10ms)

read_file_in_scope tool registration
  read_file_in_scope is marked as async[32m  read_file_in_scope is marked as async[0m (0.07ms)
  read_file_in_scope has callback-first signature[32m  read_file_in_scope has callback-first signature[0m (0.10ms)

jf/gptel-scope--gather-file-metadata - plist structure
  returns a plist[32m  returns a plist[0m (0.17ms)
  contains all required keys[32m  contains all required keys[0m (0.28ms)
  has exactly 6 key-value pairs[32m  has exactly 6 key-value pairs[0m (0.15ms)

jf/gptel-scope--gather-file-metadata - path handling
  expands relative paths to absolute[32m  expands relative paths to absolute[0m (0.52ms)
  preserves absolute paths[32m  preserves absolute paths[0m (0.40ms)
  expands ~ to home directory[32m  expands ~ to home directory[0m (0.43ms)
  resolves symlinks for :real-path[32m  resolves symlinks for :real-path[0m (0.37ms)

jf/gptel-scope--gather-file-metadata - file existence
  detects existing files[32m  detects existing files[0m (0.53ms)
  detects existing directories[32m  detects existing directories[0m (0.37ms)
  detects non-existent files[32m  detects non-existent files[0m (0.40ms)

jf/gptel-scope--gather-file-metadata - git repository detection
  detects git repository for files in repo[32m  detects git repository for files in repo[0m (0.41ms)
  returns nil for files outside git repo[32m  returns nil for files outside git repo[0m (0.39ms)
  git-repo path ends with repository root directory[32m  git-repo path ends with repository root directory[0m (0.38ms)

jf/gptel-scope--gather-file-metadata - git tracking status
  detects git-tracked files[32m  detects git-tracked files[0m (0.41ms)
  returns nil for untracked files in git repo[32m  returns nil for untracked files in git repo[0m (0.42ms)
  returns nil for files outside git repo[32m  returns nil for files outside git repo[0m (0.40ms)
  git-tracked is nil when git-repo is nil[32m  git-tracked is nil when git-repo is nil[0m (0.42ms)

jf/gptel-scope--gather-file-metadata - file type detection
  detects regular files[32m  detects regular files[0m (0.72ms)
  detects directories[32m  detects directories[0m (0.73ms)
  returns 'other for non-existent files[32m  returns 'other for non-existent files[0m (0.58ms)
  detects config directory as directory[32m  detects config directory as directory[0m (0.71ms)

jf/gptel-scope--gather-file-metadata - graceful degradation
  handles non-existent files without errors[32m  handles non-existent files without errors[0m (0.13ms)
  returns complete plist even for non-existent files[32m  returns complete plist even for non-existent files[0m (0.14ms)
  handles paths with special characters[32m  handles paths with special characters[0m (0.14ms)

jf/gptel-scope-authorize-tool-call
  no scope configuration
    invokes on-deny with no_scope_config and never validates[32m    invokes on-deny with no_scope_config and never validates[0m (0.11ms)
  validation passes
    invokes on-allow and skips expansion[32m    invokes on-allow and skips expansion[0m (0.08ms)
    passes tool-name, operation, args, and config to the validator[32m    passes tool-name, operation, args, and config to the validator[0m (0.12ms)
  validation fails
    hands check-result, tool-name, and a callback to trigger-inline-expansion[32m    hands check-result, tool-name, and a callback to trigger-inline-expansion[0m (0.11ms)
    does not invoke on-allow or on-deny before the user decides[32m    does not invoke on-allow or on-deny before the user decides[0m (0.07ms)
  user chooses allow-once
    invokes on-allow without re-validating[32m    invokes on-allow without re-validating[0m (0.10ms)
  user denies
    invokes on-deny with a formatted response and never on-allow[32m    invokes on-deny with a formatted response and never on-allow[0m (0.15ms)
  user chooses add-to-scope
    re-validates and invokes on-allow when the retry passes[32m    re-validates and invokes on-allow when the retry passes[0m (0.14ms)

Cloud authentication validation (stage 7)
  cloud authentication detection
    detects AWS authentication in allow mode[32m    detects AWS authentication in allow mode[0m (0.04ms)
    detects GCP authentication in allow mode[32m    detects GCP authentication in allow mode[0m (0.04ms)
    detects Azure authentication in allow mode[32m    detects Azure authentication in allow mode[0m (0.04ms)
    passes when no cloud auth detected even in deny mode[32m    passes when no cloud auth detected even in deny mode[0m (0.04ms)
  cloud configuration loading
    loads allow mode[32m    loads allow mode[0m (0.04ms)
    loads warn mode[32m    loads warn mode[0m (0.04ms)
    loads deny mode[32m    loads deny mode[0m (0.04ms)
    defaults to warn when missing[32m    defaults to warn when missing[0m (0.04ms)
  allow mode enforcement
    allows AWS command silently[32m    allows AWS command silently[0m (0.04ms)
  warn mode enforcement
    warns for AWS command[32m    warns for AWS command[0m (0.06ms)
    identifies provider in warning[32m    identifies provider in warning[0m (0.06ms)
    includes actionable message and command[32m    includes actionable message and command[0m (0.07ms)
  deny mode enforcement
    denies AWS command[32m    denies AWS command[0m (0.04ms)
    denies with allowed-providers list (provider in list, still denied by mode)[32m    denies with allowed-providers list (provider in list, still denied by mode)[0m (0.04ms)
    denies disallowed provider with provider-specific error[32m    denies disallowed provider with provider-specific error[0m (0.08ms)
  provider filtering
    empty allowed list denies all providers[32m    empty allowed list denies all providers[0m (0.04ms)
    unlisted provider denied[32m    unlisted provider denied[0m (0.07ms)
    provider filtering overrides warn mode[32m    provider filtering overrides warn mode[0m (0.04ms)
  structured error responses
    denied error includes all required fields[32m    denied error includes all required fields[0m (0.12ms)
    provider restriction error explains allowed list[32m    provider restriction error explains allowed list[0m (0.09ms)
    invalid mode fails closed[32m    invalid mode fails closed[0m (0.04ms)
  full pipeline behavioral validation
    allows cloud auth with warning in warn mode[32m    allows cloud auth with warning in warn mode[0m (3.99ms)
    allows cloud auth silently in allow mode[32m    allows cloud auth silently in allow mode[0m (3.63ms)
    denies cloud auth in deny mode[32m    denies cloud auth in deny mode[0m (3.66ms)
    denies unlisted provider even in warn mode[32m    denies unlisted provider even in warn mode[0m (4.04ms)
    skips cloud auth validation when no cloud auth detected[32m    skips cloud auth validation when no cloud auth detected[0m (3.77ms)

Comprehensive nil handling in bash scope validation
  Stage 1: Parse completeness with nil values
    handles nil parse-complete gracefully[32m    handles nil parse-complete gracefully[0m (0.04ms)
    handles nil security-config[32m    handles nil security-config[0m (0.04ms)
  Stage 2: No-op check with nil values
    allows when semantics is nil[32m    allows when semantics is nil[0m (0.04ms)
    allows when domains is nil[32m    allows when domains is nil[0m (0.04ms)
    allows when domains is empty plist[32m    allows when domains is empty plist[0m (0.04ms)
    allows when filesystem is nil[32m    allows when filesystem is nil[0m (0.03ms)
    allows when filesystem is empty list[32m    allows when filesystem is empty list[0m (0.03ms)
    continues validation when filesystem has operations[32m    continues validation when filesystem has operations[0m (0.04ms)
  Stage 5: File operations validation with nil values
    allows when file-ops is nil[32m    allows when file-ops is nil[0m (0.04ms)
    allows when file-ops is empty list[32m    allows when file-ops is empty list[0m (0.04ms)
    handles paths-config with nil lists[32m    handles paths-config with nil lists[0m (0.05ms)
  Path validation with nil values
    denies operation when patterns list is nil[32m    denies operation when patterns list is nil[0m (0.07ms)
    denies operation when patterns list is empty[32m    denies operation when patterns list is empty[0m (0.07ms)

run_bash_command: Error message structure
  parse incomplete error includes parse errors[32m  parse incomplete error includes parse errors[0m (3.63ms)
  path out of scope error includes operation details[32m  path out of scope error includes operation details[0m (3.86ms)
  path denied error distinguishes from out-of-scope[32m  path denied error distinguishes from out-of-scope[0m (3.99ms)
  cloud auth denied includes provider details[32m  cloud auth denied includes provider details[0m (3.96ms)
  multiple operation failure reports first violation[32m  multiple operation failure reports first violation[0m (3.94ms)
  success response includes coverage metrics[32m  success response includes coverage metrics[0m (3.89ms)
  warning structure for cloud auth in warn mode[32m  warning structure for cloud auth in warn mode[0m (3.65ms)

File operation path validation (stage 6)
  operation-specific scope matching
    read operation matches paths.read[32m    read operation matches paths.read[0m (0.05ms)
    read operation matches paths.write (write includes read)[32m    read operation matches paths.write (write includes read)[0m (0.05ms)
    write operation requires paths.write[32m    write operation requires paths.write[0m (0.07ms)
    execute operation requires paths.execute[32m    execute operation requires paths.execute[0m (0.06ms)
    modify operation allowed by paths.modify[32m    modify operation allowed by paths.modify[0m (0.05ms)
    modify operation allowed by paths.write (write includes modify)[32m    modify operation allowed by paths.write (write includes modify)[0m (0.05ms)
    delete operation requires paths.write[32m    delete operation requires paths.write[0m (0.04ms)
    delete operation denied without paths.write[32m    delete operation denied without paths.write[0m (0.07ms)
    empty patterns deny all operations[32m    empty patterns deny all operations[0m (0.06ms)
    nil patterns deny all operations[32m    nil patterns deny all operations[0m (0.07ms)
  deny patterns precedence
    read operation on denied path is rejected[32m    read operation on denied path is rejected[0m (0.07ms)
    deny overrides read scope[32m    deny overrides read scope[0m (0.08ms)
    deny overrides write scope[32m    deny overrides write scope[0m (0.08ms)
    deny overrides execute scope[32m    deny overrides execute scope[0m (0.08ms)
  multiple file operations validated independently
    copy with both paths in scope succeeds[32m    copy with both paths in scope succeeds[0m (0.07ms)
    copy with destination out of scope fails[32m    copy with destination out of scope fails[0m (0.09ms)
    first operation fails reports immediately[32m    first operation fails reports immediately[0m (0.08ms)
    multiple read operations all validated[32m    multiple read operations all validated[0m (0.09ms)
    mixed operations (read/write/execute) all validated[32m    mixed operations (read/write/execute) all validated[0m (0.09ms)
  path resolution
    resolves relative path from directory[32m    resolves relative path from directory[0m (0.05ms)
    resolves parent directory reference[32m    resolves parent directory reference[0m (0.05ms)
    absolute path unchanged[32m    absolute path unchanged[0m (0.05ms)
  structured error responses
    not-in-scope error includes required fields[32m    not-in-scope error includes required fields[0m (0.16ms)
    denied-pattern error includes required fields[32m    denied-pattern error includes required fields[0m (0.17ms)
    error message is a string[32m    error message is a string[0m (0.07ms)
  glob pattern matching
    single-level wildcard matches[32m    single-level wildcard matches[0m (0.07ms)
    recursive wildcard matches[32m    recursive wildcard matches[0m (0.06ms)
    extension pattern matches[32m    extension pattern matches[0m (0.07ms)
    multiple patterns checked in order[32m    multiple patterns checked in order[0m (0.13ms)
    exact path match[32m    exact path match[0m (0.07ms)
    wildcard in middle of pattern[32m    wildcard in middle of pattern[0m (0.07ms)
    recursive wildcard in middle of pattern[32m    recursive wildcard in middle of pattern[0m (0.09ms)
    overlapping patterns (any match allows)[32m    overlapping patterns (any match allows)[0m (0.05ms)
    case-sensitive matching[32m    case-sensitive matching[0m (0.07ms)
    dot files matched by wildcards[32m    dot files matched by wildcards[0m (0.06ms)
    special characters in filenames matched literally[32m    special characters in filenames matched literally[0m (0.08ms)
  full pipeline behavioral validation
    allows read operation within read scope via pipeline[32m    allows read operation within read scope via pipeline[0m (4.25ms)
    denies read operation outside scope via pipeline[32m    denies read operation outside scope via pipeline[0m (3.98ms)
    denies write when only read scope exists via pipeline[32m    denies write when only read scope exists via pipeline[0m (3.89ms)
    denies operations on deny list paths via pipeline[32m    denies operations on deny list paths via pipeline[0m (3.92ms)
    denies when multiple file operations include paths outside scope[32m    denies when multiple file operations include paths outside scope[0m (3.95ms)
    allows multiple operations when all within scope[32m    allows multiple operations when all within scope[0m (3.98ms)

scope validation must read domains from bash-parser alist
  check-no-op detects file ops in real bash-parser output[32m  check-no-op detects file ops in real bash-parser output[0m (2.66ms)
  check-no-op returns nil for commands without file ops[32m  check-no-op returns nil for commands without file ops[0m (2.19ms)
  validate-command-semantics denies reading /etc/shadow[32m  validate-command-semantics denies reading /etc/shadow[0m (2.22ms)

run_bash_command: No-op allowance (stage 5 short-circuit)
  allows version checks without path configuration[32m  allows version checks without path configuration[0m (3.70ms)
  allows help flags as no-ops[32m  allows help flags as no-ops[0m (4.73ms)
  allows informational commands[32m  allows informational commands[0m (4.61ms)
  bypasses file path validation for no-op commands[32m  bypasses file path validation for no-op commands[0m (3.61ms)

run_bash_command: Parse completeness enforcement (stage 2)
  strict mode rejects incomplete parse (syntax error)[32m  strict mode rejects incomplete parse (syntax error)[0m (3.59ms)
  strict mode rejects incomplete loop[32m  strict mode rejects incomplete loop[0m (3.66ms)
  strict mode rejects incomplete conditional[32m  strict mode rejects incomplete conditional[0m (3.64ms)
  strict mode allows valid complex syntax[32m  strict mode allows valid complex syntax[0m (3.64ms)
  strict mode allows valid conditionals[32m  strict mode allows valid conditionals[0m (3.73ms)
  permissive mode allows incomplete parse with warningWarning (emacs): Parse incomplete: nil
[32m  permissive mode allows incomplete parse with warning[0m (3.75ms)
[33mWarning (emacs): Parse incomplete: nil[0m
  permissive mode allows partial syntaxWarning (emacs): Parse incomplete: nil
[32m  permissive mode allows partial syntax[0m (3.62ms)
[33mWarning (emacs): Parse incomplete: nil[0m
  default mode is strict[32m  default mode is strict[0m (2.88ms)
  parse completeness checked before deny list[32m  parse completeness checked before deny list[0m (4.02ms)

run_bash_command: Working directory and path resolution
  relative paths resolved from directory argument[32m  relative paths resolved from directory argument[0m (3.55ms)
  dot-dot paths resolved from directory[32m  dot-dot paths resolved from directory[0m (3.68ms)
  path traversal detected and denied[32m  path traversal detected and denied[0m (3.60ms)
  current directory (.) resolved[32m  current directory (.) resolved[0m (3.76ms)
  directory itself in deny list blocks operation[32m  directory itself in deny list blocks operation[0m (3.67ms)
  symlink directory resolved (mock file-truename)[32m  symlink directory resolved (mock file-truename)[0m (3.82ms)
  absolute path in command bypasses directory context[32m  absolute path in command bypasses directory context[0m (3.70ms)
  multiple relative paths resolved independently[32m  multiple relative paths resolved independently[0m (3.82ms)
  working directory provided to command execution[32m  working directory provided to command execution[0m (0.26ms)

jf/gptel-scope--validate-path-operation
  read operation hierarchy
    allows read if in read patterns[32m    allows read if in read patterns[0m (0.05ms)
    allows read if in write patterns (write includes read)[32m    allows read if in write patterns (write includes read)[0m (0.05ms)
    denies read if not in read or write patterns[32m    denies read if not in read or write patterns[0m (0.16ms)
  write operation
    allows write if in write patterns[32m    allows write if in write patterns[0m (0.06ms)
    denies write if not in write patterns[32m    denies write if not in write patterns[0m (0.10ms)
  modify operation hierarchy
    allows modify if in modify patterns[32m    allows modify if in modify patterns[0m (0.05ms)
    allows modify if in write patterns (write includes modify)[32m    allows modify if in write patterns (write includes modify)[0m (0.06ms)
  execute operation
    requires explicit execute permission[32m    requires explicit execute permission[0m (0.08ms)
    denies execute even if in write patterns[32m    denies execute even if in write patterns[0m (0.08ms)
  deny precedence
    denies access even if in allow patterns[32m    denies access even if in allow patterns[0m (0.11ms)
    deny overrides write permission[32m    deny overrides write permission[0m (0.08ms)

jf/gptel-scope-yaml--validate-security-config
  accepts valid boolean enforce-parse-complete[32m  accepts valid boolean enforce-parse-complete[0m (0.04ms)
  accepts valid threshold in range[32m  accepts valid threshold in range[0m (0.04ms)
  rejects threshold below 0.0[32m  rejects threshold below 0.0[0m (0.03ms)
  rejects threshold above 1.0[32m  rejects threshold above 1.0[0m (0.03ms)
  accepts edge values 0.0 and 1.0[32m  accepts edge values 0.0 and 1.0[0m (0.06ms)

validation error structure
  includes all required fields for not-in-scope[32m  includes all required fields for not-in-scope[0m (0.19ms)
  includes all required fields for denied-pattern[32m  includes all required fields for denied-pattern[0m (0.17ms)
  formats human-readable messages[32m  formats human-readable messages[0m (0.08ms)

jf/gptel-scope--glob-to-regex
  single star wildcard
    converts * to [^/]*[32m    converts * to [^/]*[0m (0.04ms)
    handles multiple single stars[32m    handles multiple single stars[0m (0.05ms)
  recursive wildcard /**/
    converts /**/ to /(?:.*/)?[32m    converts /**/ to /(?:.*/)?[0m (0.04ms)
    handles middle recursive wildcard[32m    handles middle recursive wildcard[0m (0.04ms)
  recursive wildcard at end
    converts /** at end to /.*[32m    converts /** at end to /.*[0m (0.04ms)
    matches everything after slash[32m    matches everything after slash[0m (0.04ms)
  literal characters
    escapes special regex characters[32m    escapes special regex characters[0m (0.04ms)
    handles paths with dashes and underscores[32m    handles paths with dashes and underscores[0m (0.05ms)
  edge cases
    handles empty pattern[32m    handles empty pattern[0m (0.03ms)
    handles pattern with only **[32m    handles pattern with only **[0m (0.04ms)
    anchors pattern with ^ and $[32m    anchors pattern with ^ and $[0m (0.07ms)

jf/gptel-scope--glob-match-p
  exact matches
    matches exact path[32m    matches exact path[0m (0.05ms)
    rejects different path[32m    rejects different path[0m (0.05ms)
  single star wildcard
    matches single directory component[32m    matches single directory component[0m (0.05ms)
    does not match across slashes[32m    does not match across slashes[0m (0.05ms)
  recursive wildcard
    matches zero directories with /**/[32m    matches zero directories with /**/[0m (0.05ms)
    matches one directory with /**/[32m    matches one directory with /**/[0m (0.05ms)
    matches multiple directories with /**/[32m    matches multiple directories with /**/[0m (0.05ms)
    matches everything with /** at end[32m    matches everything with /** at end[0m (0.04ms)
  case sensitivity
    is case-sensitive by default[32m    is case-sensitive by default[0m (0.04ms)

jf/gptel-scope--path-matches-any-pattern-p
  returns t if path matches first pattern[32m  returns t if path matches first pattern[0m (0.05ms)
  returns t if path matches second pattern[32m  returns t if path matches second pattern[0m (0.05ms)
  returns nil if no patterns match[32m  returns nil if no patterns match[0m (0.05ms)
  handles empty pattern list[32m  handles empty pattern list[0m (0.03ms)
  normalizes path before matching[32m  normalizes path before matching[0m (0.06ms)

jf/gptel-scope-yaml--normalize-keys
  converts snake_case to kebab-case[32m  converts snake_case to kebab-case[0m (0.07ms)
  recursively normalizes nested plists[32m  recursively normalizes nested plists[0m (0.07ms)
  preserves non-plist values[32m  preserves non-plist values[0m (0.07ms)

run_bash_command: Timeout and resource limits
  allows command that completes within timeout[32m  allows command that completes within timeout[0m (0.34ms)
  enforces timeout for command exceeding 30 seconds[32m  enforces timeout for command exceeding 30 seconds[0m (0.27ms)
  warns when long-running command is terminated[31m  warns when long-running command is terminated[0m[31m  Expected `(car (plist-get result :warnings))' with value "Command timed out" to match the regexp "more specific filters", but instead it was "Command timed out".[0m (0.26ms)
  returns full output when within limit[32m  returns full output when within limit[0m (0.26ms)
  truncates output exceeding 10,000 chars limit[32m  truncates output exceeding 10,000 chars limit[0m (0.73ms)
  suggests filters in truncation notice[31m  suggests filters in truncation notice[0m[31m  Expected `(plist-get result :output)' with value "cccccccccccccccccccccccccccccccccccccccccccccccccccccccccccccccccccccccccccccccccccccccccccccccccccccccccccccccccccccccccccccccccccccccccccccccccccccccccccccccccccccccccccccccccccccccccccccccccccccccccccccccccccccccccccccccccccccccccccccccccccccccccccccccccccccccccccccccccccccccccccccccccccccccccccccccccccccccccccccccccccccccccccccccccccccccccccccccccccccccccccccccccccccccccccccccccccccccccccccccccccccccccccccccccccccccccccccccccccccccccccccccccccccccccccccccccccccccccccccccccccccccccccccccccccccccccccccccccccccccccccccccccccccccccccccccccccccccccccccccccccccccccccccccccccccccccccccccccccccccccccccccccccccccccccccccccccccccccccccccccccccccccccccccccccccccccccccccccccccccccccccccccccccccccccccccccccccccccccccccccccccccccccccccccccccccccccccccccccccccccccccccccccccccccccccccccccccccccccccccccccccccccccccccccccccccccccccccccccccccccccccccccccccccccccccccccccccccccccccccccccccccccccccccccccccccccccccccccccccccccccccccccccccccccccccccccccccccccccccccccccccccccccccccccccccccccccccccccccccccccccccccccccccccccccccccccccccccccccccccccccccccccccccccccccccccccccccccccccccccccccccccccccccccccccccccccccccccccccccccccccccccccccccccccccccccccccccccccccccccccccccccccccccccccccccccccccccccccccccccccccccccccccccccccccccccccccccccccccccccccccccccccccccccccccccccccccccccccccccccccccccccccccccccccccccccccccccccccccccccccccccccccccccccccccccccccccccccccccccccccccccccccccccccccccccccccccccccccccccccccccccccccccccccccccccccccccccccccccccccccccccccccccccccccccccccccccccccccccccccccccccccccccccccccccccccccccccccccccccccccccccccccccccccccccccccccccccccccccccccccccccccccccccccccccccccccccccccccccccccccccccccccccccccccccccccccccccccccccccccccccccccccccccccccccccccccccccccccccccccccccccccccccccccccccccccccccccccccccccccccccccccccccccccccccccccccccccccccccccccccccccccccccccccccccccccccccccccccccccccccccccccccccccccccccccccccccccccccccccccccccccccccccccccccccccccccccccccccccccccccccccccccccccccccccccccccccccccccccccccccccccccccccccccccccccccccccccccccccccccccccccccccccccccccccccccccccccccccccccccccccccccccccccccccccccccccccccccccccccccccccccccccccccccccccccccccccccccccccccccccccccccccccccccccccccccccccccccccccccccccccccccccccccccccccccccccccccccccccccccccccccccccccccccccccccccccccccccccccccccccccccccccccccccccccccccccccccccccccccccccccccccccccccccccccccccccccccccccccccccccccccccccccccccccccccccccccccccccccccccccccccccccccccccccccccccccccccccccccccccccccccccccccccccccccccccccccccccccccccccccccccccccccccccccccccccccccccccccccccccccccccccccccccccccccccccccccccccccccccccccccccccccccccccccccccccccccccccccccccccccccccccccccccccccccccccccccccccccccccccccccccccccccccccccccccccccccccccccccccccccccccccccccccccccccccccccccccccccccccccccccccccccccccccccccccccccccccccccccccccccccccccccccccccccccccccccccccccccccccccccccccccccccccccccccccccccccccccccccccccccccccccccccccccccccccccccccccccccccccccccccccccccccccccccccccccccccccccccccccccccccccccccccccccccccccccccccccccccccccccccccccccccccccccccccccccccccccccccccccccccccccccccccccccccccccccccccccccccccccccccccccccccccccccccccccccccccccccccccccccccccccccccccccccccccccccccccccccccccccccccccccccccccccccccccccccccccccccccccccccccccccccccccccccccccccccccccccccccccccccccccccccccccccccccccccccccccccccccccccccccccccccccccccccccccccccccccccccccccccccccccccccccccccccccccccccccccccccccccccccccccccccccccccccccccccccccccccccccccccccccccccccccccccccccccccccccccccccccccccccccccccccccccccccccccccccccccccccccccccccccccccccccccccccccccccccccccccccccccccccccccccccccccccccccccccccccccccccccccccccccccccccccccccccccccccccccccccccccccccccccccccccccccccccccccccccccccccccccccccccccccccccccccccccccccccccccccccccccccccccccccccccccccccccccccccccccccccccccccccccccccccccccccccccccccccccccccccccccccccccccccccccccccccccccccccccccccccccccccccccccccccccccccccccccccccccccccccccccccccccccccccccccccccccccccccccccccccccccccccccccccccccccccccccccccccccccccccccccccccccccccccccccccccccccccccccccccccccccccccccccccccccccccccccccccccccccccccccccccccccccccccccccccccccccccccccccccccccccccccccccccccccccccccccccccccccccccccccccccccccccccccccccccccccccccccccccccccccccccccccccccccccccccccccccccccccccccccccccccccccccccccccccccccccccccccccccccccccccccccccccccccccccccccccccccccccccccccccccccccccccccccccccccccccccccccccccccccccccccccccccccccccccccccccccccccccccccccccccccccccccccccccccccccccccccccccccccccccccccccccccccccccccccccccccccccccccccccccccccccccccccccccccccccccccccccccccccccccccccccccccccccccccccccccccccccccccccccccccccccccccccccccccccccccccccccccccccccccccccccccccccccccccccccccccccccccccccccccccccccccccccccccccccccccccccccccccccccccccccccccccccccccccccccccccccccccccccccccccccccccccccccccccccccccccccccccccccccccccccccccccccccccccccccccccccccccccccccccccccccccccccccccccccccccccccccccccccccccccccccccccccccccccccccccccccccccccccccccccccccccccccccccccccccccccccccccccccccccccccccccccccccccccccccccccccccccccccccccccccccccccccccccccccccccccccccccccccccccccccccccccccccccccccccccccccccccccccccccccccccccccccccccccccccccccccccccccccccccccccccccccccccccccccccccccccccccccccccccccccccccccccccccccccccccccccccccccccccccccccccccccccccccccccccccccccccccccccccccccccccccccccccccccccccccccccccccccccccccccccccccccccccccccccccccccccccccccccccccccccccccccccccccccccccccccccccccccccccccccccccccccccccccccccccccccccccccccccccccccccccccccccccccccccccccccccccccccccccccccccccccccccccccccccccccccccccccccccccccccccccccccccccccccccccccccccccccccccccccccccccccccccccccccccccccccccccccccccccccccccccccccccccccccccccccccccccccccccccccccccccccccccccccccccccccccccccccccccccccccccccccccccccccccccccccccccccccccccccccccccccccccccccccccccccccccccccccccccccccccccccccccccccccccccccccccccccccccccccccccccccccccccccccccccccccccccccccccccccccccccccccccccccccccccccccccccccccccccccccccccccccccccccccccccccccccccccccccccccccccccccccccccccccccccccccccccccccccccccccccccccccccccccccccccccccccccccccccccccccccccccccccccccccccccccccccccccccccccccccccccccccccccccccccccccccccccccccccccccccccccccccccccccccccccccccccccccccccccccccccccccccccccccccccccccccccccccccccccccccccccccccccccccccccccccccccccccccccccccccccccccccccccccccccccccccccccccccccccccccccccccccccccccccccccccccccccccccccccccccccccccccccccccccccccccccccccccccccccccccccccccccccccccccccccccccccccccccccccccccccccccccccccccccccccccccccccccccccccccccccccccccccccccccccccccccccccccccccccccccccccccccccccccccccccccccccccccccccccccccccccccccccccccccccccccccccccccccccccccccccccccccccccccccccccccccccccccccccccccccccccccccccccccccccccccccccccccccccccccccccccccccccccccccccccccccccccccccccccccccccccccccccccccccccccccccccccccccccccccccccccccccccccccccccccccccccccccccccccccccccccccccccccccccccccccccccccccccccccccccccccccccccccccccccccccccccccccccccccccccccccccccccccccccccccccccccccccccccccccccccccccccccccccccccccccccccccccccccccccccccccccccccccccccccccccccccccccccccccccccccccccccccccccccccccccccccccccccccccccccccccccccccccccccccccccccccccccccccccccccccccccccccccccccccccccccccccccccccccccccccccccccccccccccccccccccccccccccccccccccccccccccccccccccccccccccccccccccccccccccccccccccccccccccccccccccccccccccccccccccccccccccccccccccccccccccccccccccccccccccccccccccccccccccccccccccccccccccccccccccccccccccccccccccccccccccccccccccccccccccccccccccccccccccccccccccccccccccccccccccccccccccccccccccccccccccccccccccccccccccccccccccccccccccccccccccccccccccccccccccccccccccccccccccccccccccccccccccccccccccccccccccccccccccccccccccccccccccccccccccccccccccccccccccccccccccccccccccccccccccccccccccccccccccccccccccccccccccccccccccccccccccccccccccccccccccccccccccccccccccccccccccccccccccccccccccccccccccccccccccccccccccccccccccccccccccccccccccccccccccccccccccccccccccccccccccccccccccccccccccccccccccccccccccccccccccccccccccccccccccccccccccccccccccccccccccccccccccccccccccccccccccccccccccccccccccccccccccccccccccccccccccccccccccccccccccccccccccccccccccccccccccccccccccccccccccccccccccccccccccccccccccccccccccccccccccccccccccccccccccccccccccccccccccccccccccccccccccccccccccccccccccccccccccccccccccccccccccccccccccccccccccccccccccccccccccccccccccccccccccccccccccccccccccccccccccccccccccccccccccccccccccccccccccccccccccccccccccccccccccccccccccccccccccccccccccccccccccccccccccccccccccccccccccccccccccccccccccccccccccccccccccccccccccccccccccccccccccccccccccccccccccccccccccccccccccccccccccccccccccccccccccccccccccccccccccccccccccccccccccccccccccccccccccccccccccccccccccccccccccccccccccccccccccccccccccccccccccccccccccccccccccccccccccccccccccccccccccccccccccccccccccccccccccccccccccccccccccccccccccccccccccccccccccccccccccccccccccccccccccccccccccccccccccccccccccccccccccccccccccccccccccccccccccccccccccccccccccccccccccccccccccccccccccccccccccccccccccccccccccccccccccccccccccccccccccccccccccccccccccccccccccccccccccccccccccccccccccccccccccccccccccccccccccccccccccccccccccccccccccccccccccccccccccccccccccccccccccccccccccccccccccccccccccccccccccccccccccccccccccccccccccccccccccccccccccccccccccccccccccccccccccccccccccccccccccccccccccccccccccccccccccccccccccccccccccccccccccccccccccccccccccccccccccccccccccccccccccccccccccccccccccccccccccccccccccccccccccccccccccccccccccccccccccccccccccccccccccccccccccccccccccccccccccccccccccccccccccccccccccccccccccccccccccccccccccccccccccccccccccccccccccccccccccccccccccccccccccccccccccccccccccccccccccccccccccccccccccccccccccccccccccccccccccccccccccccccccccccccccccccccccccccccccccccccccccccccccccccccccccccccccccccccccccccccccccccccccccccccccccccccccccccccccccccccccccccccccccccccccccccccccccccccccccccccccccccccccccccccccccccccccccccccccccccccccccccccccccccccccccccccccccccccccccccccccccccccccccccccccccccccccccccccccccccccccccccccccccccccccccccccccccccccccccccccccccccccccccccccccccccccccccccccccccccccccccccccccccccccccccccccccccccccccccccccccccccccccccccccccccccccccccccccccccccccccccccccccccccccccccccccccccccccccccccccccccccccccccccccccccccccccccccccccccccccccccccccccccccccccccccccccccccccccccccccccccccccccccccccccccccccccccccccccccccccccccccccccccccccccccccccccccccccccccccccccccccccccccccccccccccccccccccccccccccccccccccccccccccccccccccccccccccccccccccccccccccccccccccccccccccccccccccccccccccccccccccccccccccccccccccccccccccccccccccccccccccccccccccccccccccccccccccccccccccccccccccccccccccccccccccccccccccccccccccccccccccccccccccccccccccccccccccccccccccccccccccccccccccccccccccccccccccccccccccccccccccccccccccccccccccccccccc

[Output truncated at 10000 chars. Total: 12000 chars.]" to match the regexp "head", but instead it was "cccccccccccccccccccccccccccccccccccccccccccccccccccccccccccccccccccccccccccccccccccccccccccccccccccccccccccccccccccccccccccccccccccccccccccccccccccccccccccccccccccccccccccccccccccccccccccccccccccccccccccccccccccccccccccccccccccccccccccccccccccccccccccccccccccccccccccccccccccccccccccccccccccccccccccccccccccccccccccccccccccccccccccccccccccccccccccccccccccccccccccccccccccccccccccccccccccccccccccccccccccccccccccccccccccccccccccccccccccccccccccccccccccccccccccccccccccccccccccccccccccccccccccccccccccccccccccccccccccccccccccccccccccccccccccccccccccccccccccccccccccccccccccccccccccccccccccccccccccccccccccccccccccccccccccccccccccccccccccccccccccccccccccccccccccccccccccccccccccccccccccccccccccccccccccccccccccccccccccccccccccccccccccccccccccccccccccccccccccccccccccccccccccccccccccccccccccccccccccccccccccccccccccccccccccccccccccccccccccccccccccccccccccccccccccccccccccccccccccccccccccccccccccccccccccccccccccccccccccccccccccccccccccccccccccccccccccccccccccccccccccccccccccccccccccccccccccccccccccccccccccccccccccccccccccccccccccccccccccccccccccccccccccccccccccccccccccccccccccccccccccccccccccccccccccccccccccccccccccccccccccccccccccccccccccccccccccccccccccccccccccccccccccccccccccccccccccccccccccccccccccccccccccccccccccccccccccccccccccccccccccccccccccccccccccccccccccccccccccccccccccccccccccccccccccccccccccccccccccccccccccccccccccccccccccccccccccccccccccccccccccccccccccccccccccccccccccccccccccccccccccccccccccccccccccccccccccccccccccccccccccccccccccccccccccccccccccccccccccccccccccccccccccccccccccccccccccccccccccccccccccccccccccccccccccccccccccccccccccccccccccccccccccccccccccccccccccccccccccccccccccccccccccccccccccccccccccccccccccccccccccccccccccccccccccccccccccccccccccccccccccccccccccccccccccccccccccccccccccccccccccccccccccccccccccccccccccccccccccccccccccccccccccccccccccccccccccccccccccccccccccccccccccccccccccccccccccccccccccccccccccccccccccccccccccccccccccccccccccccccccccccccccccccccccccccccccccccccccccccccccccccccccccccccccccccccccccccccccccccccccccccccccccccccccccccccccccccccccccccccccccccccccccccccccccccccccccccccccccccccccccccccccccccccccccccccccccccccccccccccccccccccccccccccccccccccccccccccccccccccccccccccccccccccccccccccccccccccccccccccccccccccccccccccccccccccccccccccccccccccccccccccccccccccccccccccccccccccccccccccccccccccccccccccccccccccccccccccccccccccccccccccccccccccccccccccccccccccccccccccccccccccccccccccccccccccccccccccccccccccccccccccccccccccccccccccccccccccccccccccccccccccccccccccccccccccccccccccccccccccccccccccccccccccccccccccccccccccccccccccccccccccccccccccccccccccccccccccccccccccccccccccccccccccccccccccccccccccccccccccccccccccccccccccccccccccccccccccccccccccccccccccccccccccccccccccccccccccccccccccccccccccccccccccccccccccccccccccccccccccccccccccccccccccccccccccccccccccccccccccccccccccccccccccccccccccccccccccccccccccccccccccccccccccccccccccccccccccccccccccccccccccccccccccccccccccccccccccccccccccccccccccccccccccccccccccccccccccccccccccccccccccccccccccccccccccccccccccccccccccccccccccccccccccccccccccccccccccccccccccccccccccccccccccccccccccccccccccccccccccccccccccccccccccccccccccccccccccccccccccccccccccccccccccccccccccccccccccccccccccccccccccccccccccccccccccccccccccccccccccccccccccccccccccccccccccccccccccccccccccccccccccccccccccccccccccccccccccccccccccccccccccccccccccccccccccccccccccccccccccccccccccccccccccccccccccccccccccccccccccccccccccccccccccccccccccccccccccccccccccccccccccccccccccccccccccccccccccccccccccccccccccccccccccccccccccccccccccccccccccccccccccccccccccccccccccccccccccccccccccccccccccccccccccccccccccccccccccccccccccccccccccccccccccccccccccccccccccccccccccccccccccccccccccccccccccccccccccccccccccccccccccccccccccccccccccccccccccccccccccccccccccccccccccccccccccccccccccccccccccccccccccccccccccccccccccccccccccccccccccccccccccccccccccccccccccccccccccccccccccccccccccccccccccccccccccccccccccccccccccccccccccccccccccccccccccccccccccccccccccccccccccccccccccccccccccccccccccccccccccccccccccccccccccccccccccccccccccccccccccccccccccccccccccccccccccccccccccccccccccccccccccccccccccccccccccccccccccccccccccccccccccccccccccccccccccccccccccccccccccccccccccccccccccccccccccccccccccccccccccccccccccccccccccccccccccccccccccccccccccccccccccccccccccccccccccccccccccccccccccccccccccccccccccccccccccccccccccccccccccccccccccccccccccccccccccccccccccccccccccccccccccccccccccccccccccccccccccccccccccccccccccccccccccccccccccccccccccccccccccccccccccccccccccccccccccccccccccccccccccccccccccccccccccccccccccccccccccccccccccccccccccccccccccccccccccccccccccccccccccccccccccccccccccccccccccccccccccccccccccccccccccccccccccccccccccccccccccccccccccccccccccccccccccccccccccccccccccccccccccccccccccccccccccccccccccccccccccccccccccccccccccccccccccccccccccccccccccccccccccccccccccccccccccccccccccccccccccccccccccccccccccccccccccccccccccccccccccccccccccccccccccccccccccccccccccccccccccccccccccccccccccccccccccccccccccccccccccccccccccccccccccccccccccccccccccccccccccccccccccccccccccccccccccccccccccccccccccccccccccccccccccccccccccccccccccccccccccccccccccccccccccccccccccccccccccccccccccccccccccccccccccccccccccccccccccccccccccccccccccccccccccccccccccccccccccccccccccccccccccccccccccccccccccccccccccccccccccccccccccccccccccccccccccccccccccccccccccccccccccccccccccccccccccccccccccccccccccccccccccccccccccccccccccccccccccccccccccccccccccccccccccccccccccccccccccccccccccccccccccccccccccccccccccccccccccccccccccccccccccccccccccccccccccccccccccccccccccccccccccccccccccccccccccccccccccccccccccccccccccccccccccccccccccccccccccccccccccccccccccccccccccccccccccccccccccccccccccccccccccccccccccccccccccccccccccccccccccccccccccccccccccccccccccccccccccccccccccccccccccccccccccccccccccccccccccccccccccccccccccccccccccccccccccccccccccccccccccccccccccccccccccccccccccccccccccccccccccccccccccccccccccccccccccccccccccccccccccccccccccccccccccccccccccccccccccccccccccccccccccccccccccccccccccccccccccccccccccccccccccccccccccccccccccccccccccccccccccccccccccccccccccccccccccccccccccccccccccccccccccccccccccccccccccccccccccccccccccccccccccccccccccccccccccccccccccccccccccccccccccccccccccccccccccccccccccccccccccccccccccccccccccccccccccccccccccccccccccccccccccccccccccccccccccccccccccccccccccccccccccccccccccccccccccccccccccccccccccccccccccccccccccccccccccccccccccccccccccccccccccccccccccccccccccccccccccccccccccccccccccccccccccccccccccccccccccccccccccccccccccccccccccccccccccccccccccccccccccccccccccccccccccccccccccccccccccccccccccccccccccccccccccccccccccccccccccccccccccccccccccccccccccccccccccccccccccccccccccccccccccccccccccccccccccccccccccccccccccccccccccccccccccccccccccccccccccccccccccccccccccccccccccccccccccccccccccccccccccccccccccccccccccccccccccccccccccccccccccccccccccccccccccccccccccccccccccccccccccccccccccccccccccccccccccccccccccccccccccccccccccccccccccccccccccccccccccccccccccccccccccccccccccccccccccccccccccccccccccccccccccccccccccccccccccccccccccccccccccccccccccccccccccccccccccccccccccccccccccccccccccccccccccccccccccccccccccccccccccccccccccccccccccccccccccccccccccccccccccccccccccccccccccccccccccccccccccccccccccccccccccccccccccccccccccccccccccccccccccccccccccccccccccccccccccccccccccccccccccccccccccccccccccccccccccccccccccccccccccccccccccccccccccccccccccccccccccccccccccccccccccccccccccccccccccccccccccccccccccccccccccccccccccccccccccccccccccccccccccccccccccccccccccccccccccccccccccccccccccccccccccccccccccccccccccccccccccccccccccccccccccccccccccccccccccccccccccccccccccccccccccccccccccccccccccccccccccccccccccccccccccccccccccccccccccccccccccccccccccccccccccccccccccccccccccccccccccccccccccccccccccccccccccccccccccccccccccccccccccccccccccccccccccccccccccccccccccccccccccccccccccccccccccccccccccccccccccccccccccccccccccccccccccccccccccccccccccccccccccccccccccccccccccccccccccccccccccccccccccccccccccccccccccccccccccccccccccccccccccccccccccccccccccccccccccccccccccccccccccccccccccccccccccccccccccccccccccccccccccccccccccccccccccccccccccccccccccccccccccccccccccccccccccccccccccccccccccccccccccccccccccccccccccccccccccccccccccccccccccccccccccccccccccccccccccccccccccccccccccccccccccccccccccccccccccccccccccccccccccccccccccccccccccccccccccccccccccccccccccccccccccccccccccccccccccccccccccccccccccccccccccccccccccccccccccccccccccccccccccccccccccccccccccccccccccccccccccccccccccccccccccccccccccccccccccccccccccccccccccccccccccccccccccccccccccccccccccccccccccccccccccccccccccccccccccccccccccccccccccccccccccccccccccccccccccccccccccccccccccccccccccccccccccccccccccccccccccccccccccccccccccccccccccccccccccccccccccccccccccccccccccccccccccccccccccccccccccccccccccccccccccccccccccccccccccccccccccccccccccccccccccccccccccccccccccccccccccccccccccccccccccccccccccccccccccccccccccccccccccccccccccccccccccccccccccccccccccccccccccccccccccccccccccccccccccccccccccccccccccccccccccccccccccccccccccccccccccccccccccccccccccccccccccccccccccccccccccccccccccccccccccccccccccccccccccccccccccccccccccccccccccccccccccccccccccccccccccccccccccccccccccccccccccccccccccccccccccccccccccccccccccccccccccccccccccccccccccccccccccccccccccccccccccccccccccccccccccccccccccccccccccccccccccccccccccccccccccccccccccccccccccccccccccccccccccccccccccccccccccccccccccccccccccccccccccccccccccccccccccccccccccccccccccccccccccccccccccccccccccccccccccccccccccccccccccccccccccccccccccccccccccccccccccccccccccccccccccccccccccccccccccccccccccccccccccccccccccccccccccccccccccccccccccccccccccccccccccccccccccccccccccccccccccccccccccccccccccccccccccccccccccccccccccccccccccccccccccccccccccccccccccccccccccccccccccccccccccccccccccccccccccccccccccccccccccccccccccccccccccccccccccccccccccccccccccccccccccccccccccccccccccccccccccccccccccccccccccccccccccccccccccccccccccccccccccccccccccccccccccccccccccccccccccccccccccccccccccccccccccccccccccccccccccccccccccccccccccccccccccccccccccccccccccccccccccccccccccccccccccccccccccccccccccccccccccccccccccccccccccccccccccccccccccccccccccccccccccccccccccccccccccccccccccccccccccccccccccccccccccccccccccccccccccccccccccccccccccccccccccccccccccccccccccccccccccccccccccccccccccccccccccccccccccccccccccccccccccccccccccccccccccccccccccccccccccccccccccccccccccccccccccccccccccccccccccccccccccccccccccccccccccccccccccccccccccccccccccccccccccccccccccccccccccccccccccccccccccccccccccccccccccccccccccccccccccccccccccccccccccccccccccccccccccccccccccccccccccccccccccccccccccccccccccccccccccccccccccccccccccccccccccc

[Output truncated at 10000 chars. Total: 12000 chars.]".[0m (59.87ms)
  captures non-zero exit code[32m  captures non-zero exit code[0m (0.32ms)
  handles execution errors gracefully[32m  handles execution errors gracefully[0m (0.29ms)

YAML Boolean Normalization
  jf/gptel-scope-profile--normalize-boolean
    converts :true to t[32m    converts :true to t[0m (0.04ms)
    converts :false to nil[32m    converts :false to nil[0m (0.04ms)
    converts :null to nil[32m    converts :null to nil[0m (0.04ms)
    passes through t unchanged[32m    passes through t unchanged[0m (0.04ms)
    passes through nil unchanged[32m    passes through nil unchanged[0m (0.04ms)
    passes through strings unchanged[32m    passes through strings unchanged[0m (0.04ms)
    passes through numbers unchanged[32m    passes through numbers unchanged[0m (0.04ms)
    passes through other keywords unchanged[32m    passes through other keywords unchanged[0m (0.04ms)
  jf/gptel-scope-profile--normalize-keys with booleans
    normalizes :true in top-level plist[32m    normalizes :true in top-level plist[0m (0.05ms)
    normalizes :false in top-level plist[32m    normalizes :false in top-level plist[0m (0.05ms)
    normalizes :null in top-level plist[32m    normalizes :null in top-level plist[0m (0.05ms)
    normalizes booleans in nested plists[32m    normalizes booleans in nested plists[0m (0.08ms)
    normalizes multiple boolean keywords in same plist[32m    normalizes multiple boolean keywords in same plist[0m (0.10ms)
    normalizes booleans while converting snake_case to kebab-case[32m    normalizes booleans while converting snake_case to kebab-case[0m (0.05ms)
    preserves already-normalized booleans[32m    preserves already-normalized booleans[0m (0.07ms)
  jf/gptel-scope-profile--plist-to-yaml with keyword booleans
    writes :true as 'true' in YAML[32m    writes :true as 'true' in YAML[0m (0.05ms)
    writes :false as 'false' in YAML[32m    writes :false as 'false' in YAML[0m (0.05ms)
    writes :null as 'false' in YAML[32m    writes :null as 'false' in YAML[0m (0.07ms)
    writes t as 'true' in YAML[32m    writes t as 'true' in YAML[0m (0.05ms)
    writes nil boolean fields as 'false' in YAML[32m    writes nil boolean fields as 'false' in YAML[0m (0.05ms)
    handles nested plists with keyword booleans[32m    handles nested plists with keyword booleans[0m (0.12ms)
  jf/gptel-scope-yaml--validate-security-config with keyword booleans
    accepts :true and normalizes to t[32m    accepts :true and normalizes to t[0m (0.04ms)
    accepts :false and normalizes to nil[32m    accepts :false and normalizes to nil[0m (0.04ms)
    accepts :null and normalizes to nil[32m    accepts :null and normalizes to nil[0m (0.05ms)
    still accepts already-normalized t[32m    still accepts already-normalized t[0m (0.05ms)
    still accepts already-normalized nil[32m    still accepts already-normalized nil[0m (0.05ms)
    rejects invalid keyword values[32m    rejects invalid keyword values[0m (0.04ms)
    rejects non-boolean types[32m    rejects non-boolean types[0m (0.03ms)
  YAML round-trip with boolean values
    preserves YAML true through parse → normalize → write[32m    preserves YAML true through parse → normalize → write[0m (0.76ms)
    preserves YAML false through parse → normalize → write[32m    preserves YAML false through parse → normalize → write[0m (0.64ms)
    handles complete security section round-trip[32m    handles complete security section round-trip[0m (0.93ms)

YAML Round-trip Tests
  Reading and writing full scope files
    preserves all sections when reading and writing back[32m    preserves all sections when reading and writing back[0m (12.67ms)
    handles empty nested plist values[32m    handles empty nested plist values[0m (2.29ms)
  Inline expansion with full scope files
    preserves :cloud and :security when adding path[32m    preserves :cloud and :security when adding path[0m (12.08ms)

jf/gptel-scope-yaml--merge-schema-defaults
  merges provided paths with defaults[32m  merges provided paths with defaults[0m (0.10ms)
  uses defaults when sections missing[32m  uses defaults when sections missing[0m (0.10ms)

scope schema path sections
  loads paths.read section[32m  loads paths.read section[0m (0.74ms)
  loads paths.write section[32m  loads paths.write section[0m (0.64ms)
  loads paths.execute section[32m  loads paths.execute section[0m (0.83ms)
  loads paths.modify section[32m  loads paths.modify section[0m (0.64ms)
  loads paths.deny section[32m  loads paths.deny section[0m (0.88ms)

scope schema write/read hierarchy
  write path section loads separately from read[32m  write path section loads separately from read[0m (0.56ms)
  read path does not imply write[32m  read path does not imply write[0m (0.58ms)

scope schema cloud config
  loads auth_detection field[32m  loads auth_detection field[0m (0.51ms)
  loads allowed_providers field[32m  loads allowed_providers field[0m (0.87ms)
  adds defaults when cloud section missing[32m  adds defaults when cloud section missing[0m (0.60ms)

scope schema security config
  loads enforce_parse_complete field[32m  loads enforce_parse_complete field[0m (0.58ms)
  loads max_coverage_threshold field[32m  loads max_coverage_threshold field[0m (0.58ms)
  adds defaults when security section missing[32m  adds defaults when security section missing[0m (0.60ms)

scope schema full document
  loads all sections from complete document[32m  loads all sections from complete document[0m (3.47ms)

scope schema YAML normalization
  handles snake_case keys[32m  handles snake_case keys[0m (0.92ms)
  normalizes all keys to kebab-case[32m  normalizes all keys to kebab-case[0m (1.45ms)
  normalizes nested structures[32m  normalizes nested structures[0m (0.88ms)

scope schema validation
  rejects invalid auth_detection value[32m  rejects invalid auth_detection value[0m (0.53ms)
  rejects invalid coverage threshold > 1.0[32m  rejects invalid coverage threshold > 1.0[0m (0.56ms)
  loads invalid path structure as-is[32m  loads invalid path structure as-is[0m (0.48ms)
  loads valid document successfully[32m  loads valid document successfully[0m (3.31ms)

scope schema edge cases
  loads empty arrays correctly[32m  loads empty arrays correctly[0m (1.07ms)
  handles mixed YAML quote styles[32m  handles mixed YAML quote styles[0m (1.10ms)
  normalizes YAML boolean false to elisp nil[32m  normalizes YAML boolean false to elisp nil[0m (0.59ms)
  handles numeric threshold variations[32m  handles numeric threshold variations[0m (0.63ms)
  handles null cloud section with defaults[32m  handles null cloud section with defaults[0m (0.77ms)
  loads duplicate path patterns as-is[32m  loads duplicate path patterns as-is[0m (0.84ms)
  ignores unknown top-level keys[32m  ignores unknown top-level keys[0m (1.19ms)

scope schema rejection
  rejects negative coverage threshold[32m  rejects negative coverage threshold[0m (0.56ms)
  rejects coverage threshold above 1.0[32m  rejects coverage threshold above 1.0[0m (0.56ms)
  rejects non-numeric coverage threshold[32m  rejects non-numeric coverage threshold[0m (0.56ms)
  rejects misspelled auth_detection[32m  rejects misspelled auth_detection[0m (0.50ms)
  rejects empty auth_detection[32m  rejects empty auth_detection[0m (0.47ms)
  rejects numeric auth_detection[32m  rejects numeric auth_detection[0m (0.48ms)
  rejects non-boolean enforce_parse_complete[32m  rejects non-boolean enforce_parse_complete[0m (0.55ms)
  rejects numeric enforce_parse_complete[32m  rejects numeric enforce_parse_complete[0m (0.55ms)
  rejects extremely large threshold[32m  rejects extremely large threshold[0m (0.56ms)
  loads malformed path object structure[32m  loads malformed path object structure[0m (0.57ms)
  loads numeric path value[32m  loads numeric path value[0m (0.45ms)
  loads mixed types in path array[32m  loads mixed types in path array[0m (0.81ms)
  accepts boundary threshold values[32m  accepts boundary threshold values[0m (1.12ms)
  accepts empty allowed_providers array[32m  accepts empty allowed_providers array[0m (0.78ms)
  handles scientific notation threshold[32m  handles scientific notation threshold[0m (0.60ms)

scope schema default merging
  empty schema gets all defaults[32m  empty schema gets all defaults[0m (0.54ms)
  partial paths section merges with defaults[32m  partial paths section merges with defaults[0m (0.91ms)
  partial cloud section merges with defaults[32m  partial cloud section merges with defaults[0m (0.71ms)
  partial security section merges with defaults[32m  partial security section merges with defaults[0m (0.59ms)
  user-specified cloud auth overrides default[32m  user-specified cloud auth overrides default[0m (0.51ms)
  user-specified security threshold overrides default[32m  user-specified security threshold overrides default[0m (0.61ms)
  mixed present/absent sections merge correctly[32m  mixed present/absent sections merge correctly[0m (1.36ms)
  all sections can be overridden[32m  all sections can be overridden[0m (3.11ms)
  zero threshold is preserved (not replaced by default)[32m  zero threshold is preserved (not replaced by default)[0m (0.60ms)
  1.0 threshold is preserved[32m  1.0 threshold is preserved[0m (0.57ms)

Simple Async Tool Test
  calls UI when validation failsDEBUG: Calling tool with filepath=/workspace/newfile.txt
DEBUG: Loading config, paths-write=("/workspace/allowed/**")
DEBUG: Mock UI called, violation=(:tool "write_file_in_scope" :resource "/workspace/newfile.txt" :operation :write :reason "Path not in :write scope: /workspace/newfile.txt" :validation-type path :metadata nil)
DEBUG: Updating config write from ("/workspace/allowed/**") to ("/workspace/allowed/**" "/workspace/newfile.txt")
DEBUG: Invoking expansion callback with success
DEBUG: Loading config, paths-write=("/workspace/allowed/**" "/workspace/newfile.txt")
DEBUG: Tool body executing for /workspace/newfile.txt
DEBUG: Final callback invoked with: {"success":true,"filepath":"/workspace/newfile.txt"}
DEBUG: After tool call:
  UI called: t
  Tool executed: t
  Config paths.write: ("/workspace/allowed/**" "/workspace/newfile.txt")
  Final result: (:success t :filepath "/workspace/newfile.txt")
[32m  calls UI when validation fails[0m (0.70ms)

Session filesystem: directory templates use session.org
  jf/gptel-session--context-file constant
    names the conversation file session.org[32m    names the conversation file session.org[0m (0.04ms)
  jf/gptel--context-file-path
    builds a path ending in session.org[32m    builds a path ending in session.org[0m (0.05ms)
  Branch template: branches/<branch-name>/session.org
    places the conversation file at branches/main/session.org[GPTEL-INFO] Created session directory: /var/folders/fb/n9t967hd3xb61_81p92hs_300000gn/T/gptel-sessions-filesystem-test-v0D2cw/demo-20260420000000
[GPTEL-INFO] Created branch directory: /var/folders/fb/n9t967hd3xb61_81p92hs_300000gn/T/gptel-sessions-filesystem-test-v0D2cw/demo-20260420000000/branches/main
[32m    places the conversation file at branches/main/session.org[0m (0.86ms)
    places the conversation file at branches/<named>/session.org for non-main branches[GPTEL-INFO] Created session directory: /var/folders/fb/n9t967hd3xb61_81p92hs_300000gn/T/gptel-sessions-filesystem-test-dNCP0r/demo-20260420000000
[GPTEL-INFO] Created branch directory: /var/folders/fb/n9t967hd3xb61_81p92hs_300000gn/T/gptel-sessions-filesystem-test-dNCP0r/demo-20260420000000/branches/20260420120000-experiment
[32m    places the conversation file at branches/<named>/session.org for non-main branches[0m (0.70ms)
  Agent template: agents/<agent-name>/session.org
    places agent conversation files at agents/<agent>/session.org[GPTEL-INFO] Created session directory: /var/folders/fb/n9t967hd3xb61_81p92hs_300000gn/T/gptel-sessions-filesystem-test-C1z9Va/demo-20260420000000
[GPTEL-INFO] Created branch directory: /var/folders/fb/n9t967hd3xb61_81p92hs_300000gn/T/gptel-sessions-filesystem-test-C1z9Va/demo-20260420000000/branches/main
[GPTEL-INFO] Created agent directory: /var/folders/fb/n9t967hd3xb61_81p92hs_300000gn/T/gptel-sessions-filesystem-test-C1z9Va/demo-20260420000000/branches/main/agents/researcher-20260420204015-explore-api
[32m    places agent conversation files at agents/<agent>/session.org[0m (1.20ms)
  jf/gptel--valid-branch-directory-p
    returns t when session.org exists in the branch directory[GPTEL-INFO] Created session directory: /var/folders/fb/n9t967hd3xb61_81p92hs_300000gn/T/gptel-sessions-filesystem-test-Z00Ktc/demo-20260420000000
[GPTEL-INFO] Created branch directory: /var/folders/fb/n9t967hd3xb61_81p92hs_300000gn/T/gptel-sessions-filesystem-test-Z00Ktc/demo-20260420000000/branches/main
[32m    returns t when session.org exists in the branch directory[0m (1.48ms)
    returns nil when only a legacy session.md file is present[GPTEL-INFO] Created session directory: /var/folders/fb/n9t967hd3xb61_81p92hs_300000gn/T/gptel-sessions-filesystem-test-AWiUj5/demo-20260420000000
[GPTEL-INFO] Created branch directory: /var/folders/fb/n9t967hd3xb61_81p92hs_300000gn/T/gptel-sessions-filesystem-test-AWiUj5/demo-20260420000000/branches/main
[32m    returns nil when only a legacy session.md file is present[0m (1.45ms)
  Sessions root / branches tree integrity
    builds branches/<branch>/session.org from the sessions root[GPTEL-INFO] Created session directory: /var/folders/fb/n9t967hd3xb61_81p92hs_300000gn/T/gptel-sessions-filesystem-test-uNJ1nI/demo-20260420000000
[GPTEL-INFO] Created branch directory: /var/folders/fb/n9t967hd3xb61_81p92hs_300000gn/T/gptel-sessions-filesystem-test-uNJ1nI/demo-20260420000000/branches/main
[32m    builds branches/<branch>/session.org from the sessions root[0m (0.82ms)
    points current symlink at the active branch so current/session.org resolves there[GPTEL-INFO] Created session directory: /var/folders/fb/n9t967hd3xb61_81p92hs_300000gn/T/gptel-sessions-filesystem-test-ZgIc7V/demo-20260420000000
[GPTEL-INFO] Created branch directory: /var/folders/fb/n9t967hd3xb61_81p92hs_300000gn/T/gptel-sessions-filesystem-test-ZgIc7V/demo-20260420000000/branches/main
[GPTEL-DEBUG] Updated current symlink to: main
[32m    points current symlink at the active branch so current/session.org resolves there[0m (2.39ms)
    excludes branches without session.org from find-all-branches-with-agents[GPTEL-INFO] Created session directory: /var/folders/fb/n9t967hd3xb61_81p92hs_300000gn/T/gptel-sessions-filesystem-test-uDwOQQ/demo-20260420000000
[GPTEL-INFO] Created branch directory: /var/folders/fb/n9t967hd3xb61_81p92hs_300000gn/T/gptel-sessions-filesystem-test-uDwOQQ/demo-20260420000000/branches/main
[GPTEL-INFO] Created branch directory: /var/folders/fb/n9t967hd3xb61_81p92hs_300000gn/T/gptel-sessions-filesystem-test-uDwOQQ/demo-20260420000000/branches/legacy
[32m    excludes branches without session.org from find-all-branches-with-agents[0m (2.21ms)

PersistentAgent
  Validation
    errors when no parent session exists[32m    errors when no parent session exists[0m (0.04ms)
    errors when preset not found in gptel--known-presets[32m    errors when preset not found in gptel--known-presets[0m (0.06ms)
  Agent directory structure
    creates agent directory under parent branch-dir/agents/[GPTEL-INFO] Created agent directory: /sessions/parent/branches/main/agents/researcher-20260420204015-analyze-code
[GPTEL-INFO] Created agent scope.yml with 0 read path(s)
[GPTEL-INFO] Created agent metadata.yml: /sessions/parent/branches/main/agents/researcher-20260420204015-analyze-code/metadata.yml
[GPTEL-INFO] Registered branch: researcher-20260420204015-analyze-code/main
[32m    creates agent directory under parent branch-dir/agents/[0m (0.31ms)
    directory name includes preset, timestamp, and slugified description[GPTEL-INFO] Created agent directory: /sessions/parent/branches/main/agents/researcher-20260420204015-analyze-code-quality
[GPTEL-INFO] Created agent scope.yml with 0 read path(s)
[GPTEL-INFO] Created agent metadata.yml: /sessions/parent/branches/main/agents/researcher-20260420204015-analyze-code-quality/metadata.yml
[GPTEL-INFO] Registered branch: researcher-20260420204015-analyze-code-quality/main
[32m    directory name includes preset, timestamp, and slugified description[0m (0.31ms)
  scope.yml (zero inheritance)
    writes scope.yml with provided allowed-paths[GPTEL-INFO] Created agent directory: /sessions/parent/branches/main/agents/researcher-20260420204015-test-task
[GPTEL-INFO] Created agent scope.yml with 2 read path(s)
[GPTEL-INFO] Created agent metadata.yml: /sessions/parent/branches/main/agents/researcher-20260420204015-test-task/metadata.yml
[GPTEL-INFO] Registered branch: researcher-20260420204015-test-task/main
[32m    writes scope.yml with provided allowed-paths[0m (0.28ms)
    writes empty read paths when no allowed-paths given[GPTEL-INFO] Created agent directory: /sessions/parent/branches/main/agents/researcher-20260420204015-test-task
[GPTEL-INFO] Created agent scope.yml with 0 read path(s)
[GPTEL-INFO] Created agent metadata.yml: /sessions/parent/branches/main/agents/researcher-20260420204015-test-task/metadata.yml
[GPTEL-INFO] Registered branch: researcher-20260420204015-test-task/main
[32m    writes empty read paths when no allowed-paths given[0m (0.25ms)
    writes default deny paths[GPTEL-INFO] Created agent directory: /sessions/parent/branches/main/agents/researcher-20260420204015-test-task
[GPTEL-INFO] Created agent scope.yml with 0 read path(s)
[GPTEL-INFO] Created agent metadata.yml: /sessions/parent/branches/main/agents/researcher-20260420204015-test-task/metadata.yml
[GPTEL-INFO] Registered branch: researcher-20260420204015-test-task/main
[32m    writes default deny paths[0m (0.30ms)
    does not inherit parent session scope[GPTEL-INFO] Created agent directory: /sessions/parent/branches/main/agents/researcher-20260420204015-test-task
[GPTEL-INFO] Created agent scope.yml with 0 read path(s)
[GPTEL-INFO] Created agent metadata.yml: /sessions/parent/branches/main/agents/researcher-20260420204015-test-task/metadata.yml
[GPTEL-INFO] Registered branch: researcher-20260420204015-test-task/main
[32m    does not inherit parent session scope[0m (0.23ms)
  metadata.yml
    writes version, session_id, and timestamps[GPTEL-INFO] Created agent directory: /sessions/parent/branches/main/agents/researcher-20260420204015-test-task
[GPTEL-INFO] Created agent scope.yml with 0 read path(s)
[GPTEL-INFO] Created agent metadata.yml: /sessions/parent/branches/main/agents/researcher-20260420204015-test-task/metadata.yml
[GPTEL-INFO] Registered branch: researcher-20260420204015-test-task/main
[32m    writes version, session_id, and timestamps[0m (0.32ms)
    records parent_session_id from parent buffer[33m    records parent_session_id from parent buffer[0m[33m  PENDING[0m (0.02ms)
    records preset name and type as agent[GPTEL-INFO] Created agent directory: /sessions/parent/branches/main/agents/researcher-20260420204015-test-task
[GPTEL-INFO] Created agent scope.yml with 0 read path(s)
[GPTEL-INFO] Created agent metadata.yml: /sessions/parent/branches/main/agents/researcher-20260420204015-test-task/metadata.yml
[GPTEL-INFO] Registered branch: researcher-20260420204015-test-task/main
[32m    records preset name and type as agent[0m (0.26ms)
  Buffer initialization
    creates buffer with expected naming pattern[GPTEL-INFO] Created agent directory: /sessions/parent/branches/main/agents/researcher-20260420204015-analyze-code
[GPTEL-INFO] Created agent scope.yml with 0 read path(s)
[GPTEL-INFO] Created agent metadata.yml: /sessions/parent/branches/main/agents/researcher-20260420204015-analyze-code/metadata.yml
[GPTEL-INFO] Registered branch: researcher-20260420204015-analyze-code/main
[32m    creates buffer with expected naming pattern[0m (0.22ms)
    sets session vars BEFORE preset application[GPTEL-INFO] Created agent directory: /sessions/parent/branches/main/agents/researcher-20260420204015-test-task
[GPTEL-INFO] Created agent scope.yml with 0 read path(s)
[GPTEL-INFO] Created agent metadata.yml: /sessions/parent/branches/main/agents/researcher-20260420204015-test-task/metadata.yml
[GPTEL-INFO] Registered branch: researcher-20260420204015-test-task/main
[32m    sets session vars BEFORE preset application[0m (0.21ms)
    calls gptel--apply-preset with buffer-local setter[GPTEL-INFO] Created agent directory: /sessions/parent/branches/main/agents/researcher-20260420204015-test-task
[GPTEL-INFO] Created agent scope.yml with 0 read path(s)
[GPTEL-INFO] Created agent metadata.yml: /sessions/parent/branches/main/agents/researcher-20260420204015-test-task/metadata.yml
[GPTEL-INFO] Registered branch: researcher-20260420204015-test-task/main
[32m    calls gptel--apply-preset with buffer-local setter[0m (0.22ms)
    enables gptel-mode AFTER preset application[GPTEL-INFO] Created agent directory: /sessions/parent/branches/main/agents/researcher-20260420204015-test-task
[GPTEL-INFO] Created agent scope.yml with 0 read path(s)
[GPTEL-INFO] Created agent metadata.yml: /sessions/parent/branches/main/agents/researcher-20260420204015-test-task/metadata.yml
[GPTEL-INFO] Registered branch: researcher-20260420204015-test-task/main
[32m    enables gptel-mode AFTER preset application[0m (0.22ms)
    adds auto-save hook to buffer-local gptel-post-response-functions[GPTEL-INFO] Created agent directory: /sessions/parent/branches/main/agents/researcher-20260420204015-test-task
[GPTEL-INFO] Created agent scope.yml with 0 read path(s)
[GPTEL-INFO] Created agent metadata.yml: /sessions/parent/branches/main/agents/researcher-20260420204015-test-task/metadata.yml
[GPTEL-INFO] Registered branch: researcher-20260420204015-test-task/main
[32m    adds auto-save hook to buffer-local gptel-post-response-functions[0m (0.23ms)
    inserts prompt into buffer[GPTEL-INFO] Created agent directory: /sessions/parent/branches/main/agents/researcher-20260420204015-prompt-check
[GPTEL-INFO] Created agent scope.yml with 0 read path(s)
[GPTEL-INFO] Created agent metadata.yml: /sessions/parent/branches/main/agents/researcher-20260420204015-prompt-check/metadata.yml
[GPTEL-INFO] Registered branch: researcher-20260420204015-prompt-check/main
[32m    inserts prompt into buffer[0m (0.24ms)
    associates buffer with session.org file path[GPTEL-INFO] Created agent directory: /sessions/parent/branches/main/agents/researcher-20260420204015-test-task
[GPTEL-INFO] Created agent scope.yml with 0 read path(s)
[GPTEL-INFO] Created agent metadata.yml: /sessions/parent/branches/main/agents/researcher-20260420204015-test-task/metadata.yml
[GPTEL-INFO] Registered branch: researcher-20260420204015-test-task/main
[32m    associates buffer with session.org file path[0m (0.26ms)
  Registry
    registers agent session in global registry[GPTEL-INFO] Created agent directory: /sessions/parent/branches/main/agents/researcher-20260420204015-test-task
[GPTEL-INFO] Created agent scope.yml with 0 read path(s)
[GPTEL-INFO] Created agent metadata.yml: /sessions/parent/branches/main/agents/researcher-20260420204015-test-task/metadata.yml
[GPTEL-INFO] Registered branch: researcher-20260420204015-test-task/main
[32m    registers agent session in global registry[0m (0.24ms)
    registry entry has correct session-id and branch info[GPTEL-INFO] Created agent directory: /sessions/parent/branches/main/agents/researcher-20260420204015-registry-check
[GPTEL-INFO] Created agent scope.yml with 0 read path(s)
[GPTEL-INFO] Created agent metadata.yml: /sessions/parent/branches/main/agents/researcher-20260420204015-registry-check/metadata.yml
[GPTEL-INFO] Registered branch: researcher-20260420204015-registry-check/main
[32m    registry entry has correct session-id and branch info[0m (0.28ms)
  Overlay
    creates overlay in parent buffer[GPTEL-INFO] Created agent directory: /sessions/parent/branches/main/agents/researcher-20260420204015-analyze-code
[GPTEL-INFO] Created agent scope.yml with 0 read path(s)
[GPTEL-INFO] Created agent metadata.yml: /sessions/parent/branches/main/agents/researcher-20260420204015-analyze-code/metadata.yml
[GPTEL-INFO] Registered branch: researcher-20260420204015-analyze-code/main
[32m    creates overlay in parent buffer[0m (0.23ms)
    overlay contains preset name and description[GPTEL-INFO] Created agent directory: /sessions/parent/branches/main/agents/researcher-20260420204015-analyze-code
[GPTEL-INFO] Created agent scope.yml with 0 read path(s)
[GPTEL-INFO] Created agent metadata.yml: /sessions/parent/branches/main/agents/researcher-20260420204015-analyze-code/metadata.yml
[GPTEL-INFO] Registered branch: researcher-20260420204015-analyze-code/main
[32m    overlay contains preset name and description[0m (0.28ms)
  Request dispatch
    calls gptel-request from agent-buffer context, not parent[GPTEL-INFO] Created agent directory: /sessions/parent/branches/main/agents/researcher-20260420204015-test-task
[GPTEL-INFO] Created agent scope.yml with 0 read path(s)
[GPTEL-INFO] Created agent metadata.yml: /sessions/parent/branches/main/agents/researcher-20260420204015-test-task/metadata.yml
[GPTEL-INFO] Registered branch: researcher-20260420204015-test-task/main
[32m    calls gptel-request from agent-buffer context, not parent[0m (0.28ms)
    passes overlay as :context to gptel-request[GPTEL-INFO] Created agent directory: /sessions/parent/branches/main/agents/researcher-20260420204015-test-task
[GPTEL-INFO] Created agent scope.yml with 0 read path(s)
[GPTEL-INFO] Created agent metadata.yml: /sessions/parent/branches/main/agents/researcher-20260420204015-test-task/metadata.yml
[GPTEL-INFO] Registered branch: researcher-20260420204015-test-task/main
[32m    passes overlay as :context to gptel-request[0m (0.26ms)
    passes custom FSM handlers to gptel-request[GPTEL-INFO] Created agent directory: /sessions/parent/branches/main/agents/researcher-20260420204015-test-task
[GPTEL-INFO] Created agent scope.yml with 0 read path(s)
[GPTEL-INFO] Created agent metadata.yml: /sessions/parent/branches/main/agents/researcher-20260420204015-test-task/metadata.yml
[GPTEL-INFO] Registered branch: researcher-20260420204015-test-task/main
[32m    passes custom FSM handlers to gptel-request[0m (0.25ms)
  Response handling
    calls main-cb with accumulated response on completion[GPTEL-INFO] Created agent directory: /sessions/parent/branches/main/agents/researcher-20260420204015-test-task
[GPTEL-INFO] Created agent scope.yml with 0 read path(s)
[GPTEL-INFO] Created agent metadata.yml: /sessions/parent/branches/main/agents/researcher-20260420204015-test-task/metadata.yml
[GPTEL-INFO] Registered branch: researcher-20260420204015-test-task/main
[32m    calls main-cb with accumulated response on completion[0m (0.27ms)
    inserts response into agent buffer for persistence[GPTEL-INFO] Created agent directory: /sessions/parent/branches/main/agents/researcher-20260420204015-test-task
[GPTEL-INFO] Created agent scope.yml with 0 read path(s)
[GPTEL-INFO] Created agent metadata.yml: /sessions/parent/branches/main/agents/researcher-20260420204015-test-task/metadata.yml
[GPTEL-INFO] Registered branch: researcher-20260420204015-test-task/main
[32m    inserts response into agent buffer for persistence[0m (0.24ms)
    deletes overlay on error response[GPTEL-INFO] Created agent directory: /sessions/parent/branches/main/agents/researcher-20260420204015-test-task
[GPTEL-INFO] Created agent scope.yml with 0 read path(s)
[GPTEL-INFO] Created agent metadata.yml: /sessions/parent/branches/main/agents/researcher-20260420204015-test-task/metadata.yml
[GPTEL-INFO] Registered branch: researcher-20260420204015-test-task/main
[32m    deletes overlay on error response[0m (0.25ms)
    deletes overlay on abort response[GPTEL-INFO] Created agent directory: /sessions/parent/branches/main/agents/researcher-20260420204015-test-task
[GPTEL-INFO] Created agent scope.yml with 0 read path(s)
[GPTEL-INFO] Created agent metadata.yml: /sessions/parent/branches/main/agents/researcher-20260420204015-test-task/metadata.yml
[GPTEL-INFO] Registered branch: researcher-20260420204015-test-task/main
[32m    deletes overlay on abort response[0m (0.25ms)

Session creation (write-side)
  Basic session creation
    creates branches/main directory structure[GPTEL-INFO] Created branch directory: /sessions/test-session-123/branches/main
[GPTEL-DEBUG] Resolving named scope profile 'coding' for preset: executor
[GPTEL-WARN] Scope profile file not found: /Users/jefffarr/emacs-gptel-shell-mode/config/gptel/scope-profiles/coding.yml
[GPTEL-WARN] Profile file missing for preset executor, profile: coding
[GPTEL-WARN] No scope configuration available for preset: executor
[GPTEL-INFO] Wrote scope file: /sessions/test-session-123/branches/main/scope.yml
[GPTEL-INFO] Created metadata.yml: /sessions/test-session-123/branches/main/metadata.yml
[GPTEL-DEBUG] Updated current symlink to: main
[GPTEL-INFO] Created session file: /sessions/test-session-123/branches/main/session.org
[32m    creates branches/main directory structure[0m (0.30ms)
    writes metadata.yml with session_id and preset name[GPTEL-INFO] Created branch directory: /sessions/test-session-123/branches/main
[GPTEL-DEBUG] Resolving named scope profile 'coding' for preset: executor
[GPTEL-WARN] Scope profile file not found: /Users/jefffarr/emacs-gptel-shell-mode/config/gptel/scope-profiles/coding.yml
[GPTEL-WARN] Profile file missing for preset executor, profile: coding
[GPTEL-WARN] No scope configuration available for preset: executor
[GPTEL-INFO] Wrote scope file: /sessions/test-session-123/branches/main/scope.yml
[GPTEL-INFO] Created metadata.yml: /sessions/test-session-123/branches/main/metadata.yml
[GPTEL-DEBUG] Updated current symlink to: main
[GPTEL-INFO] Created session file: /sessions/test-session-123/branches/main/session.org
[32m    writes metadata.yml with session_id and preset name[0m (0.32ms)
    writes metadata.yml with created and updated timestamps[GPTEL-INFO] Created branch directory: /sessions/test-session-123/branches/main
[GPTEL-DEBUG] Resolving named scope profile 'coding' for preset: executor
[GPTEL-WARN] Scope profile file not found: /Users/jefffarr/emacs-gptel-shell-mode/config/gptel/scope-profiles/coding.yml
[GPTEL-WARN] Profile file missing for preset executor, profile: coding
[GPTEL-WARN] No scope configuration available for preset: executor
[GPTEL-INFO] Wrote scope file: /sessions/test-session-123/branches/main/scope.yml
[GPTEL-INFO] Created metadata.yml: /sessions/test-session-123/branches/main/metadata.yml
[GPTEL-DEBUG] Updated current symlink to: main
[GPTEL-INFO] Created session file: /sessions/test-session-123/branches/main/session.org
[32m    writes metadata.yml with created and updated timestamps[0m (0.30ms)
    writes session.org with default content[GPTEL-INFO] Created branch directory: /sessions/test-session-123/branches/main
[GPTEL-DEBUG] Resolving named scope profile 'coding' for preset: executor
[GPTEL-WARN] Scope profile file not found: /Users/jefffarr/emacs-gptel-shell-mode/config/gptel/scope-profiles/coding.yml
[GPTEL-WARN] Profile file missing for preset executor, profile: coding
[GPTEL-WARN] No scope configuration available for preset: executor
[GPTEL-INFO] Wrote scope file: /sessions/test-session-123/branches/main/scope.yml
[GPTEL-INFO] Created metadata.yml: /sessions/test-session-123/branches/main/metadata.yml
[GPTEL-DEBUG] Updated current symlink to: main
[GPTEL-INFO] Created session file: /sessions/test-session-123/branches/main/session.org
[32m    writes session.org with default content[0m (0.28ms)
    writes session.org with custom initial content[GPTEL-INFO] Created branch directory: /sessions/test-session-123/branches/main
[GPTEL-DEBUG] Resolving named scope profile 'coding' for preset: executor
[GPTEL-WARN] Scope profile file not found: /Users/jefffarr/emacs-gptel-shell-mode/config/gptel/scope-profiles/coding.yml
[GPTEL-WARN] Profile file missing for preset executor, profile: coding
[GPTEL-WARN] No scope configuration available for preset: executor
[GPTEL-INFO] Wrote scope file: /sessions/test-session-123/branches/main/scope.yml
[GPTEL-INFO] Created metadata.yml: /sessions/test-session-123/branches/main/metadata.yml
[GPTEL-DEBUG] Updated current symlink to: main
[GPTEL-INFO] Created session file: /sessions/test-session-123/branches/main/session.org
[32m    writes session.org with custom initial content[0m (0.26ms)
    creates current symlink pointing to branches/main[GPTEL-INFO] Created branch directory: /sessions/test-session-123/branches/main
[GPTEL-DEBUG] Resolving named scope profile 'coding' for preset: executor
[GPTEL-WARN] Scope profile file not found: /Users/jefffarr/emacs-gptel-shell-mode/config/gptel/scope-profiles/coding.yml
[GPTEL-WARN] Profile file missing for preset executor, profile: coding
[GPTEL-WARN] No scope configuration available for preset: executor
[GPTEL-INFO] Wrote scope file: /sessions/test-session-123/branches/main/scope.yml
[GPTEL-INFO] Created metadata.yml: /sessions/test-session-123/branches/main/metadata.yml
[GPTEL-DEBUG] Updated current symlink to: main
[GPTEL-INFO] Created session file: /sessions/test-session-123/branches/main/session.org
[32m    creates current symlink pointing to branches/main[0m (0.27ms)
  Return value
    returns plist with session info[GPTEL-INFO] Created branch directory: /sessions/test-session-123/branches/main
[GPTEL-DEBUG] Resolving named scope profile 'coding' for preset: executor
[GPTEL-WARN] Scope profile file not found: /Users/jefffarr/emacs-gptel-shell-mode/config/gptel/scope-profiles/coding.yml
[GPTEL-WARN] Profile file missing for preset executor, profile: coding
[GPTEL-WARN] No scope configuration available for preset: executor
[GPTEL-INFO] Wrote scope file: /sessions/test-session-123/branches/main/scope.yml
[GPTEL-INFO] Created metadata.yml: /sessions/test-session-123/branches/main/metadata.yml
[GPTEL-DEBUG] Updated current symlink to: main
[GPTEL-INFO] Created session file: /sessions/test-session-123/branches/main/session.org
[32m    returns plist with session info[0m (0.35ms)
  Preset metadata recording
    records preset name as string in metadata.yml[GPTEL-INFO] Created branch directory: /sessions/test-session-123/branches/main
[GPTEL-DEBUG] No scope defaults for preset: researcher
[GPTEL-WARN] No scope configuration available for preset: researcher
[GPTEL-INFO] Wrote scope file: /sessions/test-session-123/branches/main/scope.yml
[GPTEL-INFO] Created metadata.yml: /sessions/test-session-123/branches/main/metadata.yml
[GPTEL-DEBUG] Updated current symlink to: main
[GPTEL-INFO] Created session file: /sessions/test-session-123/branches/main/session.org
[32m    records preset name as string in metadata.yml[0m (0.23ms)
  Scope profile integration
    writes scope.yml via scope profile system[GPTEL-INFO] Created branch directory: /sessions/test-session-123/branches/main
[GPTEL-DEBUG] Resolving named scope profile 'coding' for preset: executor
[GPTEL-WARN] Scope profile file not found: /Users/jefffarr/emacs-gptel-shell-mode/config/gptel/scope-profiles/coding.yml
[GPTEL-WARN] Profile file missing for preset executor, profile: coding
[GPTEL-WARN] No scope configuration available for preset: executor
[GPTEL-INFO] Wrote scope file: /sessions/test-session-123/branches/main/scope.yml
[GPTEL-INFO] Created metadata.yml: /sessions/test-session-123/branches/main/metadata.yml
[GPTEL-DEBUG] Updated current symlink to: main
[GPTEL-INFO] Created session file: /sessions/test-session-123/branches/main/session.org
[32m    writes scope.yml via scope profile system[0m (0.25ms)
    writes scope.yml with preset scope configuration when available[GPTEL-INFO] Created branch directory: /sessions/test-session-123/branches/main
[GPTEL-DEBUG] Using inline scope defaults for preset: test-preset
[GPTEL-WARN] No project-root provided; patterns with ${project_root} will be removed
[GPTEL-WARN] No project-root provided; patterns with ${project_root} will be removed
[GPTEL-INFO] Using preset scope configuration
[GPTEL-INFO] Wrote scope file: /sessions/test-session-123/branches/main/scope.yml
[GPTEL-INFO] Created metadata.yml: /sessions/test-session-123/branches/main/metadata.yml
[GPTEL-DEBUG] Updated current symlink to: main
[GPTEL-INFO] Created session file: /sessions/test-session-123/branches/main/session.org
[32m    writes scope.yml with preset scope configuration when available[0m (0.26ms)
    expands ${project_root} in scope.yml paths when project-root provided[GPTEL-INFO] Created branch directory: /sessions/test-session-123/branches/main
[GPTEL-DEBUG] Using inline scope defaults for preset: test-preset
[GPTEL-INFO] Using preset scope configuration
[GPTEL-INFO] Wrote scope file: /sessions/test-session-123/branches/main/scope.yml
[GPTEL-INFO] Created metadata.yml: /sessions/test-session-123/branches/main/metadata.yml
[GPTEL-DEBUG] Updated current symlink to: main
[GPTEL-INFO] Created session file: /sessions/test-session-123/branches/main/session.org
[32m    expands ${project_root} in scope.yml paths when project-root provided[0m (0.26ms)
    deep-merges worktree-paths with preset scope when both provided[GPTEL-INFO] Created branch directory: /sessions/test-session-123/branches/main
[GPTEL-DEBUG] Using inline scope defaults for preset: test-preset
[GPTEL-WARN] No project-root provided; patterns with ${project_root} will be removed
[GPTEL-WARN] No project-root provided; patterns with ${project_root} will be removed
[GPTEL-INFO] Deep-merging worktree paths with preset scope configuration
[GPTEL-INFO] Wrote scope file: /sessions/test-session-123/branches/main/scope.yml
[GPTEL-INFO] Created metadata.yml: /sessions/test-session-123/branches/main/metadata.yml
[GPTEL-DEBUG] Updated current symlink to: main
[GPTEL-INFO] Created session file: /sessions/test-session-123/branches/main/session.org
[32m    deep-merges worktree-paths with preset scope when both provided[0m (0.29ms)
    writes minimal scope.yml when preset has no scope configuration[GPTEL-INFO] Created branch directory: /sessions/test-session-123/branches/main
[GPTEL-DEBUG] No scope defaults for preset: no-scope-preset
[GPTEL-WARN] No scope configuration available for preset: no-scope-preset
[GPTEL-INFO] Wrote scope file: /sessions/test-session-123/branches/main/scope.yml
[GPTEL-INFO] Created metadata.yml: /sessions/test-session-123/branches/main/metadata.yml
[GPTEL-DEBUG] Updated current symlink to: main
[GPTEL-INFO] Created session file: /sessions/test-session-123/branches/main/session.org
[32m    writes minimal scope.yml when preset has no scope configuration[0m (0.21ms)

Session restoration (read-side)
  Path pattern detection
    detects branch session from path pattern[GPTEL-DEBUG] New branch session detected (no Local Variables): my-session/main
[GPTEL-INFO] Registered branch: my-session/main
[GPTEL-DEBUG] Updated current symlink to: main
[GPTEL-INFO] Auto-initialized new branch session: my-session/main
Session initialized: my-session (branch: main)
[32m    detects branch session from path pattern[0m (0.78ms)
    detects agent session from path pattern[GPTEL-DEBUG] New agent session detected (no Local Variables): researcher-20260101-task/main
[GPTEL-INFO] Registered branch: researcher-20260101-task/main
[GPTEL-DEBUG] Updated current symlink to: main
[GPTEL-INFO] Auto-initialized new agent session: researcher-20260101-task/main
Session initialized: researcher-20260101-task (branch: main)
[32m    detects agent session from path pattern[0m (0.75ms)
    ignores non-session .md files[32m    ignores non-session .md files[0m (42.38ms)
    ignores session.md at wrong depth[32m    ignores session.md at wrong depth[0m (0.10ms)
  New session restoration (no Local Variables)
    reads preset from metadata.yml and applies it[GPTEL-DEBUG] New branch session detected (no Local Variables): test-sess/main
[GPTEL-INFO] Registered branch: test-sess/main
[GPTEL-DEBUG] Updated current symlink to: main
[GPTEL-INFO] Auto-initialized new branch session: test-sess/main
Session initialized: test-sess (branch: main)
[32m    reads preset from metadata.yml and applies it[0m (1.08ms)
    sets buffer-local session variables[GPTEL-DEBUG] New branch session detected (no Local Variables): test-sess/main
[GPTEL-INFO] Registered branch: test-sess/main
[GPTEL-DEBUG] Updated current symlink to: main
[GPTEL-INFO] Auto-initialized new branch session: test-sess/main
Session initialized: test-sess (branch: main)
[32m    sets buffer-local session variables[0m (0.78ms)
    enables gptel-mode after applying preset[GPTEL-DEBUG] New branch session detected (no Local Variables): test-sess/main
[GPTEL-INFO] Registered branch: test-sess/main
[GPTEL-DEBUG] Updated current symlink to: main
[GPTEL-INFO] Auto-initialized new branch session: test-sess/main
Session initialized: test-sess (branch: main)
[32m    enables gptel-mode after applying preset[0m (0.75ms)
  Existing session restoration (has Local Variables)
    delegates to upstream when gptel--preset is buffer-local[GPTEL-DEBUG] Existing branch session detected (has gptel--preset): test-sess/main
[GPTEL-DEBUG] Scope config available at /sessions/test-sess/branches/main/scope.yml
[GPTEL-INFO] Registered branch: test-sess/main
[GPTEL-DEBUG] Updated current symlink to: main
[GPTEL-INFO] Auto-initialized existing branch session: test-sess/main
Session initialized: test-sess (branch: main)
[32m    delegates to upstream when gptel--preset is buffer-local[0m (0.20ms)
  Registry registration
    registers session in global registry after initialization[GPTEL-DEBUG] New branch session detected (no Local Variables): test-sess/main
[GPTEL-INFO] Registered branch: test-sess/main
[GPTEL-DEBUG] Updated current symlink to: main
[GPTEL-INFO] Auto-initialized new branch session: test-sess/main
Session initialized: test-sess (branch: main)
[32m    registers session in global registry after initialization[0m (0.75ms)
  Error handling
    handles missing metadata.yml gracefully for new sessions[GPTEL-DEBUG] New branch session detected (no Local Variables): test-sess/main
[GPTEL-WARN] No preset found for new session test-sess, enabling basic gptel-mode
[GPTEL-INFO] Registered branch: test-sess/main
[GPTEL-DEBUG] Updated current symlink to: main
[GPTEL-INFO] Auto-initialized new branch session: test-sess/main
Session initialized: test-sess (branch: main)
[32m    handles missing metadata.yml gracefully for new sessions[0m (0.19ms)
    handles corrupt yaml in metadata.yml gracefully[GPTEL-DEBUG] New branch session detected (no Local Variables): test-sess/main
[GPTEL-WARN] Failed to read metadata.yml: Unable to parse YAML.  Parser finished before end of input 0/17
[GPTEL-WARN] No preset found for new session test-sess, enabling basic gptel-mode
[GPTEL-INFO] Registered branch: test-sess/main
[GPTEL-DEBUG] Updated current symlink to: main
[GPTEL-INFO] Auto-initialized new branch session: test-sess/main
Session initialized: test-sess (branch: main)
[32m    handles corrupt yaml in metadata.yml gracefully[0m (0.82ms)
    handles missing preset gracefully[GPTEL-DEBUG] New branch session detected (no Local Variables): test-sess/main
[GPTEL-WARN] No preset found for new session test-sess, enabling basic gptel-mode
[GPTEL-INFO] Registered branch: test-sess/main
[GPTEL-DEBUG] Updated current symlink to: main
[GPTEL-INFO] Auto-initialized new branch session: test-sess/main
Session initialized: test-sess (branch: main)
[32m    handles missing preset gracefully[0m (0.75ms)

read_file_in_scope: tool-scope contract
  on validation success, reads file
    returns file content when file exists[32m    returns file content when file exists[0m (0.85ms)
    returns file_not_found error when file missing[32m    returns file_not_found error when file missing[0m (0.05ms)
  on validation failure, returns error without reading
    returns structured scope violation error[32m    returns structured scope violation error[0m (0.12ms)
    does not read file when permission denied[32m    does not read file when permission denied[0m (0.02ms)

write_file_in_scope: tool-scope contract
  on validation success, writes file
    creates file with content when allowed[32m    creates file with content when allowed[0m (0.56ms)
  on validation failure, returns error without writing
    does not write file when permission denied[32m    does not write file when permission denied[0m (0.02ms)
    returns error with allowed-patterns for guidance[32m    returns error with allowed-patterns for guidance[0m (0.05ms)

edit_file_in_scope: tool-scope contract
  returns error without modifying when permission denied[32m  returns error without modifying when permission denied[0m (0.06ms)

list_directory: basic tool behavior
  lists files when directory exists[32m  lists files when directory exists[0m (0.63ms)
  handles non-existent directory gracefully[32m  handles non-existent directory gracefully[0m (0.05ms)

filesystem tools: expansion trigger
  triggers inline expansion when async tool is denied[32m  triggers inline expansion when async tool is denied[0m (0.05ms)
  passes denied resource to expansion for pattern inference[32m  passes denied resource to expansion for pattern inference[0m (0.05ms)

gptel argument extraction for async tools
  extracts single argument from plist correctly[32m  extracts single argument from plist correctly[0m (0.05ms)
  extracts multiple arguments in correct order[32m  extracts multiple arguments in correct order[0m (0.05ms)
  handles missing arguments[32m  handles missing arguments[0m (0.04ms)
  demonstrates correct apply usage with callback[32m  demonstrates correct apply usage with callback[0m (0.12ms)
  reproduces wrong-number-of-arguments when missing callback[32m  reproduces wrong-number-of-arguments when missing callback[0m (0.04ms)

contract/bash-file-op--validate
  accepts valid file operation[32m  accepts valid file operation[0m (0.04ms)
  accepts file-op with optional context flags[32m  accepts file-op with optional context flags[0m (0.05ms)
  rejects missing :file key[32m  rejects missing :file key[0m (0.06ms)
  rejects missing :operation key[32m  rejects missing :operation key[0m (0.05ms)
  rejects missing :confidence key[32m  rejects missing :confidence key[0m (0.05ms)
  accepts file-op without :source (optional — command handlers may omit it)[32m  accepts file-op without :source (optional — command handlers may omit it)[0m (0.04ms)
  rejects invalid :source value when present[32m  rejects invalid :source value when present[0m (0.05ms)
  rejects invalid operation type[32m  rejects invalid operation type[0m (0.05ms)
  rejects invalid confidence level[32m  rejects invalid confidence level[0m (0.05ms)
  rejects :path key (old mock format - should be :file)[32m  rejects :path key (old mock format - should be :file)[0m (0.05ms)

contract/bash-cloud-auth-op--validate
  accepts valid cloud auth operation[32m  accepts valid cloud auth operation[0m (0.04ms)
  accepts minimal cloud auth (no context)[32m  accepts minimal cloud auth (no context)[0m (0.04ms)
  rejects missing :provider[32m  rejects missing :provider[0m (0.05ms)
  rejects invalid provider[32m  rejects invalid provider[0m (0.05ms)
  rejects wrong :operation[32m  rejects wrong :operation[0m (0.05ms)
  accepts command-handler format (no :operation, :aws provider)[32m  accepts command-handler format (no :operation, :aws provider)[0m (0.04ms)

contract/bash-domains--validate
  accepts valid domains alist[32m  accepts valid domains alist[0m (0.04ms)
  accepts empty domains[32m  accepts empty domains[0m (0.04ms)
  catches plist format (the original bug class)[32m  catches plist format (the original bug class)[0m (0.05ms)
  rejects :cloud-auth domain key (should be :authentication)[32m  rejects :cloud-auth domain key (should be :authentication)[0m (0.06ms)
  accepts :authentication domain[32m  accepts :authentication domain[0m (0.04ms)

contract/bash-semantics--validate
  accepts valid semantics with file ops[32m  accepts valid semantics with file ops[0m (0.05ms)
  accepts valid semantics with cloud auth[32m  accepts valid semantics with cloud auth[0m (0.04ms)
  accepts semantics with empty domains[32m  accepts semantics with empty domains[0m (0.04ms)
  rejects missing :domains[32m  rejects missing :domains[0m (0.05ms)
  rejects plist domains (catches the alist vs plist bug)[32m  rejects plist domains (catches the alist vs plist bug)[0m (0.05ms)
  rejects :cloud-auth domain key (should be :authentication)[32m  rejects :cloud-auth domain key (should be :authentication)[0m (0.05ms)
  surfaces invalid file-op within domains[32m  surfaces invalid file-op within domains[0m (0.05ms)

contract/bash-parse-result--validate
  accepts valid simple parse result[32m  accepts valid simple parse result[0m (0.04ms)
  accepts minimal parse result[32m  accepts minimal parse result[0m (0.04ms)
  accepts failed parse result[32m  accepts failed parse result[0m (0.04ms)
  rejects missing :success[32m  rejects missing :success[0m (0.05ms)
  rejects missing :all-commands[32m  rejects missing :all-commands[0m (0.05ms)
  rejects missing :parse-complete[32m  rejects missing :parse-complete[0m (0.05ms)

:to-satisfy-contract with bash-parser contracts
  works with file-op contract[32m  works with file-op contract[0m (0.01ms)
  works with semantics contract[32m  works with semantics contract[0m (0.02ms)

contract--validate-plist
  returns nil for valid plist with all required keys[32m  returns nil for valid plist with all required keys[0m (0.04ms)
  returns error for missing required key[32m  returns error for missing required key[0m (0.05ms)
  returns error when value fails predicate[32m  returns error when value fails predicate[0m (0.05ms)
  accepts valid optional keys[32m  accepts valid optional keys[0m (0.04ms)
  ignores absent optional keys[32m  ignores absent optional keys[0m (0.04ms)
  validates optional key type when present[32m  validates optional key type when present[0m (0.05ms)
  returns error for non-list input[32m  returns error for non-list input[0m (0.04ms)
  collects multiple errors[32m  collects multiple errors[0m (0.06ms)

contract--validate-alist
  returns nil for valid alist[32m  returns nil for valid alist[0m (0.04ms)
  returns error for unknown key[32m  returns error for unknown key[0m (0.05ms)
  catches plist masquerading as alist[32m  catches plist masquerading as alist[0m (0.06ms)
  validates value predicate[32m  validates value predicate[0m (0.05ms)
  returns nil for empty alist[32m  returns nil for empty alist[0m (0.04ms)
  returns error for non-list input[32m  returns error for non-list input[0m (0.04ms)

contract--validate-plist-in-list
  returns nil for valid list[32m  returns nil for valid list[0m (0.04ms)
  returns error for invalid item[32m  returns error for invalid item[0m (0.04ms)
  returns nil for empty list[32m  returns nil for empty list[0m (0.04ms)

:to-satisfy-contract matcher
  passes when contract is satisfied[32m  passes when contract is satisfied[0m (0.02ms)
  fails when contract is violated[32m  fails when contract is violated[0m (0.05ms)

contract/scope-paths--validate
  accepts valid complete paths[32m  accepts valid complete paths[0m (0.04ms)
  accepts paths with all empty lists (schema defaults)[32m  accepts paths with all empty lists (schema defaults)[0m (0.04ms)
  accepts paths with multiple entries per key[32m  accepts paths with multiple entries per key[0m (0.04ms)
  rejects missing :read key[32m  rejects missing :read key[0m (0.05ms)
  rejects missing :write key[32m  rejects missing :write key[0m (0.05ms)
  rejects missing :execute key[32m  rejects missing :execute key[0m (0.05ms)
  rejects missing :modify key[32m  rejects missing :modify key[0m (0.04ms)
  rejects missing :deny key[32m  rejects missing :deny key[0m (0.05ms)
  rejects non-list value for a path key[32m  rejects non-list value for a path key[0m (0.05ms)
  rejects non-string entry in a path list[32m  rejects non-string entry in a path list[0m (0.05ms)

contract/scope-cloud--validate
  accepts valid cloud with auth-detection allow[32m  accepts valid cloud with auth-detection allow[0m (0.04ms)
  accepts valid cloud with auth-detection warn[32m  accepts valid cloud with auth-detection warn[0m (0.03ms)
  accepts valid cloud with auth-detection deny[32m  accepts valid cloud with auth-detection deny[0m (0.03ms)
  accepts valid cloud with allowed-providers[32m  accepts valid cloud with allowed-providers[0m (0.04ms)
  accepts cloud with nil allowed-providers[32m  accepts cloud with nil allowed-providers[0m (0.03ms)
  rejects missing :auth-detection[32m  rejects missing :auth-detection[0m (0.04ms)
  rejects invalid auth-detection value[32m  rejects invalid auth-detection value[0m (0.05ms)
  rejects non-string auth-detection (keyword instead of string)[32m  rejects non-string auth-detection (keyword instead of string)[0m (0.05ms)
  rejects invalid provider in allowed-providers[32m  rejects invalid provider in allowed-providers[0m (0.05ms)

contract/scope-security--validate
  accepts valid complete security config[32m  accepts valid complete security config[0m (0.04ms)
  accepts security with enforce-parse-complete nil[32m  accepts security with enforce-parse-complete nil[0m (0.04ms)
  accepts security with threshold at boundaries[32m  accepts security with threshold at boundaries[0m (0.06ms)
  rejects :true instead of t (YAML boolean bug)[32m  rejects :true instead of t (YAML boolean bug)[0m (0.05ms)
  rejects :false instead of nil (YAML boolean bug)[32m  rejects :false instead of nil (YAML boolean bug)[0m (0.05ms)
  rejects missing :enforce-parse-complete[32m  rejects missing :enforce-parse-complete[0m (0.04ms)
  rejects missing :max-coverage-threshold[32m  rejects missing :max-coverage-threshold[0m (0.04ms)
  rejects threshold above 1.0[32m  rejects threshold above 1.0[0m (0.05ms)
  rejects threshold below 0.0[32m  rejects threshold below 0.0[0m (0.05ms)
  rejects non-number threshold[32m  rejects non-number threshold[0m (0.05ms)

contract/scope-bash-tools--validate
  accepts valid deny list[32m  accepts valid deny list[0m (0.04ms)
  accepts empty deny list[32m  accepts empty deny list[0m (0.03ms)
  accepts nil (section not present)[32m  accepts nil (section not present)[0m (0.04ms)
  rejects :categories key (migration error)[32m  rejects :categories key (migration error)[0m (0.05ms)
  rejects non-string entry in deny list[32m  rejects non-string entry in deny list[0m (0.05ms)
  rejects non-list deny value[32m  rejects non-list deny value[0m (0.04ms)

contract/scope-config--validate
  accepts valid complete config[32m  accepts valid complete config[0m (0.04ms)
  accepts config without bash-tools[32m  accepts config without bash-tools[0m (0.04ms)
  accepts config with nil bash-tools[32m  accepts config with nil bash-tools[0m (0.04ms)
  rejects missing :paths[32m  rejects missing :paths[0m (0.04ms)
  rejects missing :cloud[32m  rejects missing :cloud[0m (0.05ms)
  rejects missing :security[32m  rejects missing :security[0m (0.04ms)
  surfaces :paths sub-validator errors[32m  surfaces :paths sub-validator errors[0m (0.05ms)
  surfaces :cloud sub-validator errors[32m  surfaces :cloud sub-validator errors[0m (0.06ms)
  surfaces :security sub-validator errors[32m  surfaces :security sub-validator errors[0m (0.05ms)
  surfaces :bash-tools sub-validator errors[32m  surfaces :bash-tools sub-validator errors[0m (0.05ms)

:to-satisfy-contract with scope-config contracts
  works with paths contract[32m  works with paths contract[0m (0.01ms)
  works with cloud contract[32m  works with cloud contract[0m (0.01ms)
  works with security contract[32m  works with security contract[0m (0.01ms)
  works with top-level config contract[32m  works with top-level config contract[0m (0.02ms)

========================================
[31mCorpus file operations via jf/bash-extract-semantics all corpus cases integration-002: Pipeline with pattern substitution and redirect[0m
[31mFAILED[0m: Expected `(length (or fs-ops 'nil))' to be `equal' to `4', but instead it was `3' which does not match because: (different-atoms (3 "#x3" "?") (4 "#x4" "?")).

========================================
[31mrun_bash_command: Timeout and resource limits warns when long-running command is terminated[0m
[31mFAILED[0m: Expected `(car (plist-get result :warnings))' with value "Command timed out" to match the regexp "more specific filters", but instead it was "Command timed out".

========================================
[31mrun_bash_command: Timeout and resource limits suggests filters in truncation notice[0m
[31mFAILED[0m: Expected `(plist-get result :output)' with value "cccccccccccccccccccccccccccccccccccccccccccccccccccccccccccccccccccccccccccccccccccccccccccccccccccccccccccccccccccccccccccccccccccccccccccccccccccccccccccccccccccccccccccccccccccccccccccccccccccccccccccccccccccccccccccccccccccccccccccccccccccccccccccccccccccccccccccccccccccccccccccccccccccccccccccccccccccccccccccccccccccccccccccccccccccccccccccccccccccccccccccccccccccccccccccccccccccccccccccccccccccccccccccccccccccccccccccccccccccccccccccccccccccccccccccccccccccccccccccccccccccccccccccccccccccccccccccccccccccccccccccccccccccccccccccccccccccccccccccccccccccccccccccccccccccccccccccccccccccccccccccccccccccccccccccccccccccccccccccccccccccccccccccccccccccccccccccccccccccccccccccccccccccccccccccccccccccccccccccccccccccccccccccccccccccccccccccccccccccccccccccccccccccccccccccccccccccccccccccccccccccccccccccccccccccccccccccccccccccccccccccccccccccccccccccccccccccccccccccccccccccccccccccccccccccccccccccccccccccccccccccccccccccccccccccccccccccccccccccccccccccccccccccccccccccccccccccccccccccccccccccccccccccccccccccccccccccccccccccccccccccccccccccccccccccccccccccccccccccccccccccccccccccccccccccccccccccccccccccccccccccccccccccccccccccccccccccccccccccccccccccccccccccccccccccccccccccccccccccccccccccccccccccccccccccccccccccccccccccccccccccccccccccccccccccccccccccccccccccccccccccccccccccccccccccccccccccccccccccccccccccccccccccccccccccccccccccccccccccccccccccccccccccccccccccccccccccccccccccccccccccccccccccccccccccccccccccccccccccccccccccccccccccccccccccccccccccccccccccccccccccccccccccccccccccccccccccccccccccccccccccccccccccccccccccccccccccccccccccccccccccccccccccccccccccccccccccccccccccccccccccccccccccccccccccccccccccccccccccccccccccccccccccccccccccccccccccccccccccccccccccccccccccccccccccccccccccccccccccccccccccccccccccccccccccccccccccccccccccccccccccccccccccccccccccccccccccccccccccccccccccccccccccccccccccccccccccccccccccccccccccccccccccccccccccccccccccccccccccccccccccccccccccccccccccccccccccccccccccccccccccccccccccccccccccccccccccccccccccccccccccccccccccccccccccccccccccccccccccccccccccccccccccccccccccccccccccccccccccccccccccccccccccccccccccccccccccccccccccccccccccccccccccccccccccccccccccccccccccccccccccccccccccccccccccccccccccccccccccccccccccccccccccccccccccccccccccccccccccccccccccccccccccccccccccccccccccccccccccccccccccccccccccccccccccccccccccccccccccccccccccccccccccccccccccccccccccccccccccccccccccccccccccccccccccccccccccccccccccccccccccccccccccccccccccccccccccccccccccccccccccccccccccccccccccccccccccccccccccccccccccccccccccccccccccccccccccccccccccccccccccccccccccccccccccccccccccccccccccccccccccccccccccccccccccccccccccccccccccccccccccccccccccccccccccccccccccccccccccccccccccccccccccccccccccccccccccccccccccccccccccccccccccccccccccccccccccccccccccccccccccccccccccccccccccccccccccccccccccccccccccccccccccccccccccccccccccccccccccccccccccccccccccccccccccccccccccccccccccccccccccccccccccccccccccccccccccccccccccccccccccccccccccccccccccccccccccccccccccccccccccccccccccccccccccccccccccccccccccccccccccccccccccccccccccccccccccccccccccccccccccccccccccccccccccccccccccccccccccccccccccccccccccccccccccccccccccccccccccccccccccccccccccccccccccccccccccccccccccccccccccccccccccccccccccccccccccccccccccccccccccccccccccccccccccccccccccccccccccccccccccccccccccccccccccccccccccccccccccccccccccccccccccccccccccccccccccccccccccccccccccccccccccccccccccccccccccccccccccccccccccccccccccccccccccccccccccccccccccccccccccccccccccccccccccccccccccccccccccccccccccccccccccccccccccccccccccccccccccccccccccccccccccccccccccccccccccccccccccccccccccccccccccccccccccccccccccccccccccccccccccccccccccccccccccccccccccccccccccccccccccccccccccccccccccccccccccccccccccccccccccccccccccccccccccccccccccccccccccccccccccccccccccccccccccccccccccccccccccccccccccccccccccccccccccccccccccccccccccccccccccccccccccccccccccccccccccccccccccccccccccccccccccccccccccccccccccccccccccccccccccccccccccccccccccccccccccccccccccccccccccccccccccccccccccccccccccccccccccccccccccccccccccccccccccccccccccccccccccccccccccccccccccccccccccccccccccccccccccccccccccccccccccccccccccccccccccccccccccccccccccccccccccccccccccccccccccccccccccccccccccccccccccccccccccccccccccccccccccccccccccccccccccccccccccccccccccccccccccccccccccccccccccccccccccccccccccccccccccccccccccccccccccccccccccccccccccccccccccccccccccccccccccccccccccccccccccccccccccccccccccccccccccccccccccccccccccccccccccccccccccccccccccccccccccccccccccccccccccccccccccccccccccccccccccccccccccccccccccccccccccccccccccccccccccccccccccccccccccccccccccccccccccccccccccccccccccccccccccccccccccccccccccccccccccccccccccccccccccccccccccccccccccccccccccccccccccccccccccccccccccccccccccccccccccccccccccccccccccccccccccccccccccccccccccccccccccccccccccccccccccccccccccccccccccccccccccccccccccccccccccccccccccccccccccccccccccccccccccccccccccccccccccccccccccccccccccccccccccccccccccccccccccccccccccccccccccccccccccccccccccccccccccccccccccccccccccccccccccccccccccccccccccccccccccccccccccccccccccccccccccccccccccccccccccccccccccccccccccccccccccccccccccccccccccccccccccccccccccccccccccccccccccccccccccccccccccccccccccccccccccccccccccccccccccccccccccccccccccccccccccccccccccccccccccccccccccccccccccccccccccccccccccccccccccccccccccccccccccccccccccccccccccccccccccccccccccccccccccccccccccccccccccccccccccccccccccccccccccccccccccccccccccccccccccccccccccccccccccccccccccccccccccccccccccccccccccccccccccccccccccccccccccccccccccccccccccccccccccccccccccccccccccccccccccccccccccccccccccccccccccccccccccccccccccccccccccccccccccccccccccccccccccccccccccccccccccccccccccccccccccccccccccccccccccccccccccccccccccccccccccccccccccccccccccccccccccccccccccccccccccccccccccccccccccccccccccccccccccccccccccccccccccccccccccccccccccccccccccccccccccccccccccccccccccccccccccccccccccccccccccccccccccccccccccccccccccccccccccccccccccccccccccccccccccccccccccccccccccccccccccccccccccccccccccccccccccccccccccccccccccccccccccccccccccccccccccccccccccccccccccccccccccccccccccccccccccccccccccccccccccccccccccccccccccccccccccccccccccccccccccccccccccccccccccccccccccccccccccccccccccccccccccccccccccccccccccccccccccccccccccccccccccccccccccccccccccccccccccccccccccccccccccccccccccccccccccccccccccccccccccccccccccccccccccccccccccccccccccccccccccccccccccccccccccccccccccccccccccccccccccccccccccccccccccccccccccccccccccccccccccccccccccccccccccccccccccccccccccccccccccccccccccccccccccccccccccccccccccccccccccccccccccccccccccccccccccccccccccccccccccccccccccccccccccccccccccccccccccccccccccccccccccccccccccccccccccccccccccccccccccccccccccccccccccccccccccccccccccccccccccccccccccccccccccccccccccccccccccccccccccccccccccccccccccccccccccccccccccccccccccccccccccccccccccccccccccccccccccccccccccccccccccccccccccccccccccccccccccccccccccccccccccccccccccccccccccccccccccccccccccccccccccccccccccccccccccccccccccccccccccccccccccccccccccccccccccccccccccccccccccccccccccccccccccccccccccccccccccccccccccccccccccccccccccccccccccccccccccccccccccccccccccccccccccccccccccccccccccccccccccccccccccccccccccccccccccccccccccccccccccccccccccccccccccccccccccccccccccccccccccccccccccccccccccccccccccccccccccccccccccccccccccccccccccccccccccccccccccccccccccccccccccccccccccccccccccccccccccccccccccccccccccccccccccccccccccccccccccccccccccccccccccccccccccccccccccccccccccccccccccccccccccccccccccccccccccccccccccccccccccccccccccccccccccccccccccccccccccccccccccccccccccccccccccccccccccccccccccccccccccccccccccccccccccccccccccccccccccccccccccccccccccccccccccccccccccccccccccccccccccccccccccccccccccccccccccccccccccccccccccccccccccccccccccccccccccccccccccccccccccccccccccccccccccccccccccccccccccccccccccccccccccccccccccccccccccccccccccccccccccccccccccccccccccccccccccccccccccccccccccccccccccccccccccccccccccccccccccccccccccccccccccccccccccccccccccccccccccccccccccccccccccccccccccccccccccccccccccccccccccccccccccccccccccccccccccccccccccccccccccccccccccccccccccccccccccccccccccccccccccccccccccccccccccccccccccccccccccccccccccccccccccccccccccccccccccccccccccccccccccccccccccccccccccccccccccccccccccccccccccccccccccccccccccccccccccccccccccccccccccccccccccccccccccccccccccccccccccccccccccccccccccccccccccccccccccccccccccccccccccccccccccccccccccccccccccccccccccccccccccccccccccccccccccccccccccccccccccccccccccccccccccccccccccccccccccccccccccccccccccccccccccccccccccccccccccccccccccccccccccccccccccccccccccccccccccccccccccccccccccccccccccccccccccccccccccccccccccccccccccccccccccccccccccccccccccccccccccccccccccccccccccccccccccccccccccccccccccccccccccccccccccccccccccccccccccccccccccccccccccccccccccccccccccccccccccccccccccccccccccccccccccccccccccccccccccccccccccccccccccccccccccccccccccccccccccccccccccccccccccccccccccccccccccccccccccccccccccccccccccccccccccccccccccccccccccccccccccccccccccccccccccccccccccccccccccccccccccccccccccccccccccccccccccccccccccccccccccccccccccccccccccccccccccccccccccccccccccccccccccccccccccccccccccccccccccccccccccccccccccccccccccccccccccccccccccccccccccccccccccccccccccccccccccccccccccccccccccccccccccccccccccccccccccccccccccccccccccccccccccccccccccccccccccccccccccccccccccccccccccccccccccccccccccccccccccccccccccccccccccccccccccccccccccccccccccccccccccccccccccccccccccccccccccccccccccccccccccccccccccccccccccccccccccccccccccccccccccccccccccccccccccccccccccccccccccccccccccccccccccccccccccccccccccccccccccccccccccccccccccccccccccccccccccccccccccccccccccccccccccccccccccccccccccccccccccccccccccccccccccccccccccccccccccccccccccccccccccccccccccccccccccccccccccccccccccccccccccccccccccccccccccccccccccccccccccccccccccccccccccccccccccccccccccccccccccccccccccccccccccccccccccccccccccccccccccccccccccccccccccccccccccccccccccccccccccccccccccccccccccccccccccccccccccccccccccccccccccccccccccccccccccccccccccccccccccccccccccccccccccccccccccccccccccccccccccccccccccccccccccccccccccccccccccccccccccccccccccccccccccccccccccccccccccccccccccccccccccccccccccccccccccccccccccccccccccccccccccccccccccccccccccccccccccccccccccccccccccccccccccccccccccccccccccccccccccccccccccccccccccccccccccccccccccccccccccccccccccccccccccccccccccccccccccccccccccccccccccccccccccccccccccccccccccccccccccccccccccccccccccccccccccccccccccccccccccccccccccccccccccccccccccccccccccccccccccccccccccccccccccccccccccccccccccccccccccccccccccccccccccccccccccccccccccccccccccccccccccccccccccccccccccccccccccccccccccccccccccccccccccccccccccccccccccccccccccccccccccccccccccccccccccccccccccccccccccccccccccccccc

[Output truncated at 10000 chars. Total: 12000 chars.]" to match the regexp "head", but instead it was "cccccccccccccccccccccccccccccccccccccccccccccccccccccccccccccccccccccccccccccccccccccccccccccccccccccccccccccccccccccccccccccccccccccccccccccccccccccccccccccccccccccccccccccccccccccccccccccccccccccccccccccccccccccccccccccccccccccccccccccccccccccccccccccccccccccccccccccccccccccccccccccccccccccccccccccccccccccccccccccccccccccccccccccccccccccccccccccccccccccccccccccccccccccccccccccccccccccccccccccccccccccccccccccccccccccccccccccccccccccccccccccccccccccccccccccccccccccccccccccccccccccccccccccccccccccccccccccccccccccccccccccccccccccccccccccccccccccccccccccccccccccccccccccccccccccccccccccccccccccccccccccccccccccccccccccccccccccccccccccccccccccccccccccccccccccccccccccccccccccccccccccccccccccccccccccccccccccccccccccccccccccccccccccccccccccccccccccccccccccccccccccccccccccccccccccccccccccccccccccccccccccccccccccccccccccccccccccccccccccccccccccccccccccccccccccccccccccccccccccccccccccccccccccccccccccccccccccccccccccccccccccccccccccccccccccccccccccccccccccccccccccccccccccccccccccccccccccccccccccccccccccccccccccccccccccccccccccccccccccccccccccccccccccccccccccccccccccccccccccccccccccccccccccccccccccccccccccccccccccccccccccccccccccccccccccccccccccccccccccccccccccccccccccccccccccccccccccccccccccccccccccccccccccccccccccccccccccccccccccccccccccccccccccccccccccccccccccccccccccccccccccccccccccccccccccccccccccccccccccccccccccccccccccccccccccccccccccccccccccccccccccccccccccccccccccccccccccccccccccccccccccccccccccccccccccccccccccccccccccccccccccccccccccccccccccccccccccccccccccccccccccccccccccccccccccccccccccccccccccccccccccccccccccccccccccccccccccccccccccccccccccccccccccccccccccccccccccccccccccccccccccccccccccccccccccccccccccccccccccccccccccccccccccccccccccccccccccccccccccccccccccccccccccccccccccccccccccccccccccccccccccccccccccccccccccccccccccccccccccccccccccccccccccccccccccccccccccccccccccccccccccccccccccccccccccccccccccccccccccccccccccccccccccccccccccccccccccccccccccccccccccccccccccccccccccccccccccccccccccccccccccccccccccccccccccccccccccccccccccccccccccccccccccccccccccccccccccccccccccccccccccccccccccccccccccccccccccccccccccccccccccccccccccccccccccccccccccccccccccccccccccccccccccccccccccccccccccccccccccccccccccccccccccccccccccccccccccccccccccccccccccccccccccccccccccccccccccccccccccccccccccccccccccccccccccccccccccccccccccccccccccccccccccccccccccccccccccccccccccccccccccccccccccccccccccccccccccccccccccccccccccccccccccccccccccccccccccccccccccccccccccccccccccccccccccccccccccccccccccccccccccccccccccccccccccccccccccccccccccccccccccccccccccccccccccccccccccccccccccccccccccccccccccccccccccccccccccccccccccccccccccccccccccccccccccccccccccccccccccccccccccccccccccccccccccccccccccccccccccccccccccccccccccccccccccccccccccccccccccccccccccccccccccccccccccccccccccccccccccccccccccccccccccccccccccccccccccccccccccccccccccccccccccccccccccccccccccccccccccccccccccccccccccccccccccccccccccccccccccccccccccccccccccccccccccccccccccccccccccccccccccccccccccccccccccccccccccccccccccccccccccccccccccccccccccccccccccccccccccccccccccccccccccccccccccccccccccccccccccccccccccccccccccccccccccccccccccccccccccccccccccccccccccccccccccccccccccccccccccccccccccccccccccccccccccccccccccccccccccccccccccccccccccccccccccccccccccccccccccccccccccccccccccccccccccccccccccccccccccccccccccccccccccccccccccccccccccccccccccccccccccccccccccccccccccccccccccccccccccccccccccccccccccccccccccccccccccccccccccccccccccccccccccccccccccccccccccccccccccccccccccccccccccccccccccccccccccccccccccccccccccccccccccccccccccccccccccccccccccccccccccccccccccccccccccccccccccccccccccccccccccccccccccccccccccccccccccccccccccccccccccccccccccccccccccccccccccccccccccccccccccccccccccccccccccccccccccccccccccccccccccccccccccccccccccccccccccccccccccccccccccccccccccccccccccccccccccccccccccccccccccccccccccccccccccccccccccccccccccccccccccccccccccccccccccccccccccccccccccccccccccccccccccccccccccccccccccccccccccccccccccccccccccccccccccccccccccccccccccccccccccccccccccccccccccccccccccccccccccccccccccccccccccccccccccccccccccccccccccccccccccccccccccccccccccccccccccccccccccccccccccccccccccccccccccccccccccccccccccccccccccccccccccccccccccccccccccccccccccccccccccccccccccccccccccccccccccccccccccccccccccccccccccccccccccccccccccccccccccccccccccccccccccccccccccccccccccccccccccccccccccccccccccccccccccccccccccccccccccccccccccccccccccccccccccccccccccccccccccccccccccccccccccccccccccccccccccccccccccccccccccccccccccccccccccccccccccccccccccccccccccccccccccccccccccccccccccccccccccccccccccccccccccccccccccccccccccccccccccccccccccccccccccccccccccccccccccccccccccccccccccccccccccccccccccccccccccccccccccccccccccccccccccccccccccccccccccccccccccccccccccccccccccccccccccccccccccccccccccccccccccccccccccccccccccccccccccccccccccccccccccccccccccccccccccccccccccccccccccccccccccccccccccccccccccccccccccccccccccccccccccccccccccccccccccccccccccccccccccccccccccccccccccccccccccccccccccccccccccccccccccccccccccccccccccccccccccccccccccccccccccccccccccccccccccccccccccccccccccccccccccccccccccccccccccccccccccccccccccccccccccccccccccccccccccccccccccccccccccccccccccccccccccccccccccccccccccccccccccccccccccccccccccccccccccccccccccccccccccccccccccccccccccccccccccccccccccccccccccccccccccccccccccccccccccccccccccccccccccccccccccccccccccccccccccccccccccccccccccccccccccccccccccccccccccccccccccccccccccccccccccccccccccccccccccccccccccccccccccccccccccccccccccccccccccccccccccccccccccccccccccccccccccccccccccccccccccccccccccccccccccccccccccccccccccccccccccccccccccccccccccccccccccccccccccccccccccccccccccccccccccccccccccccccccccccccccccccccccccccccccccccccccccccccccccccccccccccccccccccccccccccccccccccccccccccccccccccccccccccccccccccccccccccccccccccccccccccccccccccccccccccccccccccccccccccccccccccccccccccccccccccccccccccccccccccccccccccccccccccccccccccccccccccccccccccccccccccccccccccccccccccccccccccccccccccccccccccccccccccccccccccccccccccccccccccccccccccccccccccccccccccccccccccccccccccccccccccccccccccccccccccccccccccccccccccccccccccccccccccccccccccccccccccccccccccccccccccccccccccccccccccccccccccccccccccccccccccccccccccccccccccccccccccccccccccccccccccccccccccccccccccccccccccccccccccccccccccccccccccccccccccccccccccccccccccccccccccccccccccccccccccccccccccccccccccccccccccccccccccccccccccccccccccccccccccccccccccccccccccccccccccccccccccccccccccccccccccccccccccccccccccccccccccccccccccccccccccccccccccccccccccccccccccccccccccccccccccccccccccccccccccccccccccccccccccccccccccccccccccccccccccccccccccccccccccccccccccccccccccccccccccccccccccccccccccccccccccccccccccccccccccccccccccccccccccccccccccccccccccccccccccccccccccccccccccccccccccccccccccccccccccccccccccccccccccccccccccccccccccccccccccccccccccccccccccccccccccccccccccccccccccccccccccccccccccccccccccccccccccccccccccccccccccccccccccccccccccccccccccccccccccccccccccccccccccccccccccccccccccccccccccccccccccccccccccccccccccccccccccccccccccccccccccccccccccccccccccccccccccccccccccccccccccccccccccccccccccccccccccccccccccccccccccccccccccccccccccccccccccccccccccccccccccccccccccccccccccccccccccccccccccccccccccccccccccccccccccccccccccccccccccccccccccccccccccccccccccccccccccccccccccccccccccccccccccccccccccccccccccccccccccccccccccccccccccccccccccccccccccccccccccccccccccccccccccccccccccccccccccccccccccccccccccccccccccccccccccccccccccccccccccccccccccccccccccccccccccccccccccccccccccccccccccccccccccccccccccccccccccccccccccccccccccccccccccccccccccccccccccccccccccccccccccccccccccccccccccccccccccccccccccccccccccccccccccccccccccccccccccccccccccccccccccccccccccccccccccccccccccccccccccccccccccccccccccccccccccccccccccccccccccccccccccccccccccccccccccccccccccccccccccccccccccccccccccccccccccccccccccccccccccccccccccccccccccccccccccccccccccccccccccccccccccccccccccccccccccccccccccccccccccccccccccccccccccccccccccccccccccccccccccccccccccccccccccccccccccccccccccccccccccccccccccccccccccccccccccccccccccccccccccccccccccccccccccccccccccccccccccccccccccccccccccccccccccccccccccccccccccccccccccccccccccccccccccccccccccccccccccccccccccccccccccccccccccccccccccccccccccccccccccccccccccccccccccccccccccccccccccccccccccccccccccccccccccccccccccccccccccccccccccccccccccccccccccccccccccccccccccccccccccccccccccccccccccccccccccccccccccccccccccccccccccccccccccccccccccccccccccccccccccccccccccccccccccccccccccccccccccccccccccccccccccccccccccccccccccccccccccccccccccccccccccccccccccccccccccccccccccccccccccccccccccccccccccccccccccccccccccccccccccccccccccccccccccccccccccccccccccccccccccccccccccccccccccccccccccccccccccccccccccccccccccccccccccccccccccccccccccccccccccccccccccccccccccccccccccccccccccccccccccccccccccccccccccccccccccccccccccccccccccccccccccccccccccccccccccccccccccccccccccccccccccccccccccccccccccccccccccccccccccccccccccccccccccccccccccccccccccccccccccccccccccccccccccccccccccccccccccccccccccccccccccccccccccccccccccccccccccccccccccccccccccccccccccccccccccccccccccccccccccccccccccccccccccccccccccccccccccccccccccccccccccccccccccccccccccccccccccccccccccccccccccccccccccccccccccccccccccccccccccccccccccccccccccccccccccccccccccccccccccccccccccccccccccccccccccccccccccccccccccccccccccccccccccccccccccccccccccccccccccccccccccccccccccccccccccccccccccccccccccccccccccccccccccccccccccccccccccccccccccccccccccccccccccccccccccccccccccccccccccccccccccccccccccccccccccccccccccccccccccccccccccccccccccccccccccccccccccccccccccccccccccccccccccccccccccccccccccccccccccccccccccccccccccccccccccccccccccccccccccccccccccccccccccccccccccccccccccccccccccccccccccccccccccccccccccccccccccccccccccccccccccccccccccccccccccccccccccccccccccccccccccccccccccccccccccccccccccccccccccccccccccccccccccccccccccccccccccccccccccccccccccccccccccccccccccccccccccccccccccccccccccccccccccccccccccccccccccccccccccccccccccccccccccccccccccccccccccccccccccccccccccccccccccccccccccccccccccccccccccccccccccccccccccccccccccccccccccccccccccccccccccccccccccccccccccccccccccccccccccccccccccccccccccccccccccccccccccccccccccccccccccccccccccccccccccccccccccccccccccccccccccccccccccccccccccccccccccccccccccccccccccccccccccccccccccccccccccccccccccccccccccccccccccccccccccccccccccccccccccccccccccccccccccccccccccccccccccccccccccccccccccccccccccccccccccccccccccccccccccccccccccccccccccccccccccccccccccccccccccccccccccccccccccccccccccccccccccccccccccccccccccccccccccccccccccccccccccccccccccccccccccccccccccccccccccccccccccccccccccccccccccccccccccccccccccccccccccccccccccccccccccccccccccccccccccccccccccc

[Output truncated at 10000 chars. Total: 12000 chars.]".

Ran 1321 out of 1322 specs, [31m3 failed[0m, in 2.71s.
Debugger entered--Lisp error: (buttercup-run-specs-failed "")
  buttercup--run-suites((... ... ... ... ... ... ... ... ... ... ... ... ... ... ...) nil)
  buttercup-run()
  (progn (let ((tail test-files)) (while tail (let ((file (car tail))) (message "Loading Buttercup test: %s" file) (load-file file) (setq tail (cdr tail))))) (buttercup-run))
  (if test-files (progn (let ((tail test-files)) (while tail (let ((file (car tail))) (message "Loading Buttercup test: %s" file) (load-file file) (setq tail (cdr tail))))) (buttercup-run)) (message "No Buttercup test files found"))
  (let ((backtrace-on-error-noninteractive nil) (test-files (jf/test-find-buttercup-test-files))) (if test-files (progn (let ((tail test-files)) (while tail (let ((file ...)) (message "Loading Buttercup test: %s" file) (load-file file) (setq tail (cdr tail))))) (buttercup-run)) (message "No Buttercup test files found")))
  jf/test-run-all-buttercup-batch()
  eval((jf/test-run-all-buttercup-batch) t)
  command-line-1(("--load" "/Users/jefffarr/emacs-gptel-shell-mode/early-init.el" "--load" "/Users/jefffarr/emacs-gptel-shell-mode/init.el" "-l" "/Users/jefffarr/emacs-gptel-shell-mode/config/core/testing.el" "--eval" "(jf/test-run-all-buttercup-batch)"))
  command-line()
  normal-top-level()

make: *** [emacs-test-eval] Error 255
